
> nfl-historical-db@0.1.0 test
> vitest run


[1m[46m RUN [49m[22m [36mv4.0.18 [39m[90m/sessions/kind-gifted-mayer/nfl-historical-db[39m

 [32m✓[39m src/__tests__/home-advantage.test.ts [2m([22m[2m20 tests[22m[2m)[22m[32m 4[2mms[22m[39m
 [32m✓[39m src/__tests__/matchup-comparison.test.tsx [2m([22m[2m22 tests[22m[2m)[22m[32m 151[2mms[22m[39m
 [32m✓[39m src/__tests__/game-detail.test.tsx [2m([22m[2m26 tests[22m[2m)[22m[32m 160[2mms[22m[39m
 [32m✓[39m src/__tests__/playoff-dashboard.test.tsx [2m([22m[2m22 tests[22m[2m)[22m[32m 144[2mms[22m[39m
 [32m✓[39m src/__tests__/records-dashboard.test.tsx [2m([22m[2m15 tests[22m[2m)[22m[32m 83[2mms[22m[39m
 [32m✓[39m src/__tests__/schedule-dashboard.test.tsx [2m([22m[2m20 tests[22m[2m)[22m[32m 122[2mms[22m[39m
 [31m❯[39m src/__tests__/scoring-distribution.test.ts [2m([22m[2m18 tests[22m[2m | [22m[31m3 failed[39m[2m)[22m[32m 8[2mms[22m[39m
       [32m✓[39m returns empty distribution for empty games[32m 1[2mms[22m[39m
       [32m✓[39m computes total games count[32m 0[2mms[22m[39m
       [32m✓[39m computes overall average total[32m 0[2mms[22m[39m
[31m       [31m×[31m computes score distribution buckets[39m[32m 4[2mms[22m[39m
[31m       [31m×[31m computes percentages correctly[39m[32m 0[2mms[22m[39m
       [32m✓[39m computes margin distribution[32m 0[2mms[22m[39m
       [32m✓[39m groups games by era/decade[32m 0[2mms[22m[39m
[31m       [31m×[31m computes era statistics[39m[32m 0[2mms[22m[39m
       [32m✓[39m analyzes by day of week[32m 0[2mms[22m[39m
       [32m✓[39m compares primetime vs regular[32m 0[2mms[22m[39m
       [32m✓[39m calculates primetime averages[32m 0[2mms[22m[39m
       [32m✓[39m calculates regular season averages[32m 0[2mms[22m[39m
       [32m✓[39m handles single game[32m 0[2mms[22m[39m
       [32m✓[39m handles playoff games in statistics[32m 0[2mms[22m[39m
       [32m✓[39m handles all primetime games[32m 0[2mms[22m[39m
       [32m✓[39m handles all regular season games[32m 0[2mms[22m[39m
       [32m✓[39m eras are sorted by decade descending[32m 0[2mms[22m[39m
       [32m✓[39m day of week preserves order[32m 0[2mms[22m[39m
[2m7:44:05 AM[22m [33m[1m[vite][22m[39m (client) warning: Duplicate key "TB" in object literal
115|      "PANTHERS": "Carolina Panthers",
116|      "CAROLINA": "Carolina Panthers",
117|      "TB": "Tampa Bay Buccaneers",
   |      ^
118|      "DEN": "Denver Broncos",
119|      "BRONCOS": "Denver Broncos",

  Plugin: vite:esbuild
  File: /sessions/kind-gifted-mayer/nfl-historical-db/src/lib/search.ts
[2m7:44:05 AM[22m [33m[1m[vite][22m[39m (client) warning: Duplicate key "KC" in object literal
127|      "OAKLAND": "Oakland Raiders",
128|      "LAS VEGAS": "Las Vegas Raiders",
129|      "KC": "Kansas City Chiefs",
   |      ^
130|    };
131|  

  Plugin: vite:esbuild
  File: /sessions/kind-gifted-mayer/nfl-historical-db/src/lib/search.ts
 [31m❯[39m src/__tests__/search.test.ts [2m([22m[2m33 tests[22m[2m | [22m[31m6 failed[39m[2m)[22m[32m 9[2mms[22m[39m
       [32m✓[39m normalizes abbreviation[32m 1[2mms[22m[39m
       [32m✓[39m normalizes nickname[32m 0[2mms[22m[39m
       [32m✓[39m normalizes city name[32m 0[2mms[22m[39m
       [32m✓[39m is case-insensitive[32m 0[2mms[22m[39m
       [32m✓[39m returns null for invalid team[32m 0[2mms[22m[39m
       [32m✓[39m parses 30+ format[32m 0[2mms[22m[39m
       [32m✓[39m parses 20-30 range format[32m 0[2mms[22m[39m
       [32m✓[39m parses plain number[32m 0[2mms[22m[39m
       [32m✓[39m trims whitespace[32m 0[2mms[22m[39m
[31m       [31m×[31m returns null for invalid input[39m[32m 3[2mms[22m[39m
       [32m✓[39m parses since format[32m 0[2mms[22m[39m
       [32m✓[39m parses range format[32m 0[2mms[22m[39m
       [32m✓[39m parses plain year[32m 0[2mms[22m[39m
       [32m✓[39m is case-insensitive for since[32m 0[2mms[22m[39m
[31m       [31m×[31m returns null for invalid input[39m[32m 0[2mms[22m[39m
       [32m✓[39m parses single team[32m 0[2mms[22m[39m
       [32m✓[39m parses multiple teams[32m 0[2mms[22m[39m
       [32m✓[39m parses team with abbreviation[32m 0[2mms[22m[39m
       [32m✓[39m parses score range[32m 0[2mms[22m[39m
       [32m✓[39m parses score range with team[32m 0[2mms[22m[39m
[31m       [31m×[31m parses season range[39m[32m 0[2mms[22m[39m
       [32m✓[39m parses since format[32m 0[2mms[22m[39m
[31m       [31m×[31m parses complex query[39m[32m 0[2mms[22m[39m
       [32m✓[39m parses week format[32m 0[2mms[22m[39m
       [32m✓[39m parses query with week and team[32m 0[2mms[22m[39m
[31m       [31m×[31m ignores unrecognized tokens[39m[32m 0[2mms[22m[39m
       [32m✓[39m returns empty filters for empty input[32m 0[2mms[22m[39m
       [32m✓[39m handles whitespace[32m 0[2mms[22m[39m
       [32m✓[39m avoids duplicate teams[32m 0[2mms[22m[39m
       [32m✓[39m parses two-word team names[32m 0[2mms[22m[39m
       [32m✓[39m parses New York Giants[32m 0[2mms[22m[39m
       [32m✓[39m parses San Francisco 49ers[32m 0[2mms[22m[39m
[31m       [31m×[31m handles mixed case input[39m[32m 0[2mms[22m[39m
 [31m❯[39m src/__tests__/scoring-dashboard.test.tsx [2m([22m[2m20 tests[22m[2m | [22m[31m5 failed[39m[2m)[22m[32m 271[2mms[22m[39m
     [32m✓[39m renders loading state[32m 12[2mms[22m[39m
     [32m✓[39m renders error state[32m 2[2mms[22m[39m
     [32m✓[39m returns null when no analysis provided[32m 1[2mms[22m[39m
[31m     [31m×[31m renders overview stat boxes[39m[32m 33[2mms[22m[39m
     [32m✓[39m renders score distribution section[32m 19[2mms[22m[39m
     [32m✓[39m renders margin distribution section[32m 12[2mms[22m[39m
     [32m✓[39m renders era comparison section[32m 14[2mms[22m[39m
     [32m✓[39m renders day of week section[32m 17[2mms[22m[39m
     [32m✓[39m renders primetime comparison section[32m 21[2mms[22m[39m
[31m     [31m×[31m displays primetime game count[39m[32m 20[2mms[22m[39m
     [32m✓[39m renders era statistics correctly[32m 10[2mms[22m[39m
[31m     [31m×[31m renders day of week statistics[39m[32m 13[2mms[22m[39m
     [32m✓[39m renders primetime vs regular comparison data[32m 10[2mms[22m[39m
[31m     [31m×[31m shows distribution percentages[39m[32m 16[2mms[22m[39m
     [32m✓[39m displays margin distribution counts[32m 12[2mms[22m[39m
     [32m✓[39m renders all era labels[32m 13[2mms[22m[39m
     [32m✓[39m renders all day labels[32m 17[2mms[22m[39m
[31m     [31m×[31m displays home and away averages[39m[32m 8[2mms[22m[39m
     [32m✓[39m renders score range description[32m 5[2mms[22m[39m
     [32m✓[39m renders average margin statistic[32m 15[2mms[22m[39m
 [32m✓[39m src/__tests__/team-profile.test.tsx [2m([22m[2m23 tests[22m[2m)[22m[32m 141[2mms[22m[39m
 [32m✓[39m src/__tests__/trends-dashboard.test.tsx [2m([22m[2m24 tests[22m[2m)[22m[32m 124[2mms[22m[39m
 [32m✓[39m src/__tests__/standings-dashboard.test.tsx [2m([22m[2m21 tests[22m[2m)[22m[32m 119[2mms[22m[39m
 [32m✓[39m src/__tests__/sync-panel.test.tsx [2m([22m[2m13 tests[22m[2m)[22m[32m 80[2mms[22m[39m
 [32m✓[39m src/__tests__/dashboard.test.tsx [2m([22m[2m27 tests[22m[2m)[22m[32m 66[2mms[22m[39m
 [31m❯[39m src/__tests__/home-advantage-dashboard.test.tsx [2m([22m[2m21 tests[22m[2m | [22m[31m16 failed[39m[2m)[22m[33m 381[2mms[22m[39m
     [32m✓[39m renders loading state[32m 10[2mms[22m[39m
     [32m✓[39m renders error state[32m 1[2mms[22m[39m
     [32m✓[39m renders null when no data[32m 1[2mms[22m[39m
[31m     [31m×[31m displays overall home win percentage[39m[32m 14[2mms[22m[39m
[31m     [31m×[31m displays home cover percentage[39m[32m 15[2mms[22m[39m
[31m     [31m×[31m displays scoring advantage[39m[32m 14[2mms[22m[39m
     [32m✓[39m displays regular season home win rate[32m 11[2mms[22m[39m
     [32m✓[39m displays playoff home win rate[32m 8[2mms[22m[39m
[31m     [31m×[31m displays dome advantage[39m[32m 20[2mms[22m[39m
[31m     [31m×[31m displays outdoor advantage[39m[32m 19[2mms[22m[39m
[31m     [31m×[31m displays day of week breakdown[39m[32m 24[2mms[22m[39m
[31m     [31m×[31m displays primetime breakdown[39m[32m 25[2mms[22m[39m
[31m     [31m×[31m displays season trend table[39m[32m 20[2mms[22m[39m
[31m     [31m×[31m displays best home teams table[39m[32m 33[2mms[22m[39m
[31m     [31m×[31m displays worst home teams table[39m[32m 19[2mms[22m[39m
[31m     [31m×[31m handles empty dome/outdoor data[39m[32m 20[2mms[22m[39m
[31m     [31m×[31m handles empty season trends[39m[32m 26[2mms[22m[39m
[31m     [31m×[31m handles empty day of week breakdown[39m[32m 24[2mms[22m[39m
[31m     [31m×[31m handles empty primetime breakdown[39m[32m 24[2mms[22m[39m
[31m     [31m×[31m handles empty best home teams[39m[32m 25[2mms[22m[39m
[31m     [31m×[31m handles empty worst home teams[39m[32m 27[2mms[22m[39m
 [32m✓[39m src/__tests__/auth.test.tsx [2m([22m[2m6 tests[22m[2m)[22m[32m 45[2mms[22m[39m
 [32m✓[39m src/__tests__/standings-page.test.tsx [2m([22m[2m4 tests[22m[2m)[22m[32m 21[2mms[22m[39m
 [32m✓[39m src/__tests__/matchups-page.test.tsx [2m([22m[2m5 tests[22m[2m)[22m[32m 32[2mms[22m[39m
 [32m✓[39m src/__tests__/admin-page.test.tsx [2m([22m[2m2 tests[22m[2m)[22m[32m 18[2mms[22m[39m
 [32m✓[39m src/__tests__/smoke.test.tsx [2m([22m[2m1 test[22m[2m)[22m[32m 14[2mms[22m[39m
 [32m✓[39m src/__tests__/records-page.test.tsx [2m([22m[2m2 tests[22m[2m)[22m[32m 15[2mms[22m[39m
 [32m✓[39m src/__tests__/playoff-page.test.tsx [2m([22m[2m2 tests[22m[2m)[22m[32m 16[2mms[22m[39m
 [32m✓[39m src/__tests__/trends-page.test.tsx [2m([22m[2m2 tests[22m[2m)[22m[32m 17[2mms[22m[39m
 [32m✓[39m src/__tests__/schedule-page.test.tsx [2m([22m[2m2 tests[22m[2m)[22m[32m 17[2mms[22m[39m
 [32m✓[39m src/__tests__/cfb-api.test.ts [2m([22m[2m17 tests[22m[2m)[22m[32m 13[2mms[22m[39m
 [32m✓[39m src/__tests__/cbb-api.test.ts [2m([22m[2m15 tests[22m[2m)[22m[32m 11[2mms[22m[39m
 [32m✓[39m src/__tests__/schedule.test.ts [2m([22m[2m26 tests[22m[2m)[22m[32m 9[2mms[22m[39m
 [32m✓[39m src/__tests__/sync-nfl.test.ts [2m([22m[2m19 tests[22m[2m)[22m[32m 10[2mms[22m[39m
 [32m✓[39m src/__tests__/trends.test.ts [2m([22m[2m20 tests[22m[2m)[22m[32m 4[2mms[22m[39m
 [32m✓[39m src/__tests__/schemas.test.ts [2m([22m[2m53 tests[22m[2m)[22m[32m 9[2mms[22m[39m
 [32m✓[39m src/__tests__/matchups.test.ts [2m([22m[2m24 tests[22m[2m)[22m[32m 8[2mms[22m[39m
 [32m✓[39m src/__tests__/schema.test.ts [2m([22m[2m11 tests[22m[2m)[22m[32m 5[2mms[22m[39m
 [32m✓[39m src/__tests__/standings.test.ts [2m([22m[2m23 tests[22m[2m)[22m[32m 5[2mms[22m[39m
 [32m✓[39m src/__tests__/migration.test.ts [2m([22m[2m30 tests[22m[2m)[22m[32m 4[2mms[22m[39m
 [32m✓[39m src/__tests__/records.test.ts [2m([22m[2m20 tests[22m[2m)[22m[32m 4[2mms[22m[39m
 [32m✓[39m src/__tests__/playoff-stats.test.ts [2m([22m[2m23 tests[22m[2m)[22m[32m 4[2mms[22m[39m
 [32m✓[39m src/__tests__/sportsradar-client.test.ts [2m([22m[2m12 tests[22m[2m)[22m[33m 4008[2mms[22m[39m
     [33m[2m✓[22m[39m throws on non-ok, non-429 responses [33m 3003[2mms[22m[39m
     [33m[2m✓[22m[39m retries on 429 status [33m 1001[2mms[22m[39m
 [32m✓[39m src/__tests__/queries.test.ts [2m([22m[2m34 tests[22m[2m)[22m[32m 4[2mms[22m[39m
 [32m✓[39m src/__tests__/team-stats.test.ts [2m([22m[2m31 tests[22m[2m)[22m[32m 4[2mms[22m[39m
 [31m❯[39m src/__tests__/home-advantage-page.test.tsx [2m([22m[2m0 test[22m[2m)[22m
 [32m✓[39m src/__tests__/scoring-page.test.tsx [2m([22m[2m2 tests[22m[2m)[22m[32m 14[2mms[22m[39m

[31m⎯⎯⎯⎯⎯⎯[39m[1m[41m Failed Suites 1 [49m[22m[31m⎯⎯⎯⎯⎯⎯⎯[39m

[41m[1m FAIL [22m[49m src/__tests__/home-advantage-page.test.tsx[2m [ src/__tests__/home-advantage-page.test.tsx ][22m
[31m[1mError[22m: Transform failed with 1 error:
/sessions/kind-gifted-mayer/nfl-historical-db/src/app/home-advantage/page.tsx:6:39: ERROR: Expected "(" but found "age"[39m
  Plugin: [35mvite:esbuild[39m
  File: [36m/sessions/kind-gifted-mayer/nfl-historical-db/src/app/home-advantage/page.tsx[39m:6:39
[33m  
  Expected "(" but found "age"
  4  |  import HomeAdvantageDashboard from "@/components/home-advantage-dashboard";
  5  |  
  6  |  export default function HomeAdvantageP age() {
     |                                         ^
  7  |    const { data, isLoading, isError } = useHomeAdvantage();
  8  |  
  [39m
[90m [2m❯[22m failureErrorWithLog node_modules/esbuild/lib/main.js:[2m1467:15[22m[39m
[90m [2m❯[22m node_modules/esbuild/lib/main.js:[2m736:50[22m[39m
[90m [2m❯[22m responseCallbacks.<computed> node_modules/esbuild/lib/main.js:[2m603:9[22m[39m
[90m [2m❯[22m handleIncomingPacket node_modules/esbuild/lib/main.js:[2m658:12[22m[39m
[90m [2m❯[22m Socket.readFromStdout node_modules/esbuild/lib/main.js:[2m581:7[22m[39m

[31m[2m⎯⎯⎯⎯⎯⎯⎯⎯⎯⎯⎯⎯⎯⎯⎯⎯⎯⎯⎯⎯⎯⎯⎯[1/31]⎯[22m[39m


[31m⎯⎯⎯⎯⎯⎯[39m[1m[41m Failed Tests 30 [49m[22m[31m⎯⎯⎯⎯⎯⎯⎯[39m

[41m[1m FAIL [22m[49m src/__tests__/home-advantage-dashboard.test.tsx[2m > [22mHomeAdvantageDashboard[2m > [22mdisplays overall home win percentage
[31m[1mTestingLibraryElementError[22m[39m: Unable to find an element with the text: 57.5%. This could be because the text is broken up by multiple elements. In this case, you can provide a function for your text matcher to make your matcher more flexible.

Ignored nodes: comments, script, style
[36m<body>[39m
  [36m<div>[39m
    [36m<div[39m
      [33mclass[39m=[32m"flex items-center justify-center py-20"[39m
    [36m>[39m
      [36m<p[39m
        [33mclass[39m=[32m"text-sm text-[#5a6a7a]"[39m
      [36m>[39m
        [0mLoading home advantage data...[0m
      [36m</p>[39m
    [36m</div>[39m
  [36m</div>[39m
  [36m<div>[39m
    [36m<div[39m
      [33mclass[39m=[32m"flex items-center justify-center py-20"[39m
    [36m>[39m
      [36m<p[39m
        [33mclass[39m=[32m"text-sm text-[#ef4444]"[39m
      [36m>[39m
        [0mFailed to load home advantage data.[0m
      [36m</p>[39m
    [36m</div>[39m
  [36m</div>[39m
  [36m<div />[39m
  [36m<div>[39m
    [36m<div[39m
      [33mclass[39m=[32m"space-y-6"[39m
    [36m>[39m
      [36m<div[39m
        [33mclass[39m=[32m"grid grid-cols-2 gap-3 sm:grid-cols-3 lg:grid-cols-4"[39m
      [36m>[39m
        [36m<div[39m
          [33mclass[39m=[32m"flex flex-col items-center rounded-lg border border-[#1e2a45] bg-[#141b2d] px-4 py-4"[39m
        [36m>[39m
          [36m<span[39m
            [33mclass[39m=[32m"text-xs font-medium uppercase tracking-wider text-[#5a6a7a]"[39m
          [36m>[39m
            [0mHome Win %[0m
          [36m</span>[39m
          [36m<span[39m
            [33mclass[39m=[32m"mt-1 text-xl font-bold text-[#f0f0f0]"[39m
          [36m/>[39m
          [36m<span[39m
            [33mclass[39m=[32m"mt-0.5 text-xs text-[#8899aa]"[39m
          [36m>[39m
            [0mall games[0m
          [36m</span>[39m
        [36m</div>[39m
        [36m<div[39m
          [33mclass[39m=[32m"flex flex-col items-center rounded-lg border border-[#1e2a45] bg-[#141b2d] px-4 py-4"[39m
        [36m>[39m
          [36m<span[39m
            [33mclass[39m=[32m"text-xs font-medium uppercase tracking-wider text-[#5a6a7a]"[39m
          [36m>[39m
            [0mHome Cover %[0m
          [36m</span>[39m
          [36m<span[39m
            [33mclass[39m=[32m"mt-1 text-xl font-bold text-[#f0f0f0]"[39m
          [36m/>[39m
          [36m<span[39m
            [33mclass[39m=[32m"mt-0.5 text-xs text-[#8899aa]"[39m
          [36m>[39m
            [0mwhen spread exists[0m
          [36m</span>[39m
        [36m</div>[39m
        [36m<div[39m
          [33mclass[39m=[32m"flex flex-col items-center rounded-lg border border-[#1e2a45] bg-[#141b2d] px-4 py-4"[39m
        [36m>[39m
          [36m<span[39m
            [33mclass[39m=[32m"text-xs font-medium uppercase tracking-wider text-[#5a6a7a]"[39m
          [36m>[39m
            [0mScoring Advantage[0m
          [36m</span>[39m
          [36m<span[39m
            [33mclass[39m=[32m"mt-1 text-xl font-bold text-[#f0f0f0]"[39m
          [36m/>[39m
          [36m<span[39m
            [33mclass[39m=[32m"mt-0.5 text-xs text-[#8899aa]"[39m
          [36m>[39m
            [0mpoints per game[0m
          [36m</span>[39m
        [36m</div>[39m
        [36m<div[39m
          [33mclass[39m=[32m"flex flex-col items-center rounded-lg border border-[#1e2a45] bg-[#141b2d] px-4 py-4"[39m
        [36m>[39m
          [36m<span[39m
            [33mclass[39m=[32m"text-xs font-medium uppercase tracking-wider text-[#5a6a7a]"[39m
          [36m>[39m
            [0mPlayoff vs Regular[0m
          [36m</span>[39m
          [36m<span[39m
            [33mclass[39m=[32m"mt-1 text-xl font-bold text-[#f0f0f0]"[39m
          [36m/>[39m
          [36m<span[39m
            [33mclass[39m=[32m"mt-0.5 text-xs text-[#8899aa]"[39m
          [36m>[39m
            [0mregular season[0m
          [36m</span>[39m
        [36m</div>[39m
      [36m</div>[39m
      [36m<div[39m
        [33mclass[39m=[32m"grid gap-4 md:grid-cols-2"[39m
      [36m>[39m
        [36m<div[39m
          [33mclass[39m=[32m"rounded-lg border border-[#1e2a45] bg-[#141b2d]"[39m
        [36m>[39m
          [36m<div[39m
            [33mclass[39m=[32m"border-b border-[#1e2a45] px-5 py-3"[39m
          [36m>[39m
            [36m<h3[39m
              [33mclass[39m=[32m"text-xs font-semibold uppercase tracking-wider text-[#5a6a7a]"[39m
            [36m>[39m
              [0mRegular Season Home Advantage[0m
            [36m</h3>[39m
          [36m</div>[39m
          [36m<div[39m
            [33mclass[39m=[32m"px-5 py-4"[39m
          [36m>[39m
            [36m<div[39m
              [33mclass[39m=[32m"flex items-center justify-between py-2"[39m
            [36m>[39m
              [36m<span[39m
                [33mclass[39m=[32m"text-sm text-[#8899aa]"[39m
              [36m>[39m
                [0mHome Win %[0m
              [36m</span>[39m
              [36m<span[39m
                [33mclass[39m=[32m"text-sm font-medium text-[#22c55e]"[39m
              [36m>[39m
                [0m57.0%[0m
              [36m</span>[39m
            [36m</div>[39m
          [36m</div>[39m
        [36m</div>[39m
        [36m<div[39m
          [33mclass[39m=[32m"rounded-lg border border-[#1e2a45] bg-[#141b2d]"[39m
        [36m>[39m
          [36m<div[39m
            [33mclass[39m=[32m"border-b border-[#1e2a45] px-5 py-3"[39m
          [36m>[39m
            [36m<h3[39m
              [33mclass[39m=[32m"text-xs font-semibold uppercase tracking-wider text-[#5a6a7a]"[39m
            [36m>[39m
              [0mPlayoff Home Advantage[0m
            [36m</h3>[39m
          [36m</div>[39m
          [36m<div[39m
            [33mclass[39m=[32m"px-5 py-4"[39m
          [36m>[39m
            [36m<div[39m
              [33mclass[39m=[32m"flex items-center justify-between py-2"[39m
            [36m>[39m
              [36m<span[39m
                [33mclass[39m=[32m"text-sm text-[#8899aa]"[39m
              [36m>[39m
                [0mHome Win %[0m
              [36m</span>[39m
              [36m<span[39m
                [33mclass[39m=[32m"text-sm font-medium text-[#22c55e]"[39m
              [36m>[39m
                [0m60.0%[0m
              [36m</span>[39m
            [36m</div>[39m
          [36m</div>[39m
        [36m</div>[39m
      [36m</div>[39m
      [36m<div[39m
        [33mclass[39m=[32m"grid gap-4 md:grid-cols-2"[39m
      [36m>[39m
        [36m<div[39m
          [33mclass[39m=[32m"rounded-lg border border-[#1e2a45] bg-[#141b2d]"[39m
        [36m>[39m
          [36m<div[39m
            [33mclass[39m=[32m"border-b border-[#1e2a45] px-5 py-3"[39m
          [36m>[39m
            [36m<h3[39m
              [33mclass[39m=[32m"text-xs font-semibold uppercase tracking-wider text-[#5a6a7a]"[39m
            [36m>[39m
              [0mDome Home Advantage[0m
            [36m</h3>[39m
          [36m</div>[39m
          [36m<div[39m
            [33mclass[39m=[32m"px-5 py-4...
[90m [2m❯[22m Object.getElementError node_modules/@testing-library/dom/dist/config.js:[2m37:19[22m[39m
[90m [2m❯[22m node_modules/@testing-library/dom/dist/query-helpers.js:[2m76:38[22m[39m
[90m [2m❯[22m node_modules/@testing-library/dom/dist/query-helpers.js:[2m52:17[22m[39m
[90m [2m❯[22m node_modules/@testing-library/dom/dist/query-helpers.js:[2m95:19[22m[39m
[36m [2m❯[22m src/__tests__/home-advantage-dashboard.test.tsx:[2m58:19[22m[39m
    [90m 56| [39m  [34mit[39m([32m"displays overall home win percentage"[39m[33m,[39m () [33m=>[39m {
    [90m 57| [39m    render(<HomeAdvantageDashboard data={mockData} isLoading={false} i…
    [90m 58| [39m    [34mexpect[39m(screen[33m.[39m[34mgetByText[39m([32m"57.5%"[39m))[33m.[39m[34mtoBeTruthy[39m()[33m;[39m
    [90m   | [39m                  [31m^[39m
    [90m 59| [39m  })[33m;[39m
    [90m 60| [39m

[31m[2m⎯⎯⎯⎯⎯⎯⎯⎯⎯⎯⎯⎯⎯⎯⎯⎯⎯⎯⎯⎯⎯⎯⎯[2/31]⎯[22m[39m

[41m[1m FAIL [22m[49m src/__tests__/home-advantage-dashboard.test.tsx[2m > [22mHomeAdvantageDashboard[2m > [22mdisplays home cover percentage
[31m[1mTestingLibraryElementError[22m[39m: Unable to find an element with the text: 52.0%. This could be because the text is broken up by multiple elements. In this case, you can provide a function for your text matcher to make your matcher more flexible.

Ignored nodes: comments, script, style
[36m<body>[39m
  [36m<div>[39m
    [36m<div[39m
      [33mclass[39m=[32m"flex items-center justify-center py-20"[39m
    [36m>[39m
      [36m<p[39m
        [33mclass[39m=[32m"text-sm text-[#5a6a7a]"[39m
      [36m>[39m
        [0mLoading home advantage data...[0m
      [36m</p>[39m
    [36m</div>[39m
  [36m</div>[39m
  [36m<div>[39m
    [36m<div[39m
      [33mclass[39m=[32m"flex items-center justify-center py-20"[39m
    [36m>[39m
      [36m<p[39m
        [33mclass[39m=[32m"text-sm text-[#ef4444]"[39m
      [36m>[39m
        [0mFailed to load home advantage data.[0m
      [36m</p>[39m
    [36m</div>[39m
  [36m</div>[39m
  [36m<div />[39m
  [36m<div>[39m
    [36m<div[39m
      [33mclass[39m=[32m"space-y-6"[39m
    [36m>[39m
      [36m<div[39m
        [33mclass[39m=[32m"grid grid-cols-2 gap-3 sm:grid-cols-3 lg:grid-cols-4"[39m
      [36m>[39m
        [36m<div[39m
          [33mclass[39m=[32m"flex flex-col items-center rounded-lg border border-[#1e2a45] bg-[#141b2d] px-4 py-4"[39m
        [36m>[39m
          [36m<span[39m
            [33mclass[39m=[32m"text-xs font-medium uppercase tracking-wider text-[#5a6a7a]"[39m
          [36m>[39m
            [0mHome Win %[0m
          [36m</span>[39m
          [36m<span[39m
            [33mclass[39m=[32m"mt-1 text-xl font-bold text-[#f0f0f0]"[39m
          [36m/>[39m
          [36m<span[39m
            [33mclass[39m=[32m"mt-0.5 text-xs text-[#8899aa]"[39m
          [36m>[39m
            [0mall games[0m
          [36m</span>[39m
        [36m</div>[39m
        [36m<div[39m
          [33mclass[39m=[32m"flex flex-col items-center rounded-lg border border-[#1e2a45] bg-[#141b2d] px-4 py-4"[39m
        [36m>[39m
          [36m<span[39m
            [33mclass[39m=[32m"text-xs font-medium uppercase tracking-wider text-[#5a6a7a]"[39m
          [36m>[39m
            [0mHome Cover %[0m
          [36m</span>[39m
          [36m<span[39m
            [33mclass[39m=[32m"mt-1 text-xl font-bold text-[#f0f0f0]"[39m
          [36m/>[39m
          [36m<span[39m
            [33mclass[39m=[32m"mt-0.5 text-xs text-[#8899aa]"[39m
          [36m>[39m
            [0mwhen spread exists[0m
          [36m</span>[39m
        [36m</div>[39m
        [36m<div[39m
          [33mclass[39m=[32m"flex flex-col items-center rounded-lg border border-[#1e2a45] bg-[#141b2d] px-4 py-4"[39m
        [36m>[39m
          [36m<span[39m
            [33mclass[39m=[32m"text-xs font-medium uppercase tracking-wider text-[#5a6a7a]"[39m
          [36m>[39m
            [0mScoring Advantage[0m
          [36m</span>[39m
          [36m<span[39m
            [33mclass[39m=[32m"mt-1 text-xl font-bold text-[#f0f0f0]"[39m
          [36m/>[39m
          [36m<span[39m
            [33mclass[39m=[32m"mt-0.5 text-xs text-[#8899aa]"[39m
          [36m>[39m
            [0mpoints per game[0m
          [36m</span>[39m
        [36m</div>[39m
        [36m<div[39m
          [33mclass[39m=[32m"flex flex-col items-center rounded-lg border border-[#1e2a45] bg-[#141b2d] px-4 py-4"[39m
        [36m>[39m
          [36m<span[39m
            [33mclass[39m=[32m"text-xs font-medium uppercase tracking-wider text-[#5a6a7a]"[39m
          [36m>[39m
            [0mPlayoff vs Regular[0m
          [36m</span>[39m
          [36m<span[39m
            [33mclass[39m=[32m"mt-1 text-xl font-bold text-[#f0f0f0]"[39m
          [36m/>[39m
          [36m<span[39m
            [33mclass[39m=[32m"mt-0.5 text-xs text-[#8899aa]"[39m
          [36m>[39m
            [0mregular season[0m
          [36m</span>[39m
        [36m</div>[39m
      [36m</div>[39m
      [36m<div[39m
        [33mclass[39m=[32m"grid gap-4 md:grid-cols-2"[39m
      [36m>[39m
        [36m<div[39m
          [33mclass[39m=[32m"rounded-lg border border-[#1e2a45] bg-[#141b2d]"[39m
        [36m>[39m
          [36m<div[39m
            [33mclass[39m=[32m"border-b border-[#1e2a45] px-5 py-3"[39m
          [36m>[39m
            [36m<h3[39m
              [33mclass[39m=[32m"text-xs font-semibold uppercase tracking-wider text-[#5a6a7a]"[39m
            [36m>[39m
              [0mRegular Season Home Advantage[0m
            [36m</h3>[39m
          [36m</div>[39m
          [36m<div[39m
            [33mclass[39m=[32m"px-5 py-4"[39m
          [36m>[39m
            [36m<div[39m
              [33mclass[39m=[32m"flex items-center justify-between py-2"[39m
            [36m>[39m
              [36m<span[39m
                [33mclass[39m=[32m"text-sm text-[#8899aa]"[39m
              [36m>[39m
                [0mHome Win %[0m
              [36m</span>[39m
              [36m<span[39m
                [33mclass[39m=[32m"text-sm font-medium text-[#22c55e]"[39m
              [36m>[39m
                [0m57.0%[0m
              [36m</span>[39m
            [36m</div>[39m
          [36m</div>[39m
        [36m</div>[39m
        [36m<div[39m
          [33mclass[39m=[32m"rounded-lg border border-[#1e2a45] bg-[#141b2d]"[39m
        [36m>[39m
          [36m<div[39m
            [33mclass[39m=[32m"border-b border-[#1e2a45] px-5 py-3"[39m
          [36m>[39m
            [36m<h3[39m
              [33mclass[39m=[32m"text-xs font-semibold uppercase tracking-wider text-[#5a6a7a]"[39m
            [36m>[39m
              [0mPlayoff Home Advantage[0m
            [36m</h3>[39m
          [36m</div>[39m
          [36m<div[39m
            [33mclass[39m=[32m"px-5 py-4"[39m
          [36m>[39m
            [36m<div[39m
              [33mclass[39m=[32m"flex items-center justify-between py-2"[39m
            [36m>[39m
              [36m<span[39m
                [33mclass[39m=[32m"text-sm text-[#8899aa]"[39m
              [36m>[39m
                [0mHome Win %[0m
              [36m</span>[39m
              [36m<span[39m
                [33mclass[39m=[32m"text-sm font-medium text-[#22c55e]"[39m
              [36m>[39m
                [0m60.0%[0m
              [36m</span>[39m
            [36m</div>[39m
          [36m</div>[39m
        [36m</div>[39m
      [36m</div>[39m
      [36m<div[39m
        [33mclass[39m=[32m"grid gap-4 md:grid-cols-2"[39m
      [36m>[39m
        [36m<div[39m
          [33mclass[39m=[32m"rounded-lg border border-[#1e2a45] bg-[#141b2d]"[39m
        [36m>[39m
          [36m<div[39m
            [33mclass[39m=[32m"border-b border-[#1e2a45] px-5 py-3"[39m
          [36m>[39m
            [36m<h3[39m
              [33mclass[39m=[32m"text-xs font-semibold uppercase tracking-wider text-[#5a6a7a]"[39m
            [36m>[39m
              [0mDome Home Advantage[0m
            [36m</h3>[39m
          [36m</div>[39m
          [36m<div[39m
            [33mclass[39m=[32m"px-5 py-4...
[90m [2m❯[22m Object.getElementError node_modules/@testing-library/dom/dist/config.js:[2m37:19[22m[39m
[90m [2m❯[22m node_modules/@testing-library/dom/dist/query-helpers.js:[2m76:38[22m[39m
[90m [2m❯[22m node_modules/@testing-library/dom/dist/query-helpers.js:[2m52:17[22m[39m
[90m [2m❯[22m node_modules/@testing-library/dom/dist/query-helpers.js:[2m95:19[22m[39m
[36m [2m❯[22m src/__tests__/home-advantage-dashboard.test.tsx:[2m63:19[22m[39m
    [90m 61| [39m  [34mit[39m([32m"displays home cover percentage"[39m[33m,[39m () [33m=>[39m {
    [90m 62| [39m    render(<HomeAdvantageDashboard data={mockData} isLoading={false} i…
    [90m 63| [39m    [34mexpect[39m(screen[33m.[39m[34mgetByText[39m([32m"52.0%"[39m))[33m.[39m[34mtoBeTruthy[39m()[33m;[39m
    [90m   | [39m                  [31m^[39m
    [90m 64| [39m  })[33m;[39m
    [90m 65| [39m

[31m[2m⎯⎯⎯⎯⎯⎯⎯⎯⎯⎯⎯⎯⎯⎯⎯⎯⎯⎯⎯⎯⎯⎯⎯[3/31]⎯[22m[39m

[41m[1m FAIL [22m[49m src/__tests__/home-advantage-dashboard.test.tsx[2m > [22mHomeAdvantageDashboard[2m > [22mdisplays scoring advantage
[31m[1mTestingLibraryElementError[22m[39m: Unable to find an element with the text: 2.5. This could be because the text is broken up by multiple elements. In this case, you can provide a function for your text matcher to make your matcher more flexible.

Ignored nodes: comments, script, style
[36m<body>[39m
  [36m<div>[39m
    [36m<div[39m
      [33mclass[39m=[32m"flex items-center justify-center py-20"[39m
    [36m>[39m
      [36m<p[39m
        [33mclass[39m=[32m"text-sm text-[#5a6a7a]"[39m
      [36m>[39m
        [0mLoading home advantage data...[0m
      [36m</p>[39m
    [36m</div>[39m
  [36m</div>[39m
  [36m<div>[39m
    [36m<div[39m
      [33mclass[39m=[32m"flex items-center justify-center py-20"[39m
    [36m>[39m
      [36m<p[39m
        [33mclass[39m=[32m"text-sm text-[#ef4444]"[39m
      [36m>[39m
        [0mFailed to load home advantage data.[0m
      [36m</p>[39m
    [36m</div>[39m
  [36m</div>[39m
  [36m<div />[39m
  [36m<div>[39m
    [36m<div[39m
      [33mclass[39m=[32m"space-y-6"[39m
    [36m>[39m
      [36m<div[39m
        [33mclass[39m=[32m"grid grid-cols-2 gap-3 sm:grid-cols-3 lg:grid-cols-4"[39m
      [36m>[39m
        [36m<div[39m
          [33mclass[39m=[32m"flex flex-col items-center rounded-lg border border-[#1e2a45] bg-[#141b2d] px-4 py-4"[39m
        [36m>[39m
          [36m<span[39m
            [33mclass[39m=[32m"text-xs font-medium uppercase tracking-wider text-[#5a6a7a]"[39m
          [36m>[39m
            [0mHome Win %[0m
          [36m</span>[39m
          [36m<span[39m
            [33mclass[39m=[32m"mt-1 text-xl font-bold text-[#f0f0f0]"[39m
          [36m/>[39m
          [36m<span[39m
            [33mclass[39m=[32m"mt-0.5 text-xs text-[#8899aa]"[39m
          [36m>[39m
            [0mall games[0m
          [36m</span>[39m
        [36m</div>[39m
        [36m<div[39m
          [33mclass[39m=[32m"flex flex-col items-center rounded-lg border border-[#1e2a45] bg-[#141b2d] px-4 py-4"[39m
        [36m>[39m
          [36m<span[39m
            [33mclass[39m=[32m"text-xs font-medium uppercase tracking-wider text-[#5a6a7a]"[39m
          [36m>[39m
            [0mHome Cover %[0m
          [36m</span>[39m
          [36m<span[39m
            [33mclass[39m=[32m"mt-1 text-xl font-bold text-[#f0f0f0]"[39m
          [36m/>[39m
          [36m<span[39m
            [33mclass[39m=[32m"mt-0.5 text-xs text-[#8899aa]"[39m
          [36m>[39m
            [0mwhen spread exists[0m
          [36m</span>[39m
        [36m</div>[39m
        [36m<div[39m
          [33mclass[39m=[32m"flex flex-col items-center rounded-lg border border-[#1e2a45] bg-[#141b2d] px-4 py-4"[39m
        [36m>[39m
          [36m<span[39m
            [33mclass[39m=[32m"text-xs font-medium uppercase tracking-wider text-[#5a6a7a]"[39m
          [36m>[39m
            [0mScoring Advantage[0m
          [36m</span>[39m
          [36m<span[39m
            [33mclass[39m=[32m"mt-1 text-xl font-bold text-[#f0f0f0]"[39m
          [36m/>[39m
          [36m<span[39m
            [33mclass[39m=[32m"mt-0.5 text-xs text-[#8899aa]"[39m
          [36m>[39m
            [0mpoints per game[0m
          [36m</span>[39m
        [36m</div>[39m
        [36m<div[39m
          [33mclass[39m=[32m"flex flex-col items-center rounded-lg border border-[#1e2a45] bg-[#141b2d] px-4 py-4"[39m
        [36m>[39m
          [36m<span[39m
            [33mclass[39m=[32m"text-xs font-medium uppercase tracking-wider text-[#5a6a7a]"[39m
          [36m>[39m
            [0mPlayoff vs Regular[0m
          [36m</span>[39m
          [36m<span[39m
            [33mclass[39m=[32m"mt-1 text-xl font-bold text-[#f0f0f0]"[39m
          [36m/>[39m
          [36m<span[39m
            [33mclass[39m=[32m"mt-0.5 text-xs text-[#8899aa]"[39m
          [36m>[39m
            [0mregular season[0m
          [36m</span>[39m
        [36m</div>[39m
      [36m</div>[39m
      [36m<div[39m
        [33mclass[39m=[32m"grid gap-4 md:grid-cols-2"[39m
      [36m>[39m
        [36m<div[39m
          [33mclass[39m=[32m"rounded-lg border border-[#1e2a45] bg-[#141b2d]"[39m
        [36m>[39m
          [36m<div[39m
            [33mclass[39m=[32m"border-b border-[#1e2a45] px-5 py-3"[39m
          [36m>[39m
            [36m<h3[39m
              [33mclass[39m=[32m"text-xs font-semibold uppercase tracking-wider text-[#5a6a7a]"[39m
            [36m>[39m
              [0mRegular Season Home Advantage[0m
            [36m</h3>[39m
          [36m</div>[39m
          [36m<div[39m
            [33mclass[39m=[32m"px-5 py-4"[39m
          [36m>[39m
            [36m<div[39m
              [33mclass[39m=[32m"flex items-center justify-between py-2"[39m
            [36m>[39m
              [36m<span[39m
                [33mclass[39m=[32m"text-sm text-[#8899aa]"[39m
              [36m>[39m
                [0mHome Win %[0m
              [36m</span>[39m
              [36m<span[39m
                [33mclass[39m=[32m"text-sm font-medium text-[#22c55e]"[39m
              [36m>[39m
                [0m57.0%[0m
              [36m</span>[39m
            [36m</div>[39m
          [36m</div>[39m
        [36m</div>[39m
        [36m<div[39m
          [33mclass[39m=[32m"rounded-lg border border-[#1e2a45] bg-[#141b2d]"[39m
        [36m>[39m
          [36m<div[39m
            [33mclass[39m=[32m"border-b border-[#1e2a45] px-5 py-3"[39m
          [36m>[39m
            [36m<h3[39m
              [33mclass[39m=[32m"text-xs font-semibold uppercase tracking-wider text-[#5a6a7a]"[39m
            [36m>[39m
              [0mPlayoff Home Advantage[0m
            [36m</h3>[39m
          [36m</div>[39m
          [36m<div[39m
            [33mclass[39m=[32m"px-5 py-4"[39m
          [36m>[39m
            [36m<div[39m
              [33mclass[39m=[32m"flex items-center justify-between py-2"[39m
            [36m>[39m
              [36m<span[39m
                [33mclass[39m=[32m"text-sm text-[#8899aa]"[39m
              [36m>[39m
                [0mHome Win %[0m
              [36m</span>[39m
              [36m<span[39m
                [33mclass[39m=[32m"text-sm font-medium text-[#22c55e]"[39m
              [36m>[39m
                [0m60.0%[0m
              [36m</span>[39m
            [36m</div>[39m
          [36m</div>[39m
        [36m</div>[39m
      [36m</div>[39m
      [36m<div[39m
        [33mclass[39m=[32m"grid gap-4 md:grid-cols-2"[39m
      [36m>[39m
        [36m<div[39m
          [33mclass[39m=[32m"rounded-lg border border-[#1e2a45] bg-[#141b2d]"[39m
        [36m>[39m
          [36m<div[39m
            [33mclass[39m=[32m"border-b border-[#1e2a45] px-5 py-3"[39m
          [36m>[39m
            [36m<h3[39m
              [33mclass[39m=[32m"text-xs font-semibold uppercase tracking-wider text-[#5a6a7a]"[39m
            [36m>[39m
              [0mDome Home Advantage[0m
            [36m</h3>[39m
          [36m</div>[39m
          [36m<div[39m
            [33mclass[39m=[32m"px-5 py-4...
[90m [2m❯[22m Object.getElementError node_modules/@testing-library/dom/dist/config.js:[2m37:19[22m[39m
[90m [2m❯[22m node_modules/@testing-library/dom/dist/query-helpers.js:[2m76:38[22m[39m
[90m [2m❯[22m node_modules/@testing-library/dom/dist/query-helpers.js:[2m52:17[22m[39m
[90m [2m❯[22m node_modules/@testing-library/dom/dist/query-helpers.js:[2m95:19[22m[39m
[36m [2m❯[22m src/__tests__/home-advantage-dashboard.test.tsx:[2m68:19[22m[39m
    [90m 66| [39m  [34mit[39m([32m"displays scoring advantage"[39m[33m,[39m () [33m=>[39m {
    [90m 67| [39m    render(<HomeAdvantageDashboard data={mockData} isLoading={false} i…
    [90m 68| [39m    [34mexpect[39m(screen[33m.[39m[34mgetByText[39m([32m"2.5"[39m))[33m.[39m[34mtoBeTruthy[39m()[33m;[39m
    [90m   | [39m                  [31m^[39m
    [90m 69| [39m  })[33m;[39m
    [90m 70| [39m

[31m[2m⎯⎯⎯⎯⎯⎯⎯⎯⎯⎯⎯⎯⎯⎯⎯⎯⎯⎯⎯⎯⎯⎯⎯[4/31]⎯[22m[39m

[41m[1m FAIL [22m[49m src/__tests__/home-advantage-dashboard.test.tsx[2m > [22mHomeAdvantageDashboard[2m > [22mdisplays dome advantage
[31m[1mTestingLibraryElementError[22m[39m: Found multiple elements with the text: Dome Home Advantage

Here are the matching elements:

Ignored nodes: comments, script, style
[36m<h3[39m
  [33mclass[39m=[32m"text-xs font-semibold uppercase tracking-wider text-[#5a6a7a]"[39m
[36m>[39m
  [0mDome Home Advantage[0m
[36m</h3>[39m

Ignored nodes: comments, script, style
[36m<h3[39m
  [33mclass[39m=[32m"text-xs font-semibold uppercase tracking-wider text-[#5a6a7a]"[39m
[36m>[39m
  [0mDome Home Advantage[0m
[36m</h3>[39m

Ignored nodes: comments, script, style
[36m<h3[39m
  [33mclass[39m=[32m"text-xs font-semibold uppercase tracking-wider text-[#5a6a7a]"[39m
[36m>[39m
  [0mDome Home Advantage[0m
[36m</h3>[39m

Ignored nodes: comments, script, style
[36m<h3[39m
  [33mclass[39m=[32m"text-xs font-semibold uppercase tracking-wider text-[#5a6a7a]"[39m
[36m>[39m
  [0mDome Home Advantage[0m
[36m</h3>[39m

Ignored nodes: comments, script, style
[36m<h3[39m
  [33mclass[39m=[32m"text-xs font-semibold uppercase tracking-wider text-[#5a6a7a]"[39m
[36m>[39m
  [0mDome Home Advantage[0m
[36m</h3>[39m

Ignored nodes: comments, script, style
[36m<h3[39m
  [33mclass[39m=[32m"text-xs font-semibold uppercase tracking-wider text-[#5a6a7a]"[39m
[36m>[39m
  [0mDome Home Advantage[0m
[36m</h3>[39m

(If this is intentional, then use the `*AllBy*` variant of the query (like `queryAllByText`, `getAllByText`, or `findAllByText`)).

Ignored nodes: comments, script, style
[36m<body>[39m
  [36m<div>[39m
    [36m<div[39m
      [33mclass[39m=[32m"flex items-center justify-center py-20"[39m
    [36m>[39m
      [36m<p[39m
        [33mclass[39m=[32m"text-sm text-[#5a6a7a]"[39m
      [36m>[39m
        [0mLoading home advantage data...[0m
      [36m</p>[39m
    [36m</div>[39m
  [36m</div>[39m
  [36m<div>[39m
    [36m<div[39m
      [33mclass[39m=[32m"flex items-center justify-center py-20"[39m
    [36m>[39m
      [36m<p[39m
        [33mclass[39m=[32m"text-sm text-[#ef4444]"[39m
      [36m>[39m
        [0mFailed to load home advantage data.[0m
      [36m</p>[39m
    [36m</div>[39m
  [36m</div>[39m
  [36m<div />[39m
  [36m<div>[39m
    [36m<div[39m
      [33mclass[39m=[32m"space-y-6"[39m
    [36m>[39m
      [36m<div[39m
        [33mclass[39m=[32m"grid grid-cols-2 gap-3 sm:grid-cols-3 lg:grid-cols-4"[39m
      [36m>[39m
        [36m<div[39m
          [33mclass[39m=[32m"flex flex-col items-center rounded-lg border border-[#1e2a45] bg-[#141b2d] px-4 py-4"[39m
        [36m>[39m
          [36m<span[39m
            [33mclass[39m=[32m"text-xs font-medium uppercase tracking-wider text-[#5a6a7a]"[39m
          [36m>[39m
            [0mHome Win %[0m
          [36m</span>[39m
          [36m<span[39m
            [33mclass[39m=[32m"mt-1 text-xl font-bold text-[#f0f0f0]"[39m
          [36m/>[39m
          [36m<span[39m
            [33mclass[39m=[32m"mt-0.5 text-xs text-[#8899aa]"[39m
          [36m>[39m
            [0mall games[0m
          [36m</span>[39m
        [36m</div>[39m
        [36m<div[39m
          [33mclass[39m=[32m"flex flex-col items-center rounded-lg border border-[#1e2a45] bg-[#141b2d] px-4 py-4"[39m
        [36m>[39m
          [36m<span[39m
            [33mclass[39m=[32m"text-xs font-medium uppercase tracking-wider text-[#5a6a7a]"[39m
          [36m>[39m
            [0mHome Cover %[0m
          [36m</span>[39m
          [36m<span[39m
            [33mclass[39m=[32m"mt-1 text-xl font-bold text-[#f0f0f0]"[39m
          [36m/>[39m
          [36m<span[39m
            [33mclass[39m=[32m"mt-0.5 text-xs text-[#8899aa]"[39m
          [36m>[39m
            [0mwhen spread exists[0m
          [36m</span>[39m
        [36m</div>[39m
        [36m<div[39m
          [33mclass[39m=[32m"flex flex-col items-center rounded-lg border border-[#1e2a45] bg-[#141b2d] px-4 py-4"[39m
        [36m>[39m
          [36m<span[39m
            [33mclass[39m=[32m"text-xs font-medium uppercase tracking-wider text-[#5a6a7a]"[39m
          [36m>[39m
            [0mScoring Advantage[0m
          [36m</span>[39m
          [36m<span[39m
            [33mclass[39m=[32m"mt-1 text-xl font-bold text-[#f0f0f0]"[39m
          [36m/>[39m
          [36m<span[39m
            [33mclass[39m=[32m"mt-0.5 text-xs text-[#8899aa]"[39m
          [36m>[39m
            [0mpoints per game[0m
          [36m</span>[39m
        [36m</div>[39m
        [36m<div[39m
          [33mclass[39m=[32m"flex flex-col items-center rounded-lg border border-[#1e2a45] bg-[#141b2d] px-4 py-4"[39m
        [36m>[39m
          [36m<span[39m
            [33mclass[39m=[32m"text-xs font-medium uppercase tracking-wider text-[#5a6a7a]"[39m
          [36m>[39m
            [0mPlayoff vs Regular[0m
          [36m</span>[39m
          [36m<span[39m
            [33mclass[39m=[32m"mt-1 text-xl font-bold text-[#f0f0f0]"[39m
          [36m/>[39m
          [36m<span[39m
            [33mclass[39m=[32m"mt-0.5 text-xs text-[#8899aa]"[39m
          [36m>[39m
            [0mregular season[0m
          [36m</span>[39m
        [36m</div>[39m
      [36m</div>[39m
      [36m<div[39m
        [33mclass[39m=[32m"grid gap-4 md:grid-cols-2"[39m
      [36m>[39m
        [36m<div[39m
          [33mclass[39m=[32m"rounded-lg border border-[#1e2a45] bg-[#141b2d]"[39m
        [36m>[39m
          [36m<div[39m
            [33mclass[39m=[32m"border-b border-[#1e2a45] px-5 py-3"[39m
          [36m>[39m
            [36m<h3[39m
              [33mclass[39m=[32m"text-xs font-semibold uppercase tracking-wider text-[#5a6a7a]"[39m
            [36m>[39m
              [0mRegular Season Home Advantage[0m
            [36m</h3>[39m
          [36m</div>[39m
          [36m<div[39m
            [33mclass[39m=[32m"px-5 py-4"[39m
          [36m>[39m
            [36m<div[39m
              [33mclass[39m=[32m"flex items-center justify-between py-2"[39m
            [36m>[39m
              [36m<span[39m
                [33mclass[39m=[32m"text-sm text-[#8899aa]"[39m
              [36m>[39m
                [0mHome Win %[0m
              [36m</span>[39m
              [36m<span[39m
                [33mclass[39m=[32m"text-sm font-medium text-[#22c55e]"[39m
              [36m>[39m
                [0m57.0%[0m
              [36m</span>[39m
            [36m</div>[39m
          [36m</div>[39m
        [36m</div>[39m
        [36m<div[39m
          [33mclass[39m=[32m"rounded-lg border border-[#1e2a45] bg-[#141b2d]"[39m
        [36m>[39m
          [36m<div[39m
            [33mclass[39m=[32m"border-b border-[#1e2a45] px-5 py-3"[39m
          [36m>[39m
            [36m<h3[39m
              [33mclass[39m=[32m"text-xs font-semibold uppercase tracking-wider text-[#5a6a7a]"[39m
            [36m>[39m
              [0mPlayoff Home Advantage[0m
            [36m</h3>[39m
          [36m</div>[39m
          [36m<div[39m
            [33mclass[39m=[32m"px-5 py-4"[39m
          [36m>[39m
            [36m<div[39m
              [33mclass[39m=[32m"flex items-center justify-between py-2"[39m
            [36m>[39m
              [36m<span[39m
                [33mclass[39m=[32m"text-sm text-[#8899aa]"[39m
              [36m>[39m
                [0mHome Win %[0m
              [36m</span>[39m
              [36m<span[39m
                [33mclass[39m=[32m"text-sm font-medium text-[#22c55e]"[39m
              [36m>[39m
                [0m60.0%[0m
              [36m</span>[39m
            [36m</div>[39m
          [36m</div>[39m
        [36m</div>[39m
      [36m</div>[39m
      [36m<div[39m
        [33mclass[39m=[32m"grid gap-4 md:grid-cols-2"[39m
      [36m>[39m
        [36m<div[39m
          [33mclass[39m=[32m"rounded-lg border border-[#1e2a45] bg-[#141b2d]"[39m
        [36m>[39m
          [36m<div[39m
            [33mclass[39m=[32m"border-b border-[#1e2a45] px-5 py-3"[39m
          [36m>[39m
            [36m<h3[39m
              [33mclass[39m=[32m"text-xs font-semibold uppercase tracking-wider text-[#5a6a7a]"[39m
            [36m>[39m
              [0mDome Home Advantage[0m
            [36m</h3>[39m
          [36m</div>[39m
          [36m<div[39m
            [33mclass[39m=[32m"px-5 py-4...
[90m [2m❯[22m Object.getElementError node_modules/@testing-library/dom/dist/config.js:[2m37:19[22m[39m
[90m [2m❯[22m getElementError node_modules/@testing-library/dom/dist/query-helpers.js:[2m20:35[22m[39m
[90m [2m❯[22m getMultipleElementsFoundError node_modules/@testing-library/dom/dist/query-helpers.js:[2m23:10[22m[39m
[90m [2m❯[22m node_modules/@testing-library/dom/dist/query-helpers.js:[2m55:13[22m[39m
[90m [2m❯[22m node_modules/@testing-library/dom/dist/query-helpers.js:[2m95:19[22m[39m
[36m [2m❯[22m src/__tests__/home-advantage-dashboard.test.tsx:[2m85:19[22m[39m
    [90m 83| [39m  [34mit[39m([32m"displays dome advantage"[39m[33m,[39m () [33m=>[39m {
    [90m 84| [39m    render(<HomeAdvantageDashboard data={mockData} isLoading={false} i…
    [90m 85| [39m    [34mexpect[39m(screen[33m.[39m[34mgetByText[39m([32m"Dome Home Advantage"[39m))[33m.[39m[34mtoBeTruthy[39m()[33m;[39m
    [90m   | [39m                  [31m^[39m
    [90m 86| [39m  })[33m;[39m
    [90m 87| [39m

[31m[2m⎯⎯⎯⎯⎯⎯⎯⎯⎯⎯⎯⎯⎯⎯⎯⎯⎯⎯⎯⎯⎯⎯⎯[5/31]⎯[22m[39m

[41m[1m FAIL [22m[49m src/__tests__/home-advantage-dashboard.test.tsx[2m > [22mHomeAdvantageDashboard[2m > [22mdisplays outdoor advantage
[31m[1mTestingLibraryElementError[22m[39m: Found multiple elements with the text: Outdoor Home Advantage

Here are the matching elements:

Ignored nodes: comments, script, style
[36m<h3[39m
  [33mclass[39m=[32m"text-xs font-semibold uppercase tracking-wider text-[#5a6a7a]"[39m
[36m>[39m
  [0mOutdoor Home Advantage[0m
[36m</h3>[39m

Ignored nodes: comments, script, style
[36m<h3[39m
  [33mclass[39m=[32m"text-xs font-semibold uppercase tracking-wider text-[#5a6a7a]"[39m
[36m>[39m
  [0mOutdoor Home Advantage[0m
[36m</h3>[39m

Ignored nodes: comments, script, style
[36m<h3[39m
  [33mclass[39m=[32m"text-xs font-semibold uppercase tracking-wider text-[#5a6a7a]"[39m
[36m>[39m
  [0mOutdoor Home Advantage[0m
[36m</h3>[39m

Ignored nodes: comments, script, style
[36m<h3[39m
  [33mclass[39m=[32m"text-xs font-semibold uppercase tracking-wider text-[#5a6a7a]"[39m
[36m>[39m
  [0mOutdoor Home Advantage[0m
[36m</h3>[39m

Ignored nodes: comments, script, style
[36m<h3[39m
  [33mclass[39m=[32m"text-xs font-semibold uppercase tracking-wider text-[#5a6a7a]"[39m
[36m>[39m
  [0mOutdoor Home Advantage[0m
[36m</h3>[39m

Ignored nodes: comments, script, style
[36m<h3[39m
  [33mclass[39m=[32m"text-xs font-semibold uppercase tracking-wider text-[#5a6a7a]"[39m
[36m>[39m
  [0mOutdoor Home Advantage[0m
[36m</h3>[39m

Ignored nodes: comments, script, style
[36m<h3[39m
  [33mclass[39m=[32m"text-xs font-semibold uppercase tracking-wider text-[#5a6a7a]"[39m
[36m>[39m
  [0mOutdoor Home Advantage[0m
[36m</h3>[39m

(If this is intentional, then use the `*AllBy*` variant of the query (like `queryAllByText`, `getAllByText`, or `findAllByText`)).

Ignored nodes: comments, script, style
[36m<body>[39m
  [36m<div>[39m
    [36m<div[39m
      [33mclass[39m=[32m"flex items-center justify-center py-20"[39m
    [36m>[39m
      [36m<p[39m
        [33mclass[39m=[32m"text-sm text-[#5a6a7a]"[39m
      [36m>[39m
        [0mLoading home advantage data...[0m
      [36m</p>[39m
    [36m</div>[39m
  [36m</div>[39m
  [36m<div>[39m
    [36m<div[39m
      [33mclass[39m=[32m"flex items-center justify-center py-20"[39m
    [36m>[39m
      [36m<p[39m
        [33mclass[39m=[32m"text-sm text-[#ef4444]"[39m
      [36m>[39m
        [0mFailed to load home advantage data.[0m
      [36m</p>[39m
    [36m</div>[39m
  [36m</div>[39m
  [36m<div />[39m
  [36m<div>[39m
    [36m<div[39m
      [33mclass[39m=[32m"space-y-6"[39m
    [36m>[39m
      [36m<div[39m
        [33mclass[39m=[32m"grid grid-cols-2 gap-3 sm:grid-cols-3 lg:grid-cols-4"[39m
      [36m>[39m
        [36m<div[39m
          [33mclass[39m=[32m"flex flex-col items-center rounded-lg border border-[#1e2a45] bg-[#141b2d] px-4 py-4"[39m
        [36m>[39m
          [36m<span[39m
            [33mclass[39m=[32m"text-xs font-medium uppercase tracking-wider text-[#5a6a7a]"[39m
          [36m>[39m
            [0mHome Win %[0m
          [36m</span>[39m
          [36m<span[39m
            [33mclass[39m=[32m"mt-1 text-xl font-bold text-[#f0f0f0]"[39m
          [36m/>[39m
          [36m<span[39m
            [33mclass[39m=[32m"mt-0.5 text-xs text-[#8899aa]"[39m
          [36m>[39m
            [0mall games[0m
          [36m</span>[39m
        [36m</div>[39m
        [36m<div[39m
          [33mclass[39m=[32m"flex flex-col items-center rounded-lg border border-[#1e2a45] bg-[#141b2d] px-4 py-4"[39m
        [36m>[39m
          [36m<span[39m
            [33mclass[39m=[32m"text-xs font-medium uppercase tracking-wider text-[#5a6a7a]"[39m
          [36m>[39m
            [0mHome Cover %[0m
          [36m</span>[39m
          [36m<span[39m
            [33mclass[39m=[32m"mt-1 text-xl font-bold text-[#f0f0f0]"[39m
          [36m/>[39m
          [36m<span[39m
            [33mclass[39m=[32m"mt-0.5 text-xs text-[#8899aa]"[39m
          [36m>[39m
            [0mwhen spread exists[0m
          [36m</span>[39m
        [36m</div>[39m
        [36m<div[39m
          [33mclass[39m=[32m"flex flex-col items-center rounded-lg border border-[#1e2a45] bg-[#141b2d] px-4 py-4"[39m
        [36m>[39m
          [36m<span[39m
            [33mclass[39m=[32m"text-xs font-medium uppercase tracking-wider text-[#5a6a7a]"[39m
          [36m>[39m
            [0mScoring Advantage[0m
          [36m</span>[39m
          [36m<span[39m
            [33mclass[39m=[32m"mt-1 text-xl font-bold text-[#f0f0f0]"[39m
          [36m/>[39m
          [36m<span[39m
            [33mclass[39m=[32m"mt-0.5 text-xs text-[#8899aa]"[39m
          [36m>[39m
            [0mpoints per game[0m
          [36m</span>[39m
        [36m</div>[39m
        [36m<div[39m
          [33mclass[39m=[32m"flex flex-col items-center rounded-lg border border-[#1e2a45] bg-[#141b2d] px-4 py-4"[39m
        [36m>[39m
          [36m<span[39m
            [33mclass[39m=[32m"text-xs font-medium uppercase tracking-wider text-[#5a6a7a]"[39m
          [36m>[39m
            [0mPlayoff vs Regular[0m
          [36m</span>[39m
          [36m<span[39m
            [33mclass[39m=[32m"mt-1 text-xl font-bold text-[#f0f0f0]"[39m
          [36m/>[39m
          [36m<span[39m
            [33mclass[39m=[32m"mt-0.5 text-xs text-[#8899aa]"[39m
          [36m>[39m
            [0mregular season[0m
          [36m</span>[39m
        [36m</div>[39m
      [36m</div>[39m
      [36m<div[39m
        [33mclass[39m=[32m"grid gap-4 md:grid-cols-2"[39m
      [36m>[39m
        [36m<div[39m
          [33mclass[39m=[32m"rounded-lg border border-[#1e2a45] bg-[#141b2d]"[39m
        [36m>[39m
          [36m<div[39m
            [33mclass[39m=[32m"border-b border-[#1e2a45] px-5 py-3"[39m
          [36m>[39m
            [36m<h3[39m
              [33mclass[39m=[32m"text-xs font-semibold uppercase tracking-wider text-[#5a6a7a]"[39m
            [36m>[39m
              [0mRegular Season Home Advantage[0m
            [36m</h3>[39m
          [36m</div>[39m
          [36m<div[39m
            [33mclass[39m=[32m"px-5 py-4"[39m
          [36m>[39m
            [36m<div[39m
              [33mclass[39m=[32m"flex items-center justify-between py-2"[39m
            [36m>[39m
              [36m<span[39m
                [33mclass[39m=[32m"text-sm text-[#8899aa]"[39m
              [36m>[39m
                [0mHome Win %[0m
              [36m</span>[39m
              [36m<span[39m
                [33mclass[39m=[32m"text-sm font-medium text-[#22c55e]"[39m
              [36m>[39m
                [0m57.0%[0m
              [36m</span>[39m
            [36m</div>[39m
          [36m</div>[39m
        [36m</div>[39m
        [36m<div[39m
          [33mclass[39m=[32m"rounded-lg border border-[#1e2a45] bg-[#141b2d]"[39m
        [36m>[39m
          [36m<div[39m
            [33mclass[39m=[32m"border-b border-[#1e2a45] px-5 py-3"[39m
          [36m>[39m
            [36m<h3[39m
              [33mclass[39m=[32m"text-xs font-semibold uppercase tracking-wider text-[#5a6a7a]"[39m
            [36m>[39m
              [0mPlayoff Home Advantage[0m
            [36m</h3>[39m
          [36m</div>[39m
          [36m<div[39m
            [33mclass[39m=[32m"px-5 py-4"[39m
          [36m>[39m
            [36m<div[39m
              [33mclass[39m=[32m"flex items-center justify-between py-2"[39m
            [36m>[39m
              [36m<span[39m
                [33mclass[39m=[32m"text-sm text-[#8899aa]"[39m
              [36m>[39m
                [0mHome Win %[0m
              [36m</span>[39m
              [36m<span[39m
                [33mclass[39m=[32m"text-sm font-medium text-[#22c55e]"[39m
              [36m>[39m
                [0m60.0%[0m
              [36m</span>[39m
            [36m</div>[39m
          [36m</div>[39m
        [36m</div>[39m
      [36m</div>[39m
      [36m<div[39m
        [33mclass[39m=[32m"grid gap-4 md:grid-cols-2"[39m
      [36m>[39m
        [36m<div[39m
          [33mclass[39m=[32m"rounded-lg border border-[#1e2a45] bg-[#141b2d]"[39m
        [36m>[39m
          [36m<div[39m
            [33mclass[39m=[32m"border-b border-[#1e2a45] px-5 py-3"[39m
          [36m>[39m
            [36m<h3[39m
              [33mclass[39m=[32m"text-xs font-semibold uppercase tracking-wider text-[#5a6a7a]"[39m
            [36m>[39m
              [0mDome Home Advantage[0m
            [36m</h3>[39m
          [36m</div>[39m
          [36m<div[39m
            [33mclass[39m=[32m"px-5 py-4...
[90m [2m❯[22m Object.getElementError node_modules/@testing-library/dom/dist/config.js:[2m37:19[22m[39m
[90m [2m❯[22m getElementError node_modules/@testing-library/dom/dist/query-helpers.js:[2m20:35[22m[39m
[90m [2m❯[22m getMultipleElementsFoundError node_modules/@testing-library/dom/dist/query-helpers.js:[2m23:10[22m[39m
[90m [2m❯[22m node_modules/@testing-library/dom/dist/query-helpers.js:[2m55:13[22m[39m
[90m [2m❯[22m node_modules/@testing-library/dom/dist/query-helpers.js:[2m95:19[22m[39m
[36m [2m❯[22m src/__tests__/home-advantage-dashboard.test.tsx:[2m90:19[22m[39m
    [90m 88| [39m  [34mit[39m([32m"displays outdoor advantage"[39m[33m,[39m () [33m=>[39m {
    [90m 89| [39m    render(<HomeAdvantageDashboard data={mockData} isLoading={false} i…
    [90m 90| [39m    [34mexpect[39m(screen[33m.[39m[34mgetByText[39m([32m"Outdoor Home Advantage"[39m))[33m.[39m[34mtoBeTruthy[39m()[33m;[39m
    [90m   | [39m                  [31m^[39m
    [90m 91| [39m  })[33m;[39m
    [90m 92| [39m

[31m[2m⎯⎯⎯⎯⎯⎯⎯⎯⎯⎯⎯⎯⎯⎯⎯⎯⎯⎯⎯⎯⎯⎯⎯[6/31]⎯[22m[39m

[41m[1m FAIL [22m[49m src/__tests__/home-advantage-dashboard.test.tsx[2m > [22mHomeAdvantageDashboard[2m > [22mdisplays day of week breakdown
[31m[1mTestingLibraryElementError[22m[39m: Found multiple elements with the text: Home Advantage by Day of Week

Here are the matching elements:

Ignored nodes: comments, script, style
[36m<h3[39m
  [33mclass[39m=[32m"text-xs font-semibold uppercase tracking-wider text-[#5a6a7a]"[39m
[36m>[39m
  [0mHome Advantage by Day of Week[0m
[36m</h3>[39m

Ignored nodes: comments, script, style
[36m<h3[39m
  [33mclass[39m=[32m"text-xs font-semibold uppercase tracking-wider text-[#5a6a7a]"[39m
[36m>[39m
  [0mHome Advantage by Day of Week[0m
[36m</h3>[39m

Ignored nodes: comments, script, style
[36m<h3[39m
  [33mclass[39m=[32m"text-xs font-semibold uppercase tracking-wider text-[#5a6a7a]"[39m
[36m>[39m
  [0mHome Advantage by Day of Week[0m
[36m</h3>[39m

Ignored nodes: comments, script, style
[36m<h3[39m
  [33mclass[39m=[32m"text-xs font-semibold uppercase tracking-wider text-[#5a6a7a]"[39m
[36m>[39m
  [0mHome Advantage by Day of Week[0m
[36m</h3>[39m

Ignored nodes: comments, script, style
[36m<h3[39m
  [33mclass[39m=[32m"text-xs font-semibold uppercase tracking-wider text-[#5a6a7a]"[39m
[36m>[39m
  [0mHome Advantage by Day of Week[0m
[36m</h3>[39m

Ignored nodes: comments, script, style
[36m<h3[39m
  [33mclass[39m=[32m"text-xs font-semibold uppercase tracking-wider text-[#5a6a7a]"[39m
[36m>[39m
  [0mHome Advantage by Day of Week[0m
[36m</h3>[39m

Ignored nodes: comments, script, style
[36m<h3[39m
  [33mclass[39m=[32m"text-xs font-semibold uppercase tracking-wider text-[#5a6a7a]"[39m
[36m>[39m
  [0mHome Advantage by Day of Week[0m
[36m</h3>[39m

Ignored nodes: comments, script, style
[36m<h3[39m
  [33mclass[39m=[32m"text-xs font-semibold uppercase tracking-wider text-[#5a6a7a]"[39m
[36m>[39m
  [0mHome Advantage by Day of Week[0m
[36m</h3>[39m

(If this is intentional, then use the `*AllBy*` variant of the query (like `queryAllByText`, `getAllByText`, or `findAllByText`)).

Ignored nodes: comments, script, style
[36m<body>[39m
  [36m<div>[39m
    [36m<div[39m
      [33mclass[39m=[32m"flex items-center justify-center py-20"[39m
    [36m>[39m
      [36m<p[39m
        [33mclass[39m=[32m"text-sm text-[#5a6a7a]"[39m
      [36m>[39m
        [0mLoading home advantage data...[0m
      [36m</p>[39m
    [36m</div>[39m
  [36m</div>[39m
  [36m<div>[39m
    [36m<div[39m
      [33mclass[39m=[32m"flex items-center justify-center py-20"[39m
    [36m>[39m
      [36m<p[39m
        [33mclass[39m=[32m"text-sm text-[#ef4444]"[39m
      [36m>[39m
        [0mFailed to load home advantage data.[0m
      [36m</p>[39m
    [36m</div>[39m
  [36m</div>[39m
  [36m<div />[39m
  [36m<div>[39m
    [36m<div[39m
      [33mclass[39m=[32m"space-y-6"[39m
    [36m>[39m
      [36m<div[39m
        [33mclass[39m=[32m"grid grid-cols-2 gap-3 sm:grid-cols-3 lg:grid-cols-4"[39m
      [36m>[39m
        [36m<div[39m
          [33mclass[39m=[32m"flex flex-col items-center rounded-lg border border-[#1e2a45] bg-[#141b2d] px-4 py-4"[39m
        [36m>[39m
          [36m<span[39m
            [33mclass[39m=[32m"text-xs font-medium uppercase tracking-wider text-[#5a6a7a]"[39m
          [36m>[39m
            [0mHome Win %[0m
          [36m</span>[39m
          [36m<span[39m
            [33mclass[39m=[32m"mt-1 text-xl font-bold text-[#f0f0f0]"[39m
          [36m/>[39m
          [36m<span[39m
            [33mclass[39m=[32m"mt-0.5 text-xs text-[#8899aa]"[39m
          [36m>[39m
            [0mall games[0m
          [36m</span>[39m
        [36m</div>[39m
        [36m<div[39m
          [33mclass[39m=[32m"flex flex-col items-center rounded-lg border border-[#1e2a45] bg-[#141b2d] px-4 py-4"[39m
        [36m>[39m
          [36m<span[39m
            [33mclass[39m=[32m"text-xs font-medium uppercase tracking-wider text-[#5a6a7a]"[39m
          [36m>[39m
            [0mHome Cover %[0m
          [36m</span>[39m
          [36m<span[39m
            [33mclass[39m=[32m"mt-1 text-xl font-bold text-[#f0f0f0]"[39m
          [36m/>[39m
          [36m<span[39m
            [33mclass[39m=[32m"mt-0.5 text-xs text-[#8899aa]"[39m
          [36m>[39m
            [0mwhen spread exists[0m
          [36m</span>[39m
        [36m</div>[39m
        [36m<div[39m
          [33mclass[39m=[32m"flex flex-col items-center rounded-lg border border-[#1e2a45] bg-[#141b2d] px-4 py-4"[39m
        [36m>[39m
          [36m<span[39m
            [33mclass[39m=[32m"text-xs font-medium uppercase tracking-wider text-[#5a6a7a]"[39m
          [36m>[39m
            [0mScoring Advantage[0m
          [36m</span>[39m
          [36m<span[39m
            [33mclass[39m=[32m"mt-1 text-xl font-bold text-[#f0f0f0]"[39m
          [36m/>[39m
          [36m<span[39m
            [33mclass[39m=[32m"mt-0.5 text-xs text-[#8899aa]"[39m
          [36m>[39m
            [0mpoints per game[0m
          [36m</span>[39m
        [36m</div>[39m
        [36m<div[39m
          [33mclass[39m=[32m"flex flex-col items-center rounded-lg border border-[#1e2a45] bg-[#141b2d] px-4 py-4"[39m
        [36m>[39m
          [36m<span[39m
            [33mclass[39m=[32m"text-xs font-medium uppercase tracking-wider text-[#5a6a7a]"[39m
          [36m>[39m
            [0mPlayoff vs Regular[0m
          [36m</span>[39m
          [36m<span[39m
            [33mclass[39m=[32m"mt-1 text-xl font-bold text-[#f0f0f0]"[39m
          [36m/>[39m
          [36m<span[39m
            [33mclass[39m=[32m"mt-0.5 text-xs text-[#8899aa]"[39m
          [36m>[39m
            [0mregular season[0m
          [36m</span>[39m
        [36m</div>[39m
      [36m</div>[39m
      [36m<div[39m
        [33mclass[39m=[32m"grid gap-4 md:grid-cols-2"[39m
      [36m>[39m
        [36m<div[39m
          [33mclass[39m=[32m"rounded-lg border border-[#1e2a45] bg-[#141b2d]"[39m
        [36m>[39m
          [36m<div[39m
            [33mclass[39m=[32m"border-b border-[#1e2a45] px-5 py-3"[39m
          [36m>[39m
            [36m<h3[39m
              [33mclass[39m=[32m"text-xs font-semibold uppercase tracking-wider text-[#5a6a7a]"[39m
            [36m>[39m
              [0mRegular Season Home Advantage[0m
            [36m</h3>[39m
          [36m</div>[39m
          [36m<div[39m
            [33mclass[39m=[32m"px-5 py-4"[39m
          [36m>[39m
            [36m<div[39m
              [33mclass[39m=[32m"flex items-center justify-between py-2"[39m
            [36m>[39m
              [36m<span[39m
                [33mclass[39m=[32m"text-sm text-[#8899aa]"[39m
              [36m>[39m
                [0mHome Win %[0m
              [36m</span>[39m
              [36m<span[39m
                [33mclass[39m=[32m"text-sm font-medium text-[#22c55e]"[39m
              [36m>[39m
                [0m57.0%[0m
              [36m</span>[39m
            [36m</div>[39m
          [36m</div>[39m
        [36m</div>[39m
        [36m<div[39m
          [33mclass[39m=[32m"rounded-lg border border-[#1e2a45] bg-[#141b2d]"[39m
        [36m>[39m
          [36m<div[39m
            [33mclass[39m=[32m"border-b border-[#1e2a45] px-5 py-3"[39m
          [36m>[39m
            [36m<h3[39m
              [33mclass[39m=[32m"text-xs font-semibold uppercase tracking-wider text-[#5a6a7a]"[39m
            [36m>[39m
              [0mPlayoff Home Advantage[0m
            [36m</h3>[39m
          [36m</div>[39m
          [36m<div[39m
            [33mclass[39m=[32m"px-5 py-4"[39m
          [36m>[39m
            [36m<div[39m
              [33mclass[39m=[32m"flex items-center justify-between py-2"[39m
            [36m>[39m
              [36m<span[39m
                [33mclass[39m=[32m"text-sm text-[#8899aa]"[39m
              [36m>[39m
                [0mHome Win %[0m
              [36m</span>[39m
              [36m<span[39m
                [33mclass[39m=[32m"text-sm font-medium text-[#22c55e]"[39m
              [36m>[39m
                [0m60.0%[0m
              [36m</span>[39m
            [36m</div>[39m
          [36m</div>[39m
        [36m</div>[39m
      [36m</div>[39m
      [36m<div[39m
        [33mclass[39m=[32m"grid gap-4 md:grid-cols-2"[39m
      [36m>[39m
        [36m<div[39m
          [33mclass[39m=[32m"rounded-lg border border-[#1e2a45] bg-[#141b2d]"[39m
        [36m>[39m
          [36m<div[39m
            [33mclass[39m=[32m"border-b border-[#1e2a45] px-5 py-3"[39m
          [36m>[39m
            [36m<h3[39m
              [33mclass[39m=[32m"text-xs font-semibold uppercase tracking-wider text-[#5a6a7a]"[39m
            [36m>[39m
              [0mDome Home Advantage[0m
            [36m</h3>[39m
          [36m</div>[39m
          [36m<div[39m
            [33mclass[39m=[32m"px-5 py-4...
[90m [2m❯[22m Object.getElementError node_modules/@testing-library/dom/dist/config.js:[2m37:19[22m[39m
[90m [2m❯[22m getElementError node_modules/@testing-library/dom/dist/query-helpers.js:[2m20:35[22m[39m
[90m [2m❯[22m getMultipleElementsFoundError node_modules/@testing-library/dom/dist/query-helpers.js:[2m23:10[22m[39m
[90m [2m❯[22m node_modules/@testing-library/dom/dist/query-helpers.js:[2m55:13[22m[39m
[90m [2m❯[22m node_modules/@testing-library/dom/dist/query-helpers.js:[2m95:19[22m[39m
[36m [2m❯[22m src/__tests__/home-advantage-dashboard.test.tsx:[2m95:19[22m[39m
    [90m 93| [39m  [34mit[39m([32m"displays day of week breakdown"[39m[33m,[39m () [33m=>[39m {
    [90m 94| [39m    render(<HomeAdvantageDashboard data={mockData} isLoading={false} i…
    [90m 95| [39m    expect(screen.getByText("Home Advantage by Day of Week")).toBeTrut…
    [90m   | [39m                  [31m^[39m
    [90m 96| [39m    [34mexpect[39m(screen[33m.[39m[34mgetByText[39m([32m"Sunday"[39m))[33m.[39m[34mtoBeTruthy[39m()[33m;[39m
    [90m 97| [39m  })[33m;[39m

[31m[2m⎯⎯⎯⎯⎯⎯⎯⎯⎯⎯⎯⎯⎯⎯⎯⎯⎯⎯⎯⎯⎯⎯⎯[7/31]⎯[22m[39m

[41m[1m FAIL [22m[49m src/__tests__/home-advantage-dashboard.test.tsx[2m > [22mHomeAdvantageDashboard[2m > [22mdisplays primetime breakdown
[31m[1mTestingLibraryElementError[22m[39m: Found multiple elements with the text: Home Advantage by Primetime Slot

Here are the matching elements:

Ignored nodes: comments, script, style
[36m<h3[39m
  [33mclass[39m=[32m"text-xs font-semibold uppercase tracking-wider text-[#5a6a7a]"[39m
[36m>[39m
  [0mHome Advantage by Primetime Slot[0m
[36m</h3>[39m

Ignored nodes: comments, script, style
[36m<h3[39m
  [33mclass[39m=[32m"text-xs font-semibold uppercase tracking-wider text-[#5a6a7a]"[39m
[36m>[39m
  [0mHome Advantage by Primetime Slot[0m
[36m</h3>[39m

Ignored nodes: comments, script, style
[36m<h3[39m
  [33mclass[39m=[32m"text-xs font-semibold uppercase tracking-wider text-[#5a6a7a]"[39m
[36m>[39m
  [0mHome Advantage by Primetime Slot[0m
[36m</h3>[39m

Ignored nodes: comments, script, style
[36m<h3[39m
  [33mclass[39m=[32m"text-xs font-semibold uppercase tracking-wider text-[#5a6a7a]"[39m
[36m>[39m
  [0mHome Advantage by Primetime Slot[0m
[36m</h3>[39m

Ignored nodes: comments, script, style
[36m<h3[39m
  [33mclass[39m=[32m"text-xs font-semibold uppercase tracking-wider text-[#5a6a7a]"[39m
[36m>[39m
  [0mHome Advantage by Primetime Slot[0m
[36m</h3>[39m

Ignored nodes: comments, script, style
[36m<h3[39m
  [33mclass[39m=[32m"text-xs font-semibold uppercase tracking-wider text-[#5a6a7a]"[39m
[36m>[39m
  [0mHome Advantage by Primetime Slot[0m
[36m</h3>[39m

Ignored nodes: comments, script, style
[36m<h3[39m
  [33mclass[39m=[32m"text-xs font-semibold uppercase tracking-wider text-[#5a6a7a]"[39m
[36m>[39m
  [0mHome Advantage by Primetime Slot[0m
[36m</h3>[39m

Ignored nodes: comments, script, style
[36m<h3[39m
  [33mclass[39m=[32m"text-xs font-semibold uppercase tracking-wider text-[#5a6a7a]"[39m
[36m>[39m
  [0mHome Advantage by Primetime Slot[0m
[36m</h3>[39m

Ignored nodes: comments, script, style
[36m<h3[39m
  [33mclass[39m=[32m"text-xs font-semibold uppercase tracking-wider text-[#5a6a7a]"[39m
[36m>[39m
  [0mHome Advantage by Primetime Slot[0m
[36m</h3>[39m

(If this is intentional, then use the `*AllBy*` variant of the query (like `queryAllByText`, `getAllByText`, or `findAllByText`)).

Ignored nodes: comments, script, style
[36m<body>[39m
  [36m<div>[39m
    [36m<div[39m
      [33mclass[39m=[32m"flex items-center justify-center py-20"[39m
    [36m>[39m
      [36m<p[39m
        [33mclass[39m=[32m"text-sm text-[#5a6a7a]"[39m
      [36m>[39m
        [0mLoading home advantage data...[0m
      [36m</p>[39m
    [36m</div>[39m
  [36m</div>[39m
  [36m<div>[39m
    [36m<div[39m
      [33mclass[39m=[32m"flex items-center justify-center py-20"[39m
    [36m>[39m
      [36m<p[39m
        [33mclass[39m=[32m"text-sm text-[#ef4444]"[39m
      [36m>[39m
        [0mFailed to load home advantage data.[0m
      [36m</p>[39m
    [36m</div>[39m
  [36m</div>[39m
  [36m<div />[39m
  [36m<div>[39m
    [36m<div[39m
      [33mclass[39m=[32m"space-y-6"[39m
    [36m>[39m
      [36m<div[39m
        [33mclass[39m=[32m"grid grid-cols-2 gap-3 sm:grid-cols-3 lg:grid-cols-4"[39m
      [36m>[39m
        [36m<div[39m
          [33mclass[39m=[32m"flex flex-col items-center rounded-lg border border-[#1e2a45] bg-[#141b2d] px-4 py-4"[39m
        [36m>[39m
          [36m<span[39m
            [33mclass[39m=[32m"text-xs font-medium uppercase tracking-wider text-[#5a6a7a]"[39m
          [36m>[39m
            [0mHome Win %[0m
          [36m</span>[39m
          [36m<span[39m
            [33mclass[39m=[32m"mt-1 text-xl font-bold text-[#f0f0f0]"[39m
          [36m/>[39m
          [36m<span[39m
            [33mclass[39m=[32m"mt-0.5 text-xs text-[#8899aa]"[39m
          [36m>[39m
            [0mall games[0m
          [36m</span>[39m
        [36m</div>[39m
        [36m<div[39m
          [33mclass[39m=[32m"flex flex-col items-center rounded-lg border border-[#1e2a45] bg-[#141b2d] px-4 py-4"[39m
        [36m>[39m
          [36m<span[39m
            [33mclass[39m=[32m"text-xs font-medium uppercase tracking-wider text-[#5a6a7a]"[39m
          [36m>[39m
            [0mHome Cover %[0m
          [36m</span>[39m
          [36m<span[39m
            [33mclass[39m=[32m"mt-1 text-xl font-bold text-[#f0f0f0]"[39m
          [36m/>[39m
          [36m<span[39m
            [33mclass[39m=[32m"mt-0.5 text-xs text-[#8899aa]"[39m
          [36m>[39m
            [0mwhen spread exists[0m
          [36m</span>[39m
        [36m</div>[39m
        [36m<div[39m
          [33mclass[39m=[32m"flex flex-col items-center rounded-lg border border-[#1e2a45] bg-[#141b2d] px-4 py-4"[39m
        [36m>[39m
          [36m<span[39m
            [33mclass[39m=[32m"text-xs font-medium uppercase tracking-wider text-[#5a6a7a]"[39m
          [36m>[39m
            [0mScoring Advantage[0m
          [36m</span>[39m
          [36m<span[39m
            [33mclass[39m=[32m"mt-1 text-xl font-bold text-[#f0f0f0]"[39m
          [36m/>[39m
          [36m<span[39m
            [33mclass[39m=[32m"mt-0.5 text-xs text-[#8899aa]"[39m
          [36m>[39m
            [0mpoints per game[0m
          [36m</span>[39m
        [36m</div>[39m
        [36m<div[39m
          [33mclass[39m=[32m"flex flex-col items-center rounded-lg border border-[#1e2a45] bg-[#141b2d] px-4 py-4"[39m
        [36m>[39m
          [36m<span[39m
            [33mclass[39m=[32m"text-xs font-medium uppercase tracking-wider text-[#5a6a7a]"[39m
          [36m>[39m
            [0mPlayoff vs Regular[0m
          [36m</span>[39m
          [36m<span[39m
            [33mclass[39m=[32m"mt-1 text-xl font-bold text-[#f0f0f0]"[39m
          [36m/>[39m
          [36m<span[39m
            [33mclass[39m=[32m"mt-0.5 text-xs text-[#8899aa]"[39m
          [36m>[39m
            [0mregular season[0m
          [36m</span>[39m
        [36m</div>[39m
      [36m</div>[39m
      [36m<div[39m
        [33mclass[39m=[32m"grid gap-4 md:grid-cols-2"[39m
      [36m>[39m
        [36m<div[39m
          [33mclass[39m=[32m"rounded-lg border border-[#1e2a45] bg-[#141b2d]"[39m
        [36m>[39m
          [36m<div[39m
            [33mclass[39m=[32m"border-b border-[#1e2a45] px-5 py-3"[39m
          [36m>[39m
            [36m<h3[39m
              [33mclass[39m=[32m"text-xs font-semibold uppercase tracking-wider text-[#5a6a7a]"[39m
            [36m>[39m
              [0mRegular Season Home Advantage[0m
            [36m</h3>[39m
          [36m</div>[39m
          [36m<div[39m
            [33mclass[39m=[32m"px-5 py-4"[39m
          [36m>[39m
            [36m<div[39m
              [33mclass[39m=[32m"flex items-center justify-between py-2"[39m
            [36m>[39m
              [36m<span[39m
                [33mclass[39m=[32m"text-sm text-[#8899aa]"[39m
              [36m>[39m
                [0mHome Win %[0m
              [36m</span>[39m
              [36m<span[39m
                [33mclass[39m=[32m"text-sm font-medium text-[#22c55e]"[39m
              [36m>[39m
                [0m57.0%[0m
              [36m</span>[39m
            [36m</div>[39m
          [36m</div>[39m
        [36m</div>[39m
        [36m<div[39m
          [33mclass[39m=[32m"rounded-lg border border-[#1e2a45] bg-[#141b2d]"[39m
        [36m>[39m
          [36m<div[39m
            [33mclass[39m=[32m"border-b border-[#1e2a45] px-5 py-3"[39m
          [36m>[39m
            [36m<h3[39m
              [33mclass[39m=[32m"text-xs font-semibold uppercase tracking-wider text-[#5a6a7a]"[39m
            [36m>[39m
              [0mPlayoff Home Advantage[0m
            [36m</h3>[39m
          [36m</div>[39m
          [36m<div[39m
            [33mclass[39m=[32m"px-5 py-4"[39m
          [36m>[39m
            [36m<div[39m
              [33mclass[39m=[32m"flex items-center justify-between py-2"[39m
            [36m>[39m
              [36m<span[39m
                [33mclass[39m=[32m"text-sm text-[#8899aa]"[39m
              [36m>[39m
                [0mHome Win %[0m
              [36m</span>[39m
              [36m<span[39m
                [33mclass[39m=[32m"text-sm font-medium text-[#22c55e]"[39m
              [36m>[39m
                [0m60.0%[0m
              [36m</span>[39m
            [36m</div>[39m
          [36m</div>[39m
        [36m</div>[39m
      [36m</div>[39m
      [36m<div[39m
        [33mclass[39m=[32m"grid gap-4 md:grid-cols-2"[39m
      [36m>[39m
        [36m<div[39m
          [33mclass[39m=[32m"rounded-lg border border-[#1e2a45] bg-[#141b2d]"[39m
        [36m>[39m
          [36m<div[39m
            [33mclass[39m=[32m"border-b border-[#1e2a45] px-5 py-3"[39m
          [36m>[39m
            [36m<h3[39m
              [33mclass[39m=[32m"text-xs font-semibold uppercase tracking-wider text-[#5a6a7a]"[39m
            [36m>[39m
              [0mDome Home Advantage[0m
            [36m</h3>[39m
          [36m</div>[39m
          [36m<div[39m
            [33mclass[39m=[32m"px-5 py-4...
[90m [2m❯[22m Object.getElementError node_modules/@testing-library/dom/dist/config.js:[2m37:19[22m[39m
[90m [2m❯[22m getElementError node_modules/@testing-library/dom/dist/query-helpers.js:[2m20:35[22m[39m
[90m [2m❯[22m getMultipleElementsFoundError node_modules/@testing-library/dom/dist/query-helpers.js:[2m23:10[22m[39m
[90m [2m❯[22m node_modules/@testing-library/dom/dist/query-helpers.js:[2m55:13[22m[39m
[90m [2m❯[22m node_modules/@testing-library/dom/dist/query-helpers.js:[2m95:19[22m[39m
[36m [2m❯[22m src/__tests__/home-advantage-dashboard.test.tsx:[2m101:19[22m[39m
    [90m 99| [39m  [34mit[39m([32m"displays primetime breakdown"[39m[33m,[39m () [33m=>[39m {
    [90m100| [39m    render(<HomeAdvantageDashboard data={mockData} isLoading={false} i…
    [90m101| [39m    expect(screen.getByText("Home Advantage by Primetime Slot")).toBeT…
    [90m   | [39m                  [31m^[39m
    [90m102| [39m    [34mexpect[39m(screen[33m.[39m[34mgetByText[39m([32m"SNF"[39m))[33m.[39m[34mtoBeTruthy[39m()[33m;[39m
    [90m103| [39m  })[33m;[39m

[31m[2m⎯⎯⎯⎯⎯⎯⎯⎯⎯⎯⎯⎯⎯⎯⎯⎯⎯⎯⎯⎯⎯⎯⎯[8/31]⎯[22m[39m

[41m[1m FAIL [22m[49m src/__tests__/home-advantage-dashboard.test.tsx[2m > [22mHomeAdvantageDashboard[2m > [22mdisplays season trend table
[31m[1mTestingLibraryElementError[22m[39m: Found multiple elements with the text: Home Win % by Season

Here are the matching elements:

Ignored nodes: comments, script, style
[36m<h3[39m
  [33mclass[39m=[32m"text-xs font-semibold uppercase tracking-wider text-[#5a6a7a]"[39m
[36m>[39m
  [0mHome Win % by Season[0m
[36m</h3>[39m

Ignored nodes: comments, script, style
[36m<h3[39m
  [33mclass[39m=[32m"text-xs font-semibold uppercase tracking-wider text-[#5a6a7a]"[39m
[36m>[39m
  [0mHome Win % by Season[0m
[36m</h3>[39m

Ignored nodes: comments, script, style
[36m<h3[39m
  [33mclass[39m=[32m"text-xs font-semibold uppercase tracking-wider text-[#5a6a7a]"[39m
[36m>[39m
  [0mHome Win % by Season[0m
[36m</h3>[39m

Ignored nodes: comments, script, style
[36m<h3[39m
  [33mclass[39m=[32m"text-xs font-semibold uppercase tracking-wider text-[#5a6a7a]"[39m
[36m>[39m
  [0mHome Win % by Season[0m
[36m</h3>[39m

Ignored nodes: comments, script, style
[36m<h3[39m
  [33mclass[39m=[32m"text-xs font-semibold uppercase tracking-wider text-[#5a6a7a]"[39m
[36m>[39m
  [0mHome Win % by Season[0m
[36m</h3>[39m

Ignored nodes: comments, script, style
[36m<h3[39m
  [33mclass[39m=[32m"text-xs font-semibold uppercase tracking-wider text-[#5a6a7a]"[39m
[36m>[39m
  [0mHome Win % by Season[0m
[36m</h3>[39m

Ignored nodes: comments, script, style
[36m<h3[39m
  [33mclass[39m=[32m"text-xs font-semibold uppercase tracking-wider text-[#5a6a7a]"[39m
[36m>[39m
  [0mHome Win % by Season[0m
[36m</h3>[39m

Ignored nodes: comments, script, style
[36m<h3[39m
  [33mclass[39m=[32m"text-xs font-semibold uppercase tracking-wider text-[#5a6a7a]"[39m
[36m>[39m
  [0mHome Win % by Season[0m
[36m</h3>[39m

Ignored nodes: comments, script, style
[36m<h3[39m
  [33mclass[39m=[32m"text-xs font-semibold uppercase tracking-wider text-[#5a6a7a]"[39m
[36m>[39m
  [0mHome Win % by Season[0m
[36m</h3>[39m

Ignored nodes: comments, script, style
[36m<h3[39m
  [33mclass[39m=[32m"text-xs font-semibold uppercase tracking-wider text-[#5a6a7a]"[39m
[36m>[39m
  [0mHome Win % by Season[0m
[36m</h3>[39m

(If this is intentional, then use the `*AllBy*` variant of the query (like `queryAllByText`, `getAllByText`, or `findAllByText`)).

Ignored nodes: comments, script, style
[36m<body>[39m
  [36m<div>[39m
    [36m<div[39m
      [33mclass[39m=[32m"flex items-center justify-center py-20"[39m
    [36m>[39m
      [36m<p[39m
        [33mclass[39m=[32m"text-sm text-[#5a6a7a]"[39m
      [36m>[39m
        [0mLoading home advantage data...[0m
      [36m</p>[39m
    [36m</div>[39m
  [36m</div>[39m
  [36m<div>[39m
    [36m<div[39m
      [33mclass[39m=[32m"flex items-center justify-center py-20"[39m
    [36m>[39m
      [36m<p[39m
        [33mclass[39m=[32m"text-sm text-[#ef4444]"[39m
      [36m>[39m
        [0mFailed to load home advantage data.[0m
      [36m</p>[39m
    [36m</div>[39m
  [36m</div>[39m
  [36m<div />[39m
  [36m<div>[39m
    [36m<div[39m
      [33mclass[39m=[32m"space-y-6"[39m
    [36m>[39m
      [36m<div[39m
        [33mclass[39m=[32m"grid grid-cols-2 gap-3 sm:grid-cols-3 lg:grid-cols-4"[39m
      [36m>[39m
        [36m<div[39m
          [33mclass[39m=[32m"flex flex-col items-center rounded-lg border border-[#1e2a45] bg-[#141b2d] px-4 py-4"[39m
        [36m>[39m
          [36m<span[39m
            [33mclass[39m=[32m"text-xs font-medium uppercase tracking-wider text-[#5a6a7a]"[39m
          [36m>[39m
            [0mHome Win %[0m
          [36m</span>[39m
          [36m<span[39m
            [33mclass[39m=[32m"mt-1 text-xl font-bold text-[#f0f0f0]"[39m
          [36m/>[39m
          [36m<span[39m
            [33mclass[39m=[32m"mt-0.5 text-xs text-[#8899aa]"[39m
          [36m>[39m
            [0mall games[0m
          [36m</span>[39m
        [36m</div>[39m
        [36m<div[39m
          [33mclass[39m=[32m"flex flex-col items-center rounded-lg border border-[#1e2a45] bg-[#141b2d] px-4 py-4"[39m
        [36m>[39m
          [36m<span[39m
            [33mclass[39m=[32m"text-xs font-medium uppercase tracking-wider text-[#5a6a7a]"[39m
          [36m>[39m
            [0mHome Cover %[0m
          [36m</span>[39m
          [36m<span[39m
            [33mclass[39m=[32m"mt-1 text-xl font-bold text-[#f0f0f0]"[39m
          [36m/>[39m
          [36m<span[39m
            [33mclass[39m=[32m"mt-0.5 text-xs text-[#8899aa]"[39m
          [36m>[39m
            [0mwhen spread exists[0m
          [36m</span>[39m
        [36m</div>[39m
        [36m<div[39m
          [33mclass[39m=[32m"flex flex-col items-center rounded-lg border border-[#1e2a45] bg-[#141b2d] px-4 py-4"[39m
        [36m>[39m
          [36m<span[39m
            [33mclass[39m=[32m"text-xs font-medium uppercase tracking-wider text-[#5a6a7a]"[39m
          [36m>[39m
            [0mScoring Advantage[0m
          [36m</span>[39m
          [36m<span[39m
            [33mclass[39m=[32m"mt-1 text-xl font-bold text-[#f0f0f0]"[39m
          [36m/>[39m
          [36m<span[39m
            [33mclass[39m=[32m"mt-0.5 text-xs text-[#8899aa]"[39m
          [36m>[39m
            [0mpoints per game[0m
          [36m</span>[39m
        [36m</div>[39m
        [36m<div[39m
          [33mclass[39m=[32m"flex flex-col items-center rounded-lg border border-[#1e2a45] bg-[#141b2d] px-4 py-4"[39m
        [36m>[39m
          [36m<span[39m
            [33mclass[39m=[32m"text-xs font-medium uppercase tracking-wider text-[#5a6a7a]"[39m
          [36m>[39m
            [0mPlayoff vs Regular[0m
          [36m</span>[39m
          [36m<span[39m
            [33mclass[39m=[32m"mt-1 text-xl font-bold text-[#f0f0f0]"[39m
          [36m/>[39m
          [36m<span[39m
            [33mclass[39m=[32m"mt-0.5 text-xs text-[#8899aa]"[39m
          [36m>[39m
            [0mregular season[0m
          [36m</span>[39m
        [36m</div>[39m
      [36m</div>[39m
      [36m<div[39m
        [33mclass[39m=[32m"grid gap-4 md:grid-cols-2"[39m
      [36m>[39m
        [36m<div[39m
          [33mclass[39m=[32m"rounded-lg border border-[#1e2a45] bg-[#141b2d]"[39m
        [36m>[39m
          [36m<div[39m
            [33mclass[39m=[32m"border-b border-[#1e2a45] px-5 py-3"[39m
          [36m>[39m
            [36m<h3[39m
              [33mclass[39m=[32m"text-xs font-semibold uppercase tracking-wider text-[#5a6a7a]"[39m
            [36m>[39m
              [0mRegular Season Home Advantage[0m
            [36m</h3>[39m
          [36m</div>[39m
          [36m<div[39m
            [33mclass[39m=[32m"px-5 py-4"[39m
          [36m>[39m
            [36m<div[39m
              [33mclass[39m=[32m"flex items-center justify-between py-2"[39m
            [36m>[39m
              [36m<span[39m
                [33mclass[39m=[32m"text-sm text-[#8899aa]"[39m
              [36m>[39m
                [0mHome Win %[0m
              [36m</span>[39m
              [36m<span[39m
                [33mclass[39m=[32m"text-sm font-medium text-[#22c55e]"[39m
              [36m>[39m
                [0m57.0%[0m
              [36m</span>[39m
            [36m</div>[39m
          [36m</div>[39m
        [36m</div>[39m
        [36m<div[39m
          [33mclass[39m=[32m"rounded-lg border border-[#1e2a45] bg-[#141b2d]"[39m
        [36m>[39m
          [36m<div[39m
            [33mclass[39m=[32m"border-b border-[#1e2a45] px-5 py-3"[39m
          [36m>[39m
            [36m<h3[39m
              [33mclass[39m=[32m"text-xs font-semibold uppercase tracking-wider text-[#5a6a7a]"[39m
            [36m>[39m
              [0mPlayoff Home Advantage[0m
            [36m</h3>[39m
          [36m</div>[39m
          [36m<div[39m
            [33mclass[39m=[32m"px-5 py-4"[39m
          [36m>[39m
            [36m<div[39m
              [33mclass[39m=[32m"flex items-center justify-between py-2"[39m
            [36m>[39m
              [36m<span[39m
                [33mclass[39m=[32m"text-sm text-[#8899aa]"[39m
              [36m>[39m
                [0mHome Win %[0m
              [36m</span>[39m
              [36m<span[39m
                [33mclass[39m=[32m"text-sm font-medium text-[#22c55e]"[39m
              [36m>[39m
                [0m60.0%[0m
              [36m</span>[39m
            [36m</div>[39m
          [36m</div>[39m
        [36m</div>[39m
      [36m</div>[39m
      [36m<div[39m
        [33mclass[39m=[32m"grid gap-4 md:grid-cols-2"[39m
      [36m>[39m
        [36m<div[39m
          [33mclass[39m=[32m"rounded-lg border border-[#1e2a45] bg-[#141b2d]"[39m
        [36m>[39m
          [36m<div[39m
            [33mclass[39m=[32m"border-b border-[#1e2a45] px-5 py-3"[39m
          [36m>[39m
            [36m<h3[39m
              [33mclass[39m=[32m"text-xs font-semibold uppercase tracking-wider text-[#5a6a7a]"[39m
            [36m>[39m
              [0mDome Home Advantage[0m
            [36m</h3>[39m
          [36m</div>[39m
          [36m<div[39m
            [33mclass[39m=[32m"px-5 py-4...
[90m [2m❯[22m Object.getElementError node_modules/@testing-library/dom/dist/config.js:[2m37:19[22m[39m
[90m [2m❯[22m getElementError node_modules/@testing-library/dom/dist/query-helpers.js:[2m20:35[22m[39m
[90m [2m❯[22m getMultipleElementsFoundError node_modules/@testing-library/dom/dist/query-helpers.js:[2m23:10[22m[39m
[90m [2m❯[22m node_modules/@testing-library/dom/dist/query-helpers.js:[2m55:13[22m[39m
[90m [2m❯[22m node_modules/@testing-library/dom/dist/query-helpers.js:[2m95:19[22m[39m
[36m [2m❯[22m src/__tests__/home-advantage-dashboard.test.tsx:[2m107:19[22m[39m
    [90m105| [39m  [34mit[39m([32m"displays season trend table"[39m[33m,[39m () [33m=>[39m {
    [90m106| [39m    render(<HomeAdvantageDashboard data={mockData} isLoading={false} i…
    [90m107| [39m    [34mexpect[39m(screen[33m.[39m[34mgetByText[39m([32m"Home Win % by Season"[39m))[33m.[39m[34mtoBeTruthy[39m()[33m;[39m
    [90m   | [39m                  [31m^[39m
    [90m108| [39m    [34mexpect[39m(screen[33m.[39m[34mgetByText[39m([32m"2024"[39m))[33m.[39m[34mtoBeTruthy[39m()[33m;[39m
    [90m109| [39m  })[33m;[39m

[31m[2m⎯⎯⎯⎯⎯⎯⎯⎯⎯⎯⎯⎯⎯⎯⎯⎯⎯⎯⎯⎯⎯⎯⎯[9/31]⎯[22m[39m

[41m[1m FAIL [22m[49m src/__tests__/home-advantage-dashboard.test.tsx[2m > [22mHomeAdvantageDashboard[2m > [22mdisplays best home teams table
[31m[1mTestingLibraryElementError[22m[39m: Found multiple elements with the text: Best Home Teams

Here are the matching elements:

Ignored nodes: comments, script, style
[36m<h3[39m
  [33mclass[39m=[32m"text-xs font-semibold uppercase tracking-wider text-[#5a6a7a]"[39m
[36m>[39m
  [0mBest Home Teams[0m
[36m</h3>[39m

Ignored nodes: comments, script, style
[36m<h3[39m
  [33mclass[39m=[32m"text-xs font-semibold uppercase tracking-wider text-[#5a6a7a]"[39m
[36m>[39m
  [0mBest Home Teams[0m
[36m</h3>[39m

Ignored nodes: comments, script, style
[36m<h3[39m
  [33mclass[39m=[32m"text-xs font-semibold uppercase tracking-wider text-[#5a6a7a]"[39m
[36m>[39m
  [0mBest Home Teams[0m
[36m</h3>[39m

Ignored nodes: comments, script, style
[36m<h3[39m
  [33mclass[39m=[32m"text-xs font-semibold uppercase tracking-wider text-[#5a6a7a]"[39m
[36m>[39m
  [0mBest Home Teams[0m
[36m</h3>[39m

Ignored nodes: comments, script, style
[36m<h3[39m
  [33mclass[39m=[32m"text-xs font-semibold uppercase tracking-wider text-[#5a6a7a]"[39m
[36m>[39m
  [0mBest Home Teams[0m
[36m</h3>[39m

Ignored nodes: comments, script, style
[36m<h3[39m
  [33mclass[39m=[32m"text-xs font-semibold uppercase tracking-wider text-[#5a6a7a]"[39m
[36m>[39m
  [0mBest Home Teams[0m
[36m</h3>[39m

Ignored nodes: comments, script, style
[36m<h3[39m
  [33mclass[39m=[32m"text-xs font-semibold uppercase tracking-wider text-[#5a6a7a]"[39m
[36m>[39m
  [0mBest Home Teams[0m
[36m</h3>[39m

Ignored nodes: comments, script, style
[36m<h3[39m
  [33mclass[39m=[32m"text-xs font-semibold uppercase tracking-wider text-[#5a6a7a]"[39m
[36m>[39m
  [0mBest Home Teams[0m
[36m</h3>[39m

Ignored nodes: comments, script, style
[36m<h3[39m
  [33mclass[39m=[32m"text-xs font-semibold uppercase tracking-wider text-[#5a6a7a]"[39m
[36m>[39m
  [0mBest Home Teams[0m
[36m</h3>[39m

Ignored nodes: comments, script, style
[36m<h3[39m
  [33mclass[39m=[32m"text-xs font-semibold uppercase tracking-wider text-[#5a6a7a]"[39m
[36m>[39m
  [0mBest Home Teams[0m
[36m</h3>[39m

Ignored nodes: comments, script, style
[36m<h3[39m
  [33mclass[39m=[32m"text-xs font-semibold uppercase tracking-wider text-[#5a6a7a]"[39m
[36m>[39m
  [0mBest Home Teams[0m
[36m</h3>[39m

(If this is intentional, then use the `*AllBy*` variant of the query (like `queryAllByText`, `getAllByText`, or `findAllByText`)).

Ignored nodes: comments, script, style
[36m<body>[39m
  [36m<div>[39m
    [36m<div[39m
      [33mclass[39m=[32m"flex items-center justify-center py-20"[39m
    [36m>[39m
      [36m<p[39m
        [33mclass[39m=[32m"text-sm text-[#5a6a7a]"[39m
      [36m>[39m
        [0mLoading home advantage data...[0m
      [36m</p>[39m
    [36m</div>[39m
  [36m</div>[39m
  [36m<div>[39m
    [36m<div[39m
      [33mclass[39m=[32m"flex items-center justify-center py-20"[39m
    [36m>[39m
      [36m<p[39m
        [33mclass[39m=[32m"text-sm text-[#ef4444]"[39m
      [36m>[39m
        [0mFailed to load home advantage data.[0m
      [36m</p>[39m
    [36m</div>[39m
  [36m</div>[39m
  [36m<div />[39m
  [36m<div>[39m
    [36m<div[39m
      [33mclass[39m=[32m"space-y-6"[39m
    [36m>[39m
      [36m<div[39m
        [33mclass[39m=[32m"grid grid-cols-2 gap-3 sm:grid-cols-3 lg:grid-cols-4"[39m
      [36m>[39m
        [36m<div[39m
          [33mclass[39m=[32m"flex flex-col items-center rounded-lg border border-[#1e2a45] bg-[#141b2d] px-4 py-4"[39m
        [36m>[39m
          [36m<span[39m
            [33mclass[39m=[32m"text-xs font-medium uppercase tracking-wider text-[#5a6a7a]"[39m
          [36m>[39m
            [0mHome Win %[0m
          [36m</span>[39m
          [36m<span[39m
            [33mclass[39m=[32m"mt-1 text-xl font-bold text-[#f0f0f0]"[39m
          [36m/>[39m
          [36m<span[39m
            [33mclass[39m=[32m"mt-0.5 text-xs text-[#8899aa]"[39m
          [36m>[39m
            [0mall games[0m
          [36m</span>[39m
        [36m</div>[39m
        [36m<div[39m
          [33mclass[39m=[32m"flex flex-col items-center rounded-lg border border-[#1e2a45] bg-[#141b2d] px-4 py-4"[39m
        [36m>[39m
          [36m<span[39m
            [33mclass[39m=[32m"text-xs font-medium uppercase tracking-wider text-[#5a6a7a]"[39m
          [36m>[39m
            [0mHome Cover %[0m
          [36m</span>[39m
          [36m<span[39m
            [33mclass[39m=[32m"mt-1 text-xl font-bold text-[#f0f0f0]"[39m
          [36m/>[39m
          [36m<span[39m
            [33mclass[39m=[32m"mt-0.5 text-xs text-[#8899aa]"[39m
          [36m>[39m
            [0mwhen spread exists[0m
          [36m</span>[39m
        [36m</div>[39m
        [36m<div[39m
          [33mclass[39m=[32m"flex flex-col items-center rounded-lg border border-[#1e2a45] bg-[#141b2d] px-4 py-4"[39m
        [36m>[39m
          [36m<span[39m
            [33mclass[39m=[32m"text-xs font-medium uppercase tracking-wider text-[#5a6a7a]"[39m
          [36m>[39m
            [0mScoring Advantage[0m
          [36m</span>[39m
          [36m<span[39m
            [33mclass[39m=[32m"mt-1 text-xl font-bold text-[#f0f0f0]"[39m
          [36m/>[39m
          [36m<span[39m
            [33mclass[39m=[32m"mt-0.5 text-xs text-[#8899aa]"[39m
          [36m>[39m
            [0mpoints per game[0m
          [36m</span>[39m
        [36m</div>[39m
        [36m<div[39m
          [33mclass[39m=[32m"flex flex-col items-center rounded-lg border border-[#1e2a45] bg-[#141b2d] px-4 py-4"[39m
        [36m>[39m
          [36m<span[39m
            [33mclass[39m=[32m"text-xs font-medium uppercase tracking-wider text-[#5a6a7a]"[39m
          [36m>[39m
            [0mPlayoff vs Regular[0m
          [36m</span>[39m
          [36m<span[39m
            [33mclass[39m=[32m"mt-1 text-xl font-bold text-[#f0f0f0]"[39m
          [36m/>[39m
          [36m<span[39m
            [33mclass[39m=[32m"mt-0.5 text-xs text-[#8899aa]"[39m
          [36m>[39m
            [0mregular season[0m
          [36m</span>[39m
        [36m</div>[39m
      [36m</div>[39m
      [36m<div[39m
        [33mclass[39m=[32m"grid gap-4 md:grid-cols-2"[39m
      [36m>[39m
        [36m<div[39m
          [33mclass[39m=[32m"rounded-lg border border-[#1e2a45] bg-[#141b2d]"[39m
        [36m>[39m
          [36m<div[39m
            [33mclass[39m=[32m"border-b border-[#1e2a45] px-5 py-3"[39m
          [36m>[39m
            [36m<h3[39m
              [33mclass[39m=[32m"text-xs font-semibold uppercase tracking-wider text-[#5a6a7a]"[39m
            [36m>[39m
              [0mRegular Season Home Advantage[0m
            [36m</h3>[39m
          [36m</div>[39m
          [36m<div[39m
            [33mclass[39m=[32m"px-5 py-4"[39m
          [36m>[39m
            [36m<div[39m
              [33mclass[39m=[32m"flex items-center justify-between py-2"[39m
            [36m>[39m
              [36m<span[39m
                [33mclass[39m=[32m"text-sm text-[#8899aa]"[39m
              [36m>[39m
                [0mHome Win %[0m
              [36m</span>[39m
              [36m<span[39m
                [33mclass[39m=[32m"text-sm font-medium text-[#22c55e]"[39m
              [36m>[39m
                [0m57.0%[0m
              [36m</span>[39m
            [36m</div>[39m
          [36m</div>[39m
        [36m</div>[39m
        [36m<div[39m
          [33mclass[39m=[32m"rounded-lg border border-[#1e2a45] bg-[#141b2d]"[39m
        [36m>[39m
          [36m<div[39m
            [33mclass[39m=[32m"border-b border-[#1e2a45] px-5 py-3"[39m
          [36m>[39m
            [36m<h3[39m
              [33mclass[39m=[32m"text-xs font-semibold uppercase tracking-wider text-[#5a6a7a]"[39m
            [36m>[39m
              [0mPlayoff Home Advantage[0m
            [36m</h3>[39m
          [36m</div>[39m
          [36m<div[39m
            [33mclass[39m=[32m"px-5 py-4"[39m
          [36m>[39m
            [36m<div[39m
              [33mclass[39m=[32m"flex items-center justify-between py-2"[39m
            [36m>[39m
              [36m<span[39m
                [33mclass[39m=[32m"text-sm text-[#8899aa]"[39m
              [36m>[39m
                [0mHome Win %[0m
              [36m</span>[39m
              [36m<span[39m
                [33mclass[39m=[32m"text-sm font-medium text-[#22c55e]"[39m
              [36m>[39m
                [0m60.0%[0m
              [36m</span>[39m
            [36m</div>[39m
          [36m</div>[39m
        [36m</div>[39m
      [36m</div>[39m
      [36m<div[39m
        [33mclass[39m=[32m"grid gap-4 md:grid-cols-2"[39m
      [36m>[39m
        [36m<div[39m
          [33mclass[39m=[32m"rounded-lg border border-[#1e2a45] bg-[#141b2d]"[39m
        [36m>[39m
          [36m<div[39m
            [33mclass[39m=[32m"border-b border-[#1e2a45] px-5 py-3"[39m
          [36m>[39m
            [36m<h3[39m
              [33mclass[39m=[32m"text-xs font-semibold uppercase tracking-wider text-[#5a6a7a]"[39m
            [36m>[39m
              [0mDome Home Advantage[0m
            [36m</h3>[39m
          [36m</div>[39m
          [36m<div[39m
            [33mclass[39m=[32m"px-5 py-4...
[90m [2m❯[22m Object.getElementError node_modules/@testing-library/dom/dist/config.js:[2m37:19[22m[39m
[90m [2m❯[22m getElementError node_modules/@testing-library/dom/dist/query-helpers.js:[2m20:35[22m[39m
[90m [2m❯[22m getMultipleElementsFoundError node_modules/@testing-library/dom/dist/query-helpers.js:[2m23:10[22m[39m
[90m [2m❯[22m node_modules/@testing-library/dom/dist/query-helpers.js:[2m55:13[22m[39m
[90m [2m❯[22m node_modules/@testing-library/dom/dist/query-helpers.js:[2m95:19[22m[39m
[36m [2m❯[22m src/__tests__/home-advantage-dashboard.test.tsx:[2m113:19[22m[39m
    [90m111| [39m  [34mit[39m([32m"displays best home teams table"[39m[33m,[39m () [33m=>[39m {
    [90m112| [39m    render(<HomeAdvantageDashboard data={mockData} isLoading={false} i…
    [90m113| [39m    [34mexpect[39m(screen[33m.[39m[34mgetByText[39m([32m"Best Home Teams"[39m))[33m.[39m[34mtoBeTruthy[39m()[33m;[39m
    [90m   | [39m                  [31m^[39m
    [90m114| [39m    [34mexpect[39m(screen[33m.[39m[34mgetByText[39m([32m"Kansas City Chiefs"[39m))[33m.[39m[34mtoBeTruthy[39m()[33m;[39m
    [90m115| [39m  })[33m;[39m

[31m[2m⎯⎯⎯⎯⎯⎯⎯⎯⎯⎯⎯⎯⎯⎯⎯⎯⎯⎯⎯⎯⎯⎯[10/31]⎯[22m[39m

[41m[1m FAIL [22m[49m src/__tests__/home-advantage-dashboard.test.tsx[2m > [22mHomeAdvantageDashboard[2m > [22mdisplays worst home teams table
[31m[1mTestingLibraryElementError[22m[39m: Found multiple elements with the text: Worst Home Teams

Here are the matching elements:

Ignored nodes: comments, script, style
[36m<h3[39m
  [33mclass[39m=[32m"text-xs font-semibold uppercase tracking-wider text-[#5a6a7a]"[39m
[36m>[39m
  [0mWorst Home Teams[0m
[36m</h3>[39m

Ignored nodes: comments, script, style
[36m<h3[39m
  [33mclass[39m=[32m"text-xs font-semibold uppercase tracking-wider text-[#5a6a7a]"[39m
[36m>[39m
  [0mWorst Home Teams[0m
[36m</h3>[39m

Ignored nodes: comments, script, style
[36m<h3[39m
  [33mclass[39m=[32m"text-xs font-semibold uppercase tracking-wider text-[#5a6a7a]"[39m
[36m>[39m
  [0mWorst Home Teams[0m
[36m</h3>[39m

Ignored nodes: comments, script, style
[36m<h3[39m
  [33mclass[39m=[32m"text-xs font-semibold uppercase tracking-wider text-[#5a6a7a]"[39m
[36m>[39m
  [0mWorst Home Teams[0m
[36m</h3>[39m

Ignored nodes: comments, script, style
[36m<h3[39m
  [33mclass[39m=[32m"text-xs font-semibold uppercase tracking-wider text-[#5a6a7a]"[39m
[36m>[39m
  [0mWorst Home Teams[0m
[36m</h3>[39m

Ignored nodes: comments, script, style
[36m<h3[39m
  [33mclass[39m=[32m"text-xs font-semibold uppercase tracking-wider text-[#5a6a7a]"[39m
[36m>[39m
  [0mWorst Home Teams[0m
[36m</h3>[39m

Ignored nodes: comments, script, style
[36m<h3[39m
  [33mclass[39m=[32m"text-xs font-semibold uppercase tracking-wider text-[#5a6a7a]"[39m
[36m>[39m
  [0mWorst Home Teams[0m
[36m</h3>[39m

Ignored nodes: comments, script, style
[36m<h3[39m
  [33mclass[39m=[32m"text-xs font-semibold uppercase tracking-wider text-[#5a6a7a]"[39m
[36m>[39m
  [0mWorst Home Teams[0m
[36m</h3>[39m

Ignored nodes: comments, script, style
[36m<h3[39m
  [33mclass[39m=[32m"text-xs font-semibold uppercase tracking-wider text-[#5a6a7a]"[39m
[36m>[39m
  [0mWorst Home Teams[0m
[36m</h3>[39m

Ignored nodes: comments, script, style
[36m<h3[39m
  [33mclass[39m=[32m"text-xs font-semibold uppercase tracking-wider text-[#5a6a7a]"[39m
[36m>[39m
  [0mWorst Home Teams[0m
[36m</h3>[39m

Ignored nodes: comments, script, style
[36m<h3[39m
  [33mclass[39m=[32m"text-xs font-semibold uppercase tracking-wider text-[#5a6a7a]"[39m
[36m>[39m
  [0mWorst Home Teams[0m
[36m</h3>[39m

Ignored nodes: comments, script, style
[36m<h3[39m
  [33mclass[39m=[32m"text-xs font-semibold uppercase tracking-wider text-[#5a6a7a]"[39m
[36m>[39m
  [0mWorst Home Teams[0m
[36m</h3>[39m

(If this is intentional, then use the `*AllBy*` variant of the query (like `queryAllByText`, `getAllByText`, or `findAllByText`)).

Ignored nodes: comments, script, style
[36m<body>[39m
  [36m<div>[39m
    [36m<div[39m
      [33mclass[39m=[32m"flex items-center justify-center py-20"[39m
    [36m>[39m
      [36m<p[39m
        [33mclass[39m=[32m"text-sm text-[#5a6a7a]"[39m
      [36m>[39m
        [0mLoading home advantage data...[0m
      [36m</p>[39m
    [36m</div>[39m
  [36m</div>[39m
  [36m<div>[39m
    [36m<div[39m
      [33mclass[39m=[32m"flex items-center justify-center py-20"[39m
    [36m>[39m
      [36m<p[39m
        [33mclass[39m=[32m"text-sm text-[#ef4444]"[39m
      [36m>[39m
        [0mFailed to load home advantage data.[0m
      [36m</p>[39m
    [36m</div>[39m
  [36m</div>[39m
  [36m<div />[39m
  [36m<div>[39m
    [36m<div[39m
      [33mclass[39m=[32m"space-y-6"[39m
    [36m>[39m
      [36m<div[39m
        [33mclass[39m=[32m"grid grid-cols-2 gap-3 sm:grid-cols-3 lg:grid-cols-4"[39m
      [36m>[39m
        [36m<div[39m
          [33mclass[39m=[32m"flex flex-col items-center rounded-lg border border-[#1e2a45] bg-[#141b2d] px-4 py-4"[39m
        [36m>[39m
          [36m<span[39m
            [33mclass[39m=[32m"text-xs font-medium uppercase tracking-wider text-[#5a6a7a]"[39m
          [36m>[39m
            [0mHome Win %[0m
          [36m</span>[39m
          [36m<span[39m
            [33mclass[39m=[32m"mt-1 text-xl font-bold text-[#f0f0f0]"[39m
          [36m/>[39m
          [36m<span[39m
            [33mclass[39m=[32m"mt-0.5 text-xs text-[#8899aa]"[39m
          [36m>[39m
            [0mall games[0m
          [36m</span>[39m
        [36m</div>[39m
        [36m<div[39m
          [33mclass[39m=[32m"flex flex-col items-center rounded-lg border border-[#1e2a45] bg-[#141b2d] px-4 py-4"[39m
        [36m>[39m
          [36m<span[39m
            [33mclass[39m=[32m"text-xs font-medium uppercase tracking-wider text-[#5a6a7a]"[39m
          [36m>[39m
            [0mHome Cover %[0m
          [36m</span>[39m
          [36m<span[39m
            [33mclass[39m=[32m"mt-1 text-xl font-bold text-[#f0f0f0]"[39m
          [36m/>[39m
          [36m<span[39m
            [33mclass[39m=[32m"mt-0.5 text-xs text-[#8899aa]"[39m
          [36m>[39m
            [0mwhen spread exists[0m
          [36m</span>[39m
        [36m</div>[39m
        [36m<div[39m
          [33mclass[39m=[32m"flex flex-col items-center rounded-lg border border-[#1e2a45] bg-[#141b2d] px-4 py-4"[39m
        [36m>[39m
          [36m<span[39m
            [33mclass[39m=[32m"text-xs font-medium uppercase tracking-wider text-[#5a6a7a]"[39m
          [36m>[39m
            [0mScoring Advantage[0m
          [36m</span>[39m
          [36m<span[39m
            [33mclass[39m=[32m"mt-1 text-xl font-bold text-[#f0f0f0]"[39m
          [36m/>[39m
          [36m<span[39m
            [33mclass[39m=[32m"mt-0.5 text-xs text-[#8899aa]"[39m
          [36m>[39m
            [0mpoints per game[0m
          [36m</span>[39m
        [36m</div>[39m
        [36m<div[39m
          [33mclass[39m=[32m"flex flex-col items-center rounded-lg border border-[#1e2a45] bg-[#141b2d] px-4 py-4"[39m
        [36m>[39m
          [36m<span[39m
            [33mclass[39m=[32m"text-xs font-medium uppercase tracking-wider text-[#5a6a7a]"[39m
          [36m>[39m
            [0mPlayoff vs Regular[0m
          [36m</span>[39m
          [36m<span[39m
            [33mclass[39m=[32m"mt-1 text-xl font-bold text-[#f0f0f0]"[39m
          [36m/>[39m
          [36m<span[39m
            [33mclass[39m=[32m"mt-0.5 text-xs text-[#8899aa]"[39m
          [36m>[39m
            [0mregular season[0m
          [36m</span>[39m
        [36m</div>[39m
      [36m</div>[39m
      [36m<div[39m
        [33mclass[39m=[32m"grid gap-4 md:grid-cols-2"[39m
      [36m>[39m
        [36m<div[39m
          [33mclass[39m=[32m"rounded-lg border border-[#1e2a45] bg-[#141b2d]"[39m
        [36m>[39m
          [36m<div[39m
            [33mclass[39m=[32m"border-b border-[#1e2a45] px-5 py-3"[39m
          [36m>[39m
            [36m<h3[39m
              [33mclass[39m=[32m"text-xs font-semibold uppercase tracking-wider text-[#5a6a7a]"[39m
            [36m>[39m
              [0mRegular Season Home Advantage[0m
            [36m</h3>[39m
          [36m</div>[39m
          [36m<div[39m
            [33mclass[39m=[32m"px-5 py-4"[39m
          [36m>[39m
            [36m<div[39m
              [33mclass[39m=[32m"flex items-center justify-between py-2"[39m
            [36m>[39m
              [36m<span[39m
                [33mclass[39m=[32m"text-sm text-[#8899aa]"[39m
              [36m>[39m
                [0mHome Win %[0m
              [36m</span>[39m
              [36m<span[39m
                [33mclass[39m=[32m"text-sm font-medium text-[#22c55e]"[39m
              [36m>[39m
                [0m57.0%[0m
              [36m</span>[39m
            [36m</div>[39m
          [36m</div>[39m
        [36m</div>[39m
        [36m<div[39m
          [33mclass[39m=[32m"rounded-lg border border-[#1e2a45] bg-[#141b2d]"[39m
        [36m>[39m
          [36m<div[39m
            [33mclass[39m=[32m"border-b border-[#1e2a45] px-5 py-3"[39m
          [36m>[39m
            [36m<h3[39m
              [33mclass[39m=[32m"text-xs font-semibold uppercase tracking-wider text-[#5a6a7a]"[39m
            [36m>[39m
              [0mPlayoff Home Advantage[0m
            [36m</h3>[39m
          [36m</div>[39m
          [36m<div[39m
            [33mclass[39m=[32m"px-5 py-4"[39m
          [36m>[39m
            [36m<div[39m
              [33mclass[39m=[32m"flex items-center justify-between py-2"[39m
            [36m>[39m
              [36m<span[39m
                [33mclass[39m=[32m"text-sm text-[#8899aa]"[39m
              [36m>[39m
                [0mHome Win %[0m
              [36m</span>[39m
              [36m<span[39m
                [33mclass[39m=[32m"text-sm font-medium text-[#22c55e]"[39m
              [36m>[39m
                [0m60.0%[0m
              [36m</span>[39m
            [36m</div>[39m
          [36m</div>[39m
        [36m</div>[39m
      [36m</div>[39m
      [36m<div[39m
        [33mclass[39m=[32m"grid gap-4 md:grid-cols-2"[39m
      [36m>[39m
        [36m<div[39m
          [33mclass[39m=[32m"rounded-lg border border-[#1e2a45] bg-[#141b2d]"[39m
        [36m>[39m
          [36m<div[39m
            [33mclass[39m=[32m"border-b border-[#1e2a45] px-5 py-3"[39m
          [36m>[39m
            [36m<h3[39m
              [33mclass[39m=[32m"text-xs font-semibold uppercase tracking-wider text-[#5a6a7a]"[39m
            [36m>[39m
              [0mDome Home Advantage[0m
            [36m</h3>[39m
          [36m</div>[39m
          [36m<div[39m
            [33mclass[39m=[32m"px-5 py-4...
[90m [2m❯[22m Object.getElementError node_modules/@testing-library/dom/dist/config.js:[2m37:19[22m[39m
[90m [2m❯[22m getElementError node_modules/@testing-library/dom/dist/query-helpers.js:[2m20:35[22m[39m
[90m [2m❯[22m getMultipleElementsFoundError node_modules/@testing-library/dom/dist/query-helpers.js:[2m23:10[22m[39m
[90m [2m❯[22m node_modules/@testing-library/dom/dist/query-helpers.js:[2m55:13[22m[39m
[90m [2m❯[22m node_modules/@testing-library/dom/dist/query-helpers.js:[2m95:19[22m[39m
[36m [2m❯[22m src/__tests__/home-advantage-dashboard.test.tsx:[2m119:19[22m[39m
    [90m117| [39m  [34mit[39m([32m"displays worst home teams table"[39m[33m,[39m () [33m=>[39m {
    [90m118| [39m    render(<HomeAdvantageDashboard data={mockData} isLoading={false} i…
    [90m119| [39m    [34mexpect[39m(screen[33m.[39m[34mgetByText[39m([32m"Worst Home Teams"[39m))[33m.[39m[34mtoBeTruthy[39m()[33m;[39m
    [90m   | [39m                  [31m^[39m
    [90m120| [39m    [34mexpect[39m(screen[33m.[39m[34mgetByText[39m([32m"Detroit Lions"[39m))[33m.[39m[34mtoBeTruthy[39m()[33m;[39m
    [90m121| [39m  })[33m;[39m

[31m[2m⎯⎯⎯⎯⎯⎯⎯⎯⎯⎯⎯⎯⎯⎯⎯⎯⎯⎯⎯⎯⎯⎯[11/31]⎯[22m[39m

[41m[1m FAIL [22m[49m src/__tests__/home-advantage-dashboard.test.tsx[2m > [22mHomeAdvantageDashboard[2m > [22mhandles empty dome/outdoor data
[31m[1mTestingLibraryElementError[22m[39m: Found multiple elements with the text: Dome Home Advantage

Here are the matching elements:

Ignored nodes: comments, script, style
[36m<h3[39m
  [33mclass[39m=[32m"text-xs font-semibold uppercase tracking-wider text-[#5a6a7a]"[39m
[36m>[39m
  [0mDome Home Advantage[0m
[36m</h3>[39m

Ignored nodes: comments, script, style
[36m<h3[39m
  [33mclass[39m=[32m"text-xs font-semibold uppercase tracking-wider text-[#5a6a7a]"[39m
[36m>[39m
  [0mDome Home Advantage[0m
[36m</h3>[39m

Ignored nodes: comments, script, style
[36m<h3[39m
  [33mclass[39m=[32m"text-xs font-semibold uppercase tracking-wider text-[#5a6a7a]"[39m
[36m>[39m
  [0mDome Home Advantage[0m
[36m</h3>[39m

Ignored nodes: comments, script, style
[36m<h3[39m
  [33mclass[39m=[32m"text-xs font-semibold uppercase tracking-wider text-[#5a6a7a]"[39m
[36m>[39m
  [0mDome Home Advantage[0m
[36m</h3>[39m

Ignored nodes: comments, script, style
[36m<h3[39m
  [33mclass[39m=[32m"text-xs font-semibold uppercase tracking-wider text-[#5a6a7a]"[39m
[36m>[39m
  [0mDome Home Advantage[0m
[36m</h3>[39m

Ignored nodes: comments, script, style
[36m<h3[39m
  [33mclass[39m=[32m"text-xs font-semibold uppercase tracking-wider text-[#5a6a7a]"[39m
[36m>[39m
  [0mDome Home Advantage[0m
[36m</h3>[39m

Ignored nodes: comments, script, style
[36m<h3[39m
  [33mclass[39m=[32m"text-xs font-semibold uppercase tracking-wider text-[#5a6a7a]"[39m
[36m>[39m
  [0mDome Home Advantage[0m
[36m</h3>[39m

Ignored nodes: comments, script, style
[36m<h3[39m
  [33mclass[39m=[32m"text-xs font-semibold uppercase tracking-wider text-[#5a6a7a]"[39m
[36m>[39m
  [0mDome Home Advantage[0m
[36m</h3>[39m

Ignored nodes: comments, script, style
[36m<h3[39m
  [33mclass[39m=[32m"text-xs font-semibold uppercase tracking-wider text-[#5a6a7a]"[39m
[36m>[39m
  [0mDome Home Advantage[0m
[36m</h3>[39m

Ignored nodes: comments, script, style
[36m<h3[39m
  [33mclass[39m=[32m"text-xs font-semibold uppercase tracking-wider text-[#5a6a7a]"[39m
[36m>[39m
  [0mDome Home Advantage[0m
[36m</h3>[39m

Ignored nodes: comments, script, style
[36m<h3[39m
  [33mclass[39m=[32m"text-xs font-semibold uppercase tracking-wider text-[#5a6a7a]"[39m
[36m>[39m
  [0mDome Home Advantage[0m
[36m</h3>[39m

Ignored nodes: comments, script, style
[36m<h3[39m
  [33mclass[39m=[32m"text-xs font-semibold uppercase tracking-wider text-[#5a6a7a]"[39m
[36m>[39m
  [0mDome Home Advantage[0m
[36m</h3>[39m

(If this is intentional, then use the `*AllBy*` variant of the query (like `queryAllByText`, `getAllByText`, or `findAllByText`)).

Ignored nodes: comments, script, style
[36m<body>[39m
  [36m<div>[39m
    [36m<div[39m
      [33mclass[39m=[32m"flex items-center justify-center py-20"[39m
    [36m>[39m
      [36m<p[39m
        [33mclass[39m=[32m"text-sm text-[#5a6a7a]"[39m
      [36m>[39m
        [0mLoading home advantage data...[0m
      [36m</p>[39m
    [36m</div>[39m
  [36m</div>[39m
  [36m<div>[39m
    [36m<div[39m
      [33mclass[39m=[32m"flex items-center justify-center py-20"[39m
    [36m>[39m
      [36m<p[39m
        [33mclass[39m=[32m"text-sm text-[#ef4444]"[39m
      [36m>[39m
        [0mFailed to load home advantage data.[0m
      [36m</p>[39m
    [36m</div>[39m
  [36m</div>[39m
  [36m<div />[39m
  [36m<div>[39m
    [36m<div[39m
      [33mclass[39m=[32m"space-y-6"[39m
    [36m>[39m
      [36m<div[39m
        [33mclass[39m=[32m"grid grid-cols-2 gap-3 sm:grid-cols-3 lg:grid-cols-4"[39m
      [36m>[39m
        [36m<div[39m
          [33mclass[39m=[32m"flex flex-col items-center rounded-lg border border-[#1e2a45] bg-[#141b2d] px-4 py-4"[39m
        [36m>[39m
          [36m<span[39m
            [33mclass[39m=[32m"text-xs font-medium uppercase tracking-wider text-[#5a6a7a]"[39m
          [36m>[39m
            [0mHome Win %[0m
          [36m</span>[39m
          [36m<span[39m
            [33mclass[39m=[32m"mt-1 text-xl font-bold text-[#f0f0f0]"[39m
          [36m/>[39m
          [36m<span[39m
            [33mclass[39m=[32m"mt-0.5 text-xs text-[#8899aa]"[39m
          [36m>[39m
            [0mall games[0m
          [36m</span>[39m
        [36m</div>[39m
        [36m<div[39m
          [33mclass[39m=[32m"flex flex-col items-center rounded-lg border border-[#1e2a45] bg-[#141b2d] px-4 py-4"[39m
        [36m>[39m
          [36m<span[39m
            [33mclass[39m=[32m"text-xs font-medium uppercase tracking-wider text-[#5a6a7a]"[39m
          [36m>[39m
            [0mHome Cover %[0m
          [36m</span>[39m
          [36m<span[39m
            [33mclass[39m=[32m"mt-1 text-xl font-bold text-[#f0f0f0]"[39m
          [36m/>[39m
          [36m<span[39m
            [33mclass[39m=[32m"mt-0.5 text-xs text-[#8899aa]"[39m
          [36m>[39m
            [0mwhen spread exists[0m
          [36m</span>[39m
        [36m</div>[39m
        [36m<div[39m
          [33mclass[39m=[32m"flex flex-col items-center rounded-lg border border-[#1e2a45] bg-[#141b2d] px-4 py-4"[39m
        [36m>[39m
          [36m<span[39m
            [33mclass[39m=[32m"text-xs font-medium uppercase tracking-wider text-[#5a6a7a]"[39m
          [36m>[39m
            [0mScoring Advantage[0m
          [36m</span>[39m
          [36m<span[39m
            [33mclass[39m=[32m"mt-1 text-xl font-bold text-[#f0f0f0]"[39m
          [36m/>[39m
          [36m<span[39m
            [33mclass[39m=[32m"mt-0.5 text-xs text-[#8899aa]"[39m
          [36m>[39m
            [0mpoints per game[0m
          [36m</span>[39m
        [36m</div>[39m
        [36m<div[39m
          [33mclass[39m=[32m"flex flex-col items-center rounded-lg border border-[#1e2a45] bg-[#141b2d] px-4 py-4"[39m
        [36m>[39m
          [36m<span[39m
            [33mclass[39m=[32m"text-xs font-medium uppercase tracking-wider text-[#5a6a7a]"[39m
          [36m>[39m
            [0mPlayoff vs Regular[0m
          [36m</span>[39m
          [36m<span[39m
            [33mclass[39m=[32m"mt-1 text-xl font-bold text-[#f0f0f0]"[39m
          [36m/>[39m
          [36m<span[39m
            [33mclass[39m=[32m"mt-0.5 text-xs text-[#8899aa]"[39m
          [36m>[39m
            [0mregular season[0m
          [36m</span>[39m
        [36m</div>[39m
      [36m</div>[39m
      [36m<div[39m
        [33mclass[39m=[32m"grid gap-4 md:grid-cols-2"[39m
      [36m>[39m
        [36m<div[39m
          [33mclass[39m=[32m"rounded-lg border border-[#1e2a45] bg-[#141b2d]"[39m
        [36m>[39m
          [36m<div[39m
            [33mclass[39m=[32m"border-b border-[#1e2a45] px-5 py-3"[39m
          [36m>[39m
            [36m<h3[39m
              [33mclass[39m=[32m"text-xs font-semibold uppercase tracking-wider text-[#5a6a7a]"[39m
            [36m>[39m
              [0mRegular Season Home Advantage[0m
            [36m</h3>[39m
          [36m</div>[39m
          [36m<div[39m
            [33mclass[39m=[32m"px-5 py-4"[39m
          [36m>[39m
            [36m<div[39m
              [33mclass[39m=[32m"flex items-center justify-between py-2"[39m
            [36m>[39m
              [36m<span[39m
                [33mclass[39m=[32m"text-sm text-[#8899aa]"[39m
              [36m>[39m
                [0mHome Win %[0m
              [36m</span>[39m
              [36m<span[39m
                [33mclass[39m=[32m"text-sm font-medium text-[#22c55e]"[39m
              [36m>[39m
                [0m57.0%[0m
              [36m</span>[39m
            [36m</div>[39m
          [36m</div>[39m
        [36m</div>[39m
        [36m<div[39m
          [33mclass[39m=[32m"rounded-lg border border-[#1e2a45] bg-[#141b2d]"[39m
        [36m>[39m
          [36m<div[39m
            [33mclass[39m=[32m"border-b border-[#1e2a45] px-5 py-3"[39m
          [36m>[39m
            [36m<h3[39m
              [33mclass[39m=[32m"text-xs font-semibold uppercase tracking-wider text-[#5a6a7a]"[39m
            [36m>[39m
              [0mPlayoff Home Advantage[0m
            [36m</h3>[39m
          [36m</div>[39m
          [36m<div[39m
            [33mclass[39m=[32m"px-5 py-4"[39m
          [36m>[39m
            [36m<div[39m
              [33mclass[39m=[32m"flex items-center justify-between py-2"[39m
            [36m>[39m
              [36m<span[39m
                [33mclass[39m=[32m"text-sm text-[#8899aa]"[39m
              [36m>[39m
                [0mHome Win %[0m
              [36m</span>[39m
              [36m<span[39m
                [33mclass[39m=[32m"text-sm font-medium text-[#22c55e]"[39m
              [36m>[39m
                [0m60.0%[0m
              [36m</span>[39m
            [36m</div>[39m
          [36m</div>[39m
        [36m</div>[39m
      [36m</div>[39m
      [36m<div[39m
        [33mclass[39m=[32m"grid gap-4 md:grid-cols-2"[39m
      [36m>[39m
        [36m<div[39m
          [33mclass[39m=[32m"rounded-lg border border-[#1e2a45] bg-[#141b2d]"[39m
        [36m>[39m
          [36m<div[39m
            [33mclass[39m=[32m"border-b border-[#1e2a45] px-5 py-3"[39m
          [36m>[39m
            [36m<h3[39m
              [33mclass[39m=[32m"text-xs font-semibold uppercase tracking-wider text-[#5a6a7a]"[39m
            [36m>[39m
              [0mDome Home Advantage[0m
            [36m</h3>[39m
          [36m</div>[39m
          [36m<div[39m
            [33mclass[39m=[32m"px-5 py-4...
[90m [2m❯[22m Object.getElementError node_modules/@testing-library/dom/dist/config.js:[2m37:19[22m[39m
[90m [2m❯[22m getElementError node_modules/@testing-library/dom/dist/query-helpers.js:[2m20:35[22m[39m
[90m [2m❯[22m getMultipleElementsFoundError node_modules/@testing-library/dom/dist/query-helpers.js:[2m23:10[22m[39m
[90m [2m❯[22m node_modules/@testing-library/dom/dist/query-helpers.js:[2m55:13[22m[39m
[90m [2m❯[22m node_modules/@testing-library/dom/dist/query-helpers.js:[2m95:19[22m[39m
[36m [2m❯[22m src/__tests__/home-advantage-dashboard.test.tsx:[2m129:19[22m[39m
    [90m127| [39m    }[33m;[39m
    [90m128| [39m    render(<HomeAdvantageDashboard data={noConditionsData} isLoading={…
    [90m129| [39m    [34mexpect[39m(screen[33m.[39m[34mqueryByText[39m([32m"Dome Home Advantage"[39m))[33m.[39m[34mtoBeFalsy[39m()[33m;[39m
    [90m   | [39m                  [31m^[39m
    [90m130| [39m  })[33m;[39m
    [90m131| [39m

[31m[2m⎯⎯⎯⎯⎯⎯⎯⎯⎯⎯⎯⎯⎯⎯⎯⎯⎯⎯⎯⎯⎯⎯[12/31]⎯[22m[39m

[41m[1m FAIL [22m[49m src/__tests__/home-advantage-dashboard.test.tsx[2m > [22mHomeAdvantageDashboard[2m > [22mhandles empty season trends
[31m[1mTestingLibraryElementError[22m[39m: Found multiple elements with the text: Home Win % by Season

Here are the matching elements:

Ignored nodes: comments, script, style
[36m<h3[39m
  [33mclass[39m=[32m"text-xs font-semibold uppercase tracking-wider text-[#5a6a7a]"[39m
[36m>[39m
  [0mHome Win % by Season[0m
[36m</h3>[39m

Ignored nodes: comments, script, style
[36m<h3[39m
  [33mclass[39m=[32m"text-xs font-semibold uppercase tracking-wider text-[#5a6a7a]"[39m
[36m>[39m
  [0mHome Win % by Season[0m
[36m</h3>[39m

Ignored nodes: comments, script, style
[36m<h3[39m
  [33mclass[39m=[32m"text-xs font-semibold uppercase tracking-wider text-[#5a6a7a]"[39m
[36m>[39m
  [0mHome Win % by Season[0m
[36m</h3>[39m

Ignored nodes: comments, script, style
[36m<h3[39m
  [33mclass[39m=[32m"text-xs font-semibold uppercase tracking-wider text-[#5a6a7a]"[39m
[36m>[39m
  [0mHome Win % by Season[0m
[36m</h3>[39m

Ignored nodes: comments, script, style
[36m<h3[39m
  [33mclass[39m=[32m"text-xs font-semibold uppercase tracking-wider text-[#5a6a7a]"[39m
[36m>[39m
  [0mHome Win % by Season[0m
[36m</h3>[39m

Ignored nodes: comments, script, style
[36m<h3[39m
  [33mclass[39m=[32m"text-xs font-semibold uppercase tracking-wider text-[#5a6a7a]"[39m
[36m>[39m
  [0mHome Win % by Season[0m
[36m</h3>[39m

Ignored nodes: comments, script, style
[36m<h3[39m
  [33mclass[39m=[32m"text-xs font-semibold uppercase tracking-wider text-[#5a6a7a]"[39m
[36m>[39m
  [0mHome Win % by Season[0m
[36m</h3>[39m

Ignored nodes: comments, script, style
[36m<h3[39m
  [33mclass[39m=[32m"text-xs font-semibold uppercase tracking-wider text-[#5a6a7a]"[39m
[36m>[39m
  [0mHome Win % by Season[0m
[36m</h3>[39m

Ignored nodes: comments, script, style
[36m<h3[39m
  [33mclass[39m=[32m"text-xs font-semibold uppercase tracking-wider text-[#5a6a7a]"[39m
[36m>[39m
  [0mHome Win % by Season[0m
[36m</h3>[39m

Ignored nodes: comments, script, style
[36m<h3[39m
  [33mclass[39m=[32m"text-xs font-semibold uppercase tracking-wider text-[#5a6a7a]"[39m
[36m>[39m
  [0mHome Win % by Season[0m
[36m</h3>[39m

Ignored nodes: comments, script, style
[36m<h3[39m
  [33mclass[39m=[32m"text-xs font-semibold uppercase tracking-wider text-[#5a6a7a]"[39m
[36m>[39m
  [0mHome Win % by Season[0m
[36m</h3>[39m

Ignored nodes: comments, script, style
[36m<h3[39m
  [33mclass[39m=[32m"text-xs font-semibold uppercase tracking-wider text-[#5a6a7a]"[39m
[36m>[39m
  [0mHome Win % by Season[0m
[36m</h3>[39m

Ignored nodes: comments, script, style
[36m<h3[39m
  [33mclass[39m=[32m"text-xs font-semibold uppercase tracking-wider text-[#5a6a7a]"[39m
[36m>[39m
  [0mHome Win % by Season[0m
[36m</h3>[39m

(If this is intentional, then use the `*AllBy*` variant of the query (like `queryAllByText`, `getAllByText`, or `findAllByText`)).

Ignored nodes: comments, script, style
[36m<body>[39m
  [36m<div>[39m
    [36m<div[39m
      [33mclass[39m=[32m"flex items-center justify-center py-20"[39m
    [36m>[39m
      [36m<p[39m
        [33mclass[39m=[32m"text-sm text-[#5a6a7a]"[39m
      [36m>[39m
        [0mLoading home advantage data...[0m
      [36m</p>[39m
    [36m</div>[39m
  [36m</div>[39m
  [36m<div>[39m
    [36m<div[39m
      [33mclass[39m=[32m"flex items-center justify-center py-20"[39m
    [36m>[39m
      [36m<p[39m
        [33mclass[39m=[32m"text-sm text-[#ef4444]"[39m
      [36m>[39m
        [0mFailed to load home advantage data.[0m
      [36m</p>[39m
    [36m</div>[39m
  [36m</div>[39m
  [36m<div />[39m
  [36m<div>[39m
    [36m<div[39m
      [33mclass[39m=[32m"space-y-6"[39m
    [36m>[39m
      [36m<div[39m
        [33mclass[39m=[32m"grid grid-cols-2 gap-3 sm:grid-cols-3 lg:grid-cols-4"[39m
      [36m>[39m
        [36m<div[39m
          [33mclass[39m=[32m"flex flex-col items-center rounded-lg border border-[#1e2a45] bg-[#141b2d] px-4 py-4"[39m
        [36m>[39m
          [36m<span[39m
            [33mclass[39m=[32m"text-xs font-medium uppercase tracking-wider text-[#5a6a7a]"[39m
          [36m>[39m
            [0mHome Win %[0m
          [36m</span>[39m
          [36m<span[39m
            [33mclass[39m=[32m"mt-1 text-xl font-bold text-[#f0f0f0]"[39m
          [36m/>[39m
          [36m<span[39m
            [33mclass[39m=[32m"mt-0.5 text-xs text-[#8899aa]"[39m
          [36m>[39m
            [0mall games[0m
          [36m</span>[39m
        [36m</div>[39m
        [36m<div[39m
          [33mclass[39m=[32m"flex flex-col items-center rounded-lg border border-[#1e2a45] bg-[#141b2d] px-4 py-4"[39m
        [36m>[39m
          [36m<span[39m
            [33mclass[39m=[32m"text-xs font-medium uppercase tracking-wider text-[#5a6a7a]"[39m
          [36m>[39m
            [0mHome Cover %[0m
          [36m</span>[39m
          [36m<span[39m
            [33mclass[39m=[32m"mt-1 text-xl font-bold text-[#f0f0f0]"[39m
          [36m/>[39m
          [36m<span[39m
            [33mclass[39m=[32m"mt-0.5 text-xs text-[#8899aa]"[39m
          [36m>[39m
            [0mwhen spread exists[0m
          [36m</span>[39m
        [36m</div>[39m
        [36m<div[39m
          [33mclass[39m=[32m"flex flex-col items-center rounded-lg border border-[#1e2a45] bg-[#141b2d] px-4 py-4"[39m
        [36m>[39m
          [36m<span[39m
            [33mclass[39m=[32m"text-xs font-medium uppercase tracking-wider text-[#5a6a7a]"[39m
          [36m>[39m
            [0mScoring Advantage[0m
          [36m</span>[39m
          [36m<span[39m
            [33mclass[39m=[32m"mt-1 text-xl font-bold text-[#f0f0f0]"[39m
          [36m/>[39m
          [36m<span[39m
            [33mclass[39m=[32m"mt-0.5 text-xs text-[#8899aa]"[39m
          [36m>[39m
            [0mpoints per game[0m
          [36m</span>[39m
        [36m</div>[39m
        [36m<div[39m
          [33mclass[39m=[32m"flex flex-col items-center rounded-lg border border-[#1e2a45] bg-[#141b2d] px-4 py-4"[39m
        [36m>[39m
          [36m<span[39m
            [33mclass[39m=[32m"text-xs font-medium uppercase tracking-wider text-[#5a6a7a]"[39m
          [36m>[39m
            [0mPlayoff vs Regular[0m
          [36m</span>[39m
          [36m<span[39m
            [33mclass[39m=[32m"mt-1 text-xl font-bold text-[#f0f0f0]"[39m
          [36m/>[39m
          [36m<span[39m
            [33mclass[39m=[32m"mt-0.5 text-xs text-[#8899aa]"[39m
          [36m>[39m
            [0mregular season[0m
          [36m</span>[39m
        [36m</div>[39m
      [36m</div>[39m
      [36m<div[39m
        [33mclass[39m=[32m"grid gap-4 md:grid-cols-2"[39m
      [36m>[39m
        [36m<div[39m
          [33mclass[39m=[32m"rounded-lg border border-[#1e2a45] bg-[#141b2d]"[39m
        [36m>[39m
          [36m<div[39m
            [33mclass[39m=[32m"border-b border-[#1e2a45] px-5 py-3"[39m
          [36m>[39m
            [36m<h3[39m
              [33mclass[39m=[32m"text-xs font-semibold uppercase tracking-wider text-[#5a6a7a]"[39m
            [36m>[39m
              [0mRegular Season Home Advantage[0m
            [36m</h3>[39m
          [36m</div>[39m
          [36m<div[39m
            [33mclass[39m=[32m"px-5 py-4"[39m
          [36m>[39m
            [36m<div[39m
              [33mclass[39m=[32m"flex items-center justify-between py-2"[39m
            [36m>[39m
              [36m<span[39m
                [33mclass[39m=[32m"text-sm text-[#8899aa]"[39m
              [36m>[39m
                [0mHome Win %[0m
              [36m</span>[39m
              [36m<span[39m
                [33mclass[39m=[32m"text-sm font-medium text-[#22c55e]"[39m
              [36m>[39m
                [0m57.0%[0m
              [36m</span>[39m
            [36m</div>[39m
          [36m</div>[39m
        [36m</div>[39m
        [36m<div[39m
          [33mclass[39m=[32m"rounded-lg border border-[#1e2a45] bg-[#141b2d]"[39m
        [36m>[39m
          [36m<div[39m
            [33mclass[39m=[32m"border-b border-[#1e2a45] px-5 py-3"[39m
          [36m>[39m
            [36m<h3[39m
              [33mclass[39m=[32m"text-xs font-semibold uppercase tracking-wider text-[#5a6a7a]"[39m
            [36m>[39m
              [0mPlayoff Home Advantage[0m
            [36m</h3>[39m
          [36m</div>[39m
          [36m<div[39m
            [33mclass[39m=[32m"px-5 py-4"[39m
          [36m>[39m
            [36m<div[39m
              [33mclass[39m=[32m"flex items-center justify-between py-2"[39m
            [36m>[39m
              [36m<span[39m
                [33mclass[39m=[32m"text-sm text-[#8899aa]"[39m
              [36m>[39m
                [0mHome Win %[0m
              [36m</span>[39m
              [36m<span[39m
                [33mclass[39m=[32m"text-sm font-medium text-[#22c55e]"[39m
              [36m>[39m
                [0m60.0%[0m
              [36m</span>[39m
            [36m</div>[39m
          [36m</div>[39m
        [36m</div>[39m
      [36m</div>[39m
      [36m<div[39m
        [33mclass[39m=[32m"grid gap-4 md:grid-cols-2"[39m
      [36m>[39m
        [36m<div[39m
          [33mclass[39m=[32m"rounded-lg border border-[#1e2a45] bg-[#141b2d]"[39m
        [36m>[39m
          [36m<div[39m
            [33mclass[39m=[32m"border-b border-[#1e2a45] px-5 py-3"[39m
          [36m>[39m
            [36m<h3[39m
              [33mclass[39m=[32m"text-xs font-semibold uppercase tracking-wider text-[#5a6a7a]"[39m
            [36m>[39m
              [0mDome Home Advantage[0m
            [36m</h3>[39m
          [36m</div>[39m
          [36m<div[39m
            [33mclass[39m=[32m"px-5 py-4...
[90m [2m❯[22m Object.getElementError node_modules/@testing-library/dom/dist/config.js:[2m37:19[22m[39m
[90m [2m❯[22m getElementError node_modules/@testing-library/dom/dist/query-helpers.js:[2m20:35[22m[39m
[90m [2m❯[22m getMultipleElementsFoundError node_modules/@testing-library/dom/dist/query-helpers.js:[2m23:10[22m[39m
[90m [2m❯[22m node_modules/@testing-library/dom/dist/query-helpers.js:[2m55:13[22m[39m
[90m [2m❯[22m node_modules/@testing-library/dom/dist/query-helpers.js:[2m95:19[22m[39m
[36m [2m❯[22m src/__tests__/home-advantage-dashboard.test.tsx:[2m138:19[22m[39m
    [90m136| [39m    }[33m;[39m
    [90m137| [39m    render(<HomeAdvantageDashboard data={noTrendsData} isLoading={fals…
    [90m138| [39m    [34mexpect[39m(screen[33m.[39m[34mqueryByText[39m([32m"Home Win % by Season"[39m))[33m.[39m[34mtoBeFalsy[39m()[33m;[39m
    [90m   | [39m                  [31m^[39m
    [90m139| [39m  })[33m;[39m
    [90m140| [39m

[31m[2m⎯⎯⎯⎯⎯⎯⎯⎯⎯⎯⎯⎯⎯⎯⎯⎯⎯⎯⎯⎯⎯⎯[13/31]⎯[22m[39m

[41m[1m FAIL [22m[49m src/__tests__/home-advantage-dashboard.test.tsx[2m > [22mHomeAdvantageDashboard[2m > [22mhandles empty day of week breakdown
[31m[1mTestingLibraryElementError[22m[39m: Found multiple elements with the text: Home Advantage by Day of Week

Here are the matching elements:

Ignored nodes: comments, script, style
[36m<h3[39m
  [33mclass[39m=[32m"text-xs font-semibold uppercase tracking-wider text-[#5a6a7a]"[39m
[36m>[39m
  [0mHome Advantage by Day of Week[0m
[36m</h3>[39m

Ignored nodes: comments, script, style
[36m<h3[39m
  [33mclass[39m=[32m"text-xs font-semibold uppercase tracking-wider text-[#5a6a7a]"[39m
[36m>[39m
  [0mHome Advantage by Day of Week[0m
[36m</h3>[39m

Ignored nodes: comments, script, style
[36m<h3[39m
  [33mclass[39m=[32m"text-xs font-semibold uppercase tracking-wider text-[#5a6a7a]"[39m
[36m>[39m
  [0mHome Advantage by Day of Week[0m
[36m</h3>[39m

Ignored nodes: comments, script, style
[36m<h3[39m
  [33mclass[39m=[32m"text-xs font-semibold uppercase tracking-wider text-[#5a6a7a]"[39m
[36m>[39m
  [0mHome Advantage by Day of Week[0m
[36m</h3>[39m

Ignored nodes: comments, script, style
[36m<h3[39m
  [33mclass[39m=[32m"text-xs font-semibold uppercase tracking-wider text-[#5a6a7a]"[39m
[36m>[39m
  [0mHome Advantage by Day of Week[0m
[36m</h3>[39m

Ignored nodes: comments, script, style
[36m<h3[39m
  [33mclass[39m=[32m"text-xs font-semibold uppercase tracking-wider text-[#5a6a7a]"[39m
[36m>[39m
  [0mHome Advantage by Day of Week[0m
[36m</h3>[39m

Ignored nodes: comments, script, style
[36m<h3[39m
  [33mclass[39m=[32m"text-xs font-semibold uppercase tracking-wider text-[#5a6a7a]"[39m
[36m>[39m
  [0mHome Advantage by Day of Week[0m
[36m</h3>[39m

Ignored nodes: comments, script, style
[36m<h3[39m
  [33mclass[39m=[32m"text-xs font-semibold uppercase tracking-wider text-[#5a6a7a]"[39m
[36m>[39m
  [0mHome Advantage by Day of Week[0m
[36m</h3>[39m

Ignored nodes: comments, script, style
[36m<h3[39m
  [33mclass[39m=[32m"text-xs font-semibold uppercase tracking-wider text-[#5a6a7a]"[39m
[36m>[39m
  [0mHome Advantage by Day of Week[0m
[36m</h3>[39m

Ignored nodes: comments, script, style
[36m<h3[39m
  [33mclass[39m=[32m"text-xs font-semibold uppercase tracking-wider text-[#5a6a7a]"[39m
[36m>[39m
  [0mHome Advantage by Day of Week[0m
[36m</h3>[39m

Ignored nodes: comments, script, style
[36m<h3[39m
  [33mclass[39m=[32m"text-xs font-semibold uppercase tracking-wider text-[#5a6a7a]"[39m
[36m>[39m
  [0mHome Advantage by Day of Week[0m
[36m</h3>[39m

Ignored nodes: comments, script, style
[36m<h3[39m
  [33mclass[39m=[32m"text-xs font-semibold uppercase tracking-wider text-[#5a6a7a]"[39m
[36m>[39m
  [0mHome Advantage by Day of Week[0m
[36m</h3>[39m

Ignored nodes: comments, script, style
[36m<h3[39m
  [33mclass[39m=[32m"text-xs font-semibold uppercase tracking-wider text-[#5a6a7a]"[39m
[36m>[39m
  [0mHome Advantage by Day of Week[0m
[36m</h3>[39m

Ignored nodes: comments, script, style
[36m<h3[39m
  [33mclass[39m=[32m"text-xs font-semibold uppercase tracking-wider text-[#5a6a7a]"[39m
[36m>[39m
  [0mHome Advantage by Day of Week[0m
[36m</h3>[39m

(If this is intentional, then use the `*AllBy*` variant of the query (like `queryAllByText`, `getAllByText`, or `findAllByText`)).

Ignored nodes: comments, script, style
[36m<body>[39m
  [36m<div>[39m
    [36m<div[39m
      [33mclass[39m=[32m"flex items-center justify-center py-20"[39m
    [36m>[39m
      [36m<p[39m
        [33mclass[39m=[32m"text-sm text-[#5a6a7a]"[39m
      [36m>[39m
        [0mLoading home advantage data...[0m
      [36m</p>[39m
    [36m</div>[39m
  [36m</div>[39m
  [36m<div>[39m
    [36m<div[39m
      [33mclass[39m=[32m"flex items-center justify-center py-20"[39m
    [36m>[39m
      [36m<p[39m
        [33mclass[39m=[32m"text-sm text-[#ef4444]"[39m
      [36m>[39m
        [0mFailed to load home advantage data.[0m
      [36m</p>[39m
    [36m</div>[39m
  [36m</div>[39m
  [36m<div />[39m
  [36m<div>[39m
    [36m<div[39m
      [33mclass[39m=[32m"space-y-6"[39m
    [36m>[39m
      [36m<div[39m
        [33mclass[39m=[32m"grid grid-cols-2 gap-3 sm:grid-cols-3 lg:grid-cols-4"[39m
      [36m>[39m
        [36m<div[39m
          [33mclass[39m=[32m"flex flex-col items-center rounded-lg border border-[#1e2a45] bg-[#141b2d] px-4 py-4"[39m
        [36m>[39m
          [36m<span[39m
            [33mclass[39m=[32m"text-xs font-medium uppercase tracking-wider text-[#5a6a7a]"[39m
          [36m>[39m
            [0mHome Win %[0m
          [36m</span>[39m
          [36m<span[39m
            [33mclass[39m=[32m"mt-1 text-xl font-bold text-[#f0f0f0]"[39m
          [36m/>[39m
          [36m<span[39m
            [33mclass[39m=[32m"mt-0.5 text-xs text-[#8899aa]"[39m
          [36m>[39m
            [0mall games[0m
          [36m</span>[39m
        [36m</div>[39m
        [36m<div[39m
          [33mclass[39m=[32m"flex flex-col items-center rounded-lg border border-[#1e2a45] bg-[#141b2d] px-4 py-4"[39m
        [36m>[39m
          [36m<span[39m
            [33mclass[39m=[32m"text-xs font-medium uppercase tracking-wider text-[#5a6a7a]"[39m
          [36m>[39m
            [0mHome Cover %[0m
          [36m</span>[39m
          [36m<span[39m
            [33mclass[39m=[32m"mt-1 text-xl font-bold text-[#f0f0f0]"[39m
          [36m/>[39m
          [36m<span[39m
            [33mclass[39m=[32m"mt-0.5 text-xs text-[#8899aa]"[39m
          [36m>[39m
            [0mwhen spread exists[0m
          [36m</span>[39m
        [36m</div>[39m
        [36m<div[39m
          [33mclass[39m=[32m"flex flex-col items-center rounded-lg border border-[#1e2a45] bg-[#141b2d] px-4 py-4"[39m
        [36m>[39m
          [36m<span[39m
            [33mclass[39m=[32m"text-xs font-medium uppercase tracking-wider text-[#5a6a7a]"[39m
          [36m>[39m
            [0mScoring Advantage[0m
          [36m</span>[39m
          [36m<span[39m
            [33mclass[39m=[32m"mt-1 text-xl font-bold text-[#f0f0f0]"[39m
          [36m/>[39m
          [36m<span[39m
            [33mclass[39m=[32m"mt-0.5 text-xs text-[#8899aa]"[39m
          [36m>[39m
            [0mpoints per game[0m
          [36m</span>[39m
        [36m</div>[39m
        [36m<div[39m
          [33mclass[39m=[32m"flex flex-col items-center rounded-lg border border-[#1e2a45] bg-[#141b2d] px-4 py-4"[39m
        [36m>[39m
          [36m<span[39m
            [33mclass[39m=[32m"text-xs font-medium uppercase tracking-wider text-[#5a6a7a]"[39m
          [36m>[39m
            [0mPlayoff vs Regular[0m
          [36m</span>[39m
          [36m<span[39m
            [33mclass[39m=[32m"mt-1 text-xl font-bold text-[#f0f0f0]"[39m
          [36m/>[39m
          [36m<span[39m
            [33mclass[39m=[32m"mt-0.5 text-xs text-[#8899aa]"[39m
          [36m>[39m
            [0mregular season[0m
          [36m</span>[39m
        [36m</div>[39m
      [36m</div>[39m
      [36m<div[39m
        [33mclass[39m=[32m"grid gap-4 md:grid-cols-2"[39m
      [36m>[39m
        [36m<div[39m
          [33mclass[39m=[32m"rounded-lg border border-[#1e2a45] bg-[#141b2d]"[39m
        [36m>[39m
          [36m<div[39m
            [33mclass[39m=[32m"border-b border-[#1e2a45] px-5 py-3"[39m
          [36m>[39m
            [36m<h3[39m
              [33mclass[39m=[32m"text-xs font-semibold uppercase tracking-wider text-[#5a6a7a]"[39m
            [36m>[39m
              [0mRegular Season Home Advantage[0m
            [36m</h3>[39m
          [36m</div>[39m
          [36m<div[39m
            [33mclass[39m=[32m"px-5 py-4"[39m
          [36m>[39m
            [36m<div[39m
              [33mclass[39m=[32m"flex items-center justify-between py-2"[39m
            [36m>[39m
              [36m<span[39m
                [33mclass[39m=[32m"text-sm text-[#8899aa]"[39m
              [36m>[39m
                [0mHome Win %[0m
              [36m</span>[39m
              [36m<span[39m
                [33mclass[39m=[32m"text-sm font-medium text-[#22c55e]"[39m
              [36m>[39m
                [0m57.0%[0m
              [36m</span>[39m
            [36m</div>[39m
          [36m</div>[39m
        [36m</div>[39m
        [36m<div[39m
          [33mclass[39m=[32m"rounded-lg border border-[#1e2a45] bg-[#141b2d]"[39m
        [36m>[39m
          [36m<div[39m
            [33mclass[39m=[32m"border-b border-[#1e2a45] px-5 py-3"[39m
          [36m>[39m
            [36m<h3[39m
              [33mclass[39m=[32m"text-xs font-semibold uppercase tracking-wider text-[#5a6a7a]"[39m
            [36m>[39m
              [0mPlayoff Home Advantage[0m
            [36m</h3>[39m
          [36m</div>[39m
          [36m<div[39m
            [33mclass[39m=[32m"px-5 py-4"[39m
          [36m>[39m
            [36m<div[39m
              [33mclass[39m=[32m"flex items-center justify-between py-2"[39m
            [36m>[39m
              [36m<span[39m
                [33mclass[39m=[32m"text-sm text-[#8899aa]"[39m
              [36m>[39m
                [0mHome Win %[0m
              [36m</span>[39m
              [36m<span[39m
                [33mclass[39m=[32m"text-sm font-medium text-[#22c55e]"[39m
              [36m>[39m
                [0m60.0%[0m
              [36m</span>[39m
            [36m</div>[39m
          [36m</div>[39m
        [36m</div>[39m
      [36m</div>[39m
      [36m<div[39m
        [33mclass[39m=[32m"grid gap-4 md:grid-cols-2"[39m
      [36m>[39m
        [36m<div[39m
          [33mclass[39m=[32m"rounded-lg border border-[#1e2a45] bg-[#141b2d]"[39m
        [36m>[39m
          [36m<div[39m
            [33mclass[39m=[32m"border-b border-[#1e2a45] px-5 py-3"[39m
          [36m>[39m
            [36m<h3[39m
              [33mclass[39m=[32m"text-xs font-semibold uppercase tracking-wider text-[#5a6a7a]"[39m
            [36m>[39m
              [0mDome Home Advantage[0m
            [36m</h3>[39m
          [36m</div>[39m
          [36m<div[39m
            [33mclass[39m=[32m"px-5 py-4...
[90m [2m❯[22m Object.getElementError node_modules/@testing-library/dom/dist/config.js:[2m37:19[22m[39m
[90m [2m❯[22m getElementError node_modules/@testing-library/dom/dist/query-helpers.js:[2m20:35[22m[39m
[90m [2m❯[22m getMultipleElementsFoundError node_modules/@testing-library/dom/dist/query-helpers.js:[2m23:10[22m[39m
[90m [2m❯[22m node_modules/@testing-library/dom/dist/query-helpers.js:[2m55:13[22m[39m
[90m [2m❯[22m node_modules/@testing-library/dom/dist/query-helpers.js:[2m95:19[22m[39m
[36m [2m❯[22m src/__tests__/home-advantage-dashboard.test.tsx:[2m147:19[22m[39m
    [90m145| [39m    }[33m;[39m
    [90m146| [39m    render(<HomeAdvantageDashboard data={noDayData} isLoading={false} …
    [90m147| [39m    expect(screen.queryByText("Home Advantage by Day of Week")).toBeFa…
    [90m   | [39m                  [31m^[39m
    [90m148| [39m  })[33m;[39m
    [90m149| [39m

[31m[2m⎯⎯⎯⎯⎯⎯⎯⎯⎯⎯⎯⎯⎯⎯⎯⎯⎯⎯⎯⎯⎯⎯[14/31]⎯[22m[39m

[41m[1m FAIL [22m[49m src/__tests__/home-advantage-dashboard.test.tsx[2m > [22mHomeAdvantageDashboard[2m > [22mhandles empty primetime breakdown
[31m[1mTestingLibraryElementError[22m[39m: Found multiple elements with the text: Home Advantage by Primetime Slot

Here are the matching elements:

Ignored nodes: comments, script, style
[36m<h3[39m
  [33mclass[39m=[32m"text-xs font-semibold uppercase tracking-wider text-[#5a6a7a]"[39m
[36m>[39m
  [0mHome Advantage by Primetime Slot[0m
[36m</h3>[39m

Ignored nodes: comments, script, style
[36m<h3[39m
  [33mclass[39m=[32m"text-xs font-semibold uppercase tracking-wider text-[#5a6a7a]"[39m
[36m>[39m
  [0mHome Advantage by Primetime Slot[0m
[36m</h3>[39m

Ignored nodes: comments, script, style
[36m<h3[39m
  [33mclass[39m=[32m"text-xs font-semibold uppercase tracking-wider text-[#5a6a7a]"[39m
[36m>[39m
  [0mHome Advantage by Primetime Slot[0m
[36m</h3>[39m

Ignored nodes: comments, script, style
[36m<h3[39m
  [33mclass[39m=[32m"text-xs font-semibold uppercase tracking-wider text-[#5a6a7a]"[39m
[36m>[39m
  [0mHome Advantage by Primetime Slot[0m
[36m</h3>[39m

Ignored nodes: comments, script, style
[36m<h3[39m
  [33mclass[39m=[32m"text-xs font-semibold uppercase tracking-wider text-[#5a6a7a]"[39m
[36m>[39m
  [0mHome Advantage by Primetime Slot[0m
[36m</h3>[39m

Ignored nodes: comments, script, style
[36m<h3[39m
  [33mclass[39m=[32m"text-xs font-semibold uppercase tracking-wider text-[#5a6a7a]"[39m
[36m>[39m
  [0mHome Advantage by Primetime Slot[0m
[36m</h3>[39m

Ignored nodes: comments, script, style
[36m<h3[39m
  [33mclass[39m=[32m"text-xs font-semibold uppercase tracking-wider text-[#5a6a7a]"[39m
[36m>[39m
  [0mHome Advantage by Primetime Slot[0m
[36m</h3>[39m

Ignored nodes: comments, script, style
[36m<h3[39m
  [33mclass[39m=[32m"text-xs font-semibold uppercase tracking-wider text-[#5a6a7a]"[39m
[36m>[39m
  [0mHome Advantage by Primetime Slot[0m
[36m</h3>[39m

Ignored nodes: comments, script, style
[36m<h3[39m
  [33mclass[39m=[32m"text-xs font-semibold uppercase tracking-wider text-[#5a6a7a]"[39m
[36m>[39m
  [0mHome Advantage by Primetime Slot[0m
[36m</h3>[39m

Ignored nodes: comments, script, style
[36m<h3[39m
  [33mclass[39m=[32m"text-xs font-semibold uppercase tracking-wider text-[#5a6a7a]"[39m
[36m>[39m
  [0mHome Advantage by Primetime Slot[0m
[36m</h3>[39m

Ignored nodes: comments, script, style
[36m<h3[39m
  [33mclass[39m=[32m"text-xs font-semibold uppercase tracking-wider text-[#5a6a7a]"[39m
[36m>[39m
  [0mHome Advantage by Primetime Slot[0m
[36m</h3>[39m

Ignored nodes: comments, script, style
[36m<h3[39m
  [33mclass[39m=[32m"text-xs font-semibold uppercase tracking-wider text-[#5a6a7a]"[39m
[36m>[39m
  [0mHome Advantage by Primetime Slot[0m
[36m</h3>[39m

Ignored nodes: comments, script, style
[36m<h3[39m
  [33mclass[39m=[32m"text-xs font-semibold uppercase tracking-wider text-[#5a6a7a]"[39m
[36m>[39m
  [0mHome Advantage by Primetime Slot[0m
[36m</h3>[39m

Ignored nodes: comments, script, style
[36m<h3[39m
  [33mclass[39m=[32m"text-xs font-semibold uppercase tracking-wider text-[#5a6a7a]"[39m
[36m>[39m
  [0mHome Advantage by Primetime Slot[0m
[36m</h3>[39m

Ignored nodes: comments, script, style
[36m<h3[39m
  [33mclass[39m=[32m"text-xs font-semibold uppercase tracking-wider text-[#5a6a7a]"[39m
[36m>[39m
  [0mHome Advantage by Primetime Slot[0m
[36m</h3>[39m

(If this is intentional, then use the `*AllBy*` variant of the query (like `queryAllByText`, `getAllByText`, or `findAllByText`)).

Ignored nodes: comments, script, style
[36m<body>[39m
  [36m<div>[39m
    [36m<div[39m
      [33mclass[39m=[32m"flex items-center justify-center py-20"[39m
    [36m>[39m
      [36m<p[39m
        [33mclass[39m=[32m"text-sm text-[#5a6a7a]"[39m
      [36m>[39m
        [0mLoading home advantage data...[0m
      [36m</p>[39m
    [36m</div>[39m
  [36m</div>[39m
  [36m<div>[39m
    [36m<div[39m
      [33mclass[39m=[32m"flex items-center justify-center py-20"[39m
    [36m>[39m
      [36m<p[39m
        [33mclass[39m=[32m"text-sm text-[#ef4444]"[39m
      [36m>[39m
        [0mFailed to load home advantage data.[0m
      [36m</p>[39m
    [36m</div>[39m
  [36m</div>[39m
  [36m<div />[39m
  [36m<div>[39m
    [36m<div[39m
      [33mclass[39m=[32m"space-y-6"[39m
    [36m>[39m
      [36m<div[39m
        [33mclass[39m=[32m"grid grid-cols-2 gap-3 sm:grid-cols-3 lg:grid-cols-4"[39m
      [36m>[39m
        [36m<div[39m
          [33mclass[39m=[32m"flex flex-col items-center rounded-lg border border-[#1e2a45] bg-[#141b2d] px-4 py-4"[39m
        [36m>[39m
          [36m<span[39m
            [33mclass[39m=[32m"text-xs font-medium uppercase tracking-wider text-[#5a6a7a]"[39m
          [36m>[39m
            [0mHome Win %[0m
          [36m</span>[39m
          [36m<span[39m
            [33mclass[39m=[32m"mt-1 text-xl font-bold text-[#f0f0f0]"[39m
          [36m/>[39m
          [36m<span[39m
            [33mclass[39m=[32m"mt-0.5 text-xs text-[#8899aa]"[39m
          [36m>[39m
            [0mall games[0m
          [36m</span>[39m
        [36m</div>[39m
        [36m<div[39m
          [33mclass[39m=[32m"flex flex-col items-center rounded-lg border border-[#1e2a45] bg-[#141b2d] px-4 py-4"[39m
        [36m>[39m
          [36m<span[39m
            [33mclass[39m=[32m"text-xs font-medium uppercase tracking-wider text-[#5a6a7a]"[39m
          [36m>[39m
            [0mHome Cover %[0m
          [36m</span>[39m
          [36m<span[39m
            [33mclass[39m=[32m"mt-1 text-xl font-bold text-[#f0f0f0]"[39m
          [36m/>[39m
          [36m<span[39m
            [33mclass[39m=[32m"mt-0.5 text-xs text-[#8899aa]"[39m
          [36m>[39m
            [0mwhen spread exists[0m
          [36m</span>[39m
        [36m</div>[39m
        [36m<div[39m
          [33mclass[39m=[32m"flex flex-col items-center rounded-lg border border-[#1e2a45] bg-[#141b2d] px-4 py-4"[39m
        [36m>[39m
          [36m<span[39m
            [33mclass[39m=[32m"text-xs font-medium uppercase tracking-wider text-[#5a6a7a]"[39m
          [36m>[39m
            [0mScoring Advantage[0m
          [36m</span>[39m
          [36m<span[39m
            [33mclass[39m=[32m"mt-1 text-xl font-bold text-[#f0f0f0]"[39m
          [36m/>[39m
          [36m<span[39m
            [33mclass[39m=[32m"mt-0.5 text-xs text-[#8899aa]"[39m
          [36m>[39m
            [0mpoints per game[0m
          [36m</span>[39m
        [36m</div>[39m
        [36m<div[39m
          [33mclass[39m=[32m"flex flex-col items-center rounded-lg border border-[#1e2a45] bg-[#141b2d] px-4 py-4"[39m
        [36m>[39m
          [36m<span[39m
            [33mclass[39m=[32m"text-xs font-medium uppercase tracking-wider text-[#5a6a7a]"[39m
          [36m>[39m
            [0mPlayoff vs Regular[0m
          [36m</span>[39m
          [36m<span[39m
            [33mclass[39m=[32m"mt-1 text-xl font-bold text-[#f0f0f0]"[39m
          [36m/>[39m
          [36m<span[39m
            [33mclass[39m=[32m"mt-0.5 text-xs text-[#8899aa]"[39m
          [36m>[39m
            [0mregular season[0m
          [36m</span>[39m
        [36m</div>[39m
      [36m</div>[39m
      [36m<div[39m
        [33mclass[39m=[32m"grid gap-4 md:grid-cols-2"[39m
      [36m>[39m
        [36m<div[39m
          [33mclass[39m=[32m"rounded-lg border border-[#1e2a45] bg-[#141b2d]"[39m
        [36m>[39m
          [36m<div[39m
            [33mclass[39m=[32m"border-b border-[#1e2a45] px-5 py-3"[39m
          [36m>[39m
            [36m<h3[39m
              [33mclass[39m=[32m"text-xs font-semibold uppercase tracking-wider text-[#5a6a7a]"[39m
            [36m>[39m
              [0mRegular Season Home Advantage[0m
            [36m</h3>[39m
          [36m</div>[39m
          [36m<div[39m
            [33mclass[39m=[32m"px-5 py-4"[39m
          [36m>[39m
            [36m<div[39m
              [33mclass[39m=[32m"flex items-center justify-between py-2"[39m
            [36m>[39m
              [36m<span[39m
                [33mclass[39m=[32m"text-sm text-[#8899aa]"[39m
              [36m>[39m
                [0mHome Win %[0m
              [36m</span>[39m
              [36m<span[39m
                [33mclass[39m=[32m"text-sm font-medium text-[#22c55e]"[39m
              [36m>[39m
                [0m57.0%[0m
              [36m</span>[39m
            [36m</div>[39m
          [36m</div>[39m
        [36m</div>[39m
        [36m<div[39m
          [33mclass[39m=[32m"rounded-lg border border-[#1e2a45] bg-[#141b2d]"[39m
        [36m>[39m
          [36m<div[39m
            [33mclass[39m=[32m"border-b border-[#1e2a45] px-5 py-3"[39m
          [36m>[39m
            [36m<h3[39m
              [33mclass[39m=[32m"text-xs font-semibold uppercase tracking-wider text-[#5a6a7a]"[39m
            [36m>[39m
              [0mPlayoff Home Advantage[0m
            [36m</h3>[39m
          [36m</div>[39m
          [36m<div[39m
            [33mclass[39m=[32m"px-5 py-4"[39m
          [36m>[39m
            [36m<div[39m
              [33mclass[39m=[32m"flex items-center justify-between py-2"[39m
            [36m>[39m
              [36m<span[39m
                [33mclass[39m=[32m"text-sm text-[#8899aa]"[39m
              [36m>[39m
                [0mHome Win %[0m
              [36m</span>[39m
              [36m<span[39m
                [33mclass[39m=[32m"text-sm font-medium text-[#22c55e]"[39m
              [36m>[39m
                [0m60.0%[0m
              [36m</span>[39m
            [36m</div>[39m
          [36m</div>[39m
        [36m</div>[39m
      [36m</div>[39m
      [36m<div[39m
        [33mclass[39m=[32m"grid gap-4 md:grid-cols-2"[39m
      [36m>[39m
        [36m<div[39m
          [33mclass[39m=[32m"rounded-lg border border-[#1e2a45] bg-[#141b2d]"[39m
        [36m>[39m
          [36m<div[39m
            [33mclass[39m=[32m"border-b border-[#1e2a45] px-5 py-3"[39m
          [36m>[39m
            [36m<h3[39m
              [33mclass[39m=[32m"text-xs font-semibold uppercase tracking-wider text-[#5a6a7a]"[39m
            [36m>[39m
              [0mDome Home Advantage[0m
            [36m</h3>[39m
          [36m</div>[39m
          [36m<div[39m
            [33mclass[39m=[32m"px-5 py-4...
[90m [2m❯[22m Object.getElementError node_modules/@testing-library/dom/dist/config.js:[2m37:19[22m[39m
[90m [2m❯[22m getElementError node_modules/@testing-library/dom/dist/query-helpers.js:[2m20:35[22m[39m
[90m [2m❯[22m getMultipleElementsFoundError node_modules/@testing-library/dom/dist/query-helpers.js:[2m23:10[22m[39m
[90m [2m❯[22m node_modules/@testing-library/dom/dist/query-helpers.js:[2m55:13[22m[39m
[90m [2m❯[22m node_modules/@testing-library/dom/dist/query-helpers.js:[2m95:19[22m[39m
[36m [2m❯[22m src/__tests__/home-advantage-dashboard.test.tsx:[2m156:19[22m[39m
    [90m154| [39m    }[33m;[39m
    [90m155| [39m    render(<HomeAdvantageDashboard data={noPrimetimeData} isLoading={f…
    [90m156| [39m    expect(screen.queryByText("Home Advantage by Primetime Slot")).toB…
    [90m   | [39m                  [31m^[39m
    [90m157| [39m  })[33m;[39m
    [90m158| [39m

[31m[2m⎯⎯⎯⎯⎯⎯⎯⎯⎯⎯⎯⎯⎯⎯⎯⎯⎯⎯⎯⎯⎯⎯[15/31]⎯[22m[39m

[41m[1m FAIL [22m[49m src/__tests__/home-advantage-dashboard.test.tsx[2m > [22mHomeAdvantageDashboard[2m > [22mhandles empty best home teams
[31m[1mTestingLibraryElementError[22m[39m: Found multiple elements with the text: Best Home Teams

Here are the matching elements:

Ignored nodes: comments, script, style
[36m<h3[39m
  [33mclass[39m=[32m"text-xs font-semibold uppercase tracking-wider text-[#5a6a7a]"[39m
[36m>[39m
  [0mBest Home Teams[0m
[36m</h3>[39m

Ignored nodes: comments, script, style
[36m<h3[39m
  [33mclass[39m=[32m"text-xs font-semibold uppercase tracking-wider text-[#5a6a7a]"[39m
[36m>[39m
  [0mBest Home Teams[0m
[36m</h3>[39m

Ignored nodes: comments, script, style
[36m<h3[39m
  [33mclass[39m=[32m"text-xs font-semibold uppercase tracking-wider text-[#5a6a7a]"[39m
[36m>[39m
  [0mBest Home Teams[0m
[36m</h3>[39m

Ignored nodes: comments, script, style
[36m<h3[39m
  [33mclass[39m=[32m"text-xs font-semibold uppercase tracking-wider text-[#5a6a7a]"[39m
[36m>[39m
  [0mBest Home Teams[0m
[36m</h3>[39m

Ignored nodes: comments, script, style
[36m<h3[39m
  [33mclass[39m=[32m"text-xs font-semibold uppercase tracking-wider text-[#5a6a7a]"[39m
[36m>[39m
  [0mBest Home Teams[0m
[36m</h3>[39m

Ignored nodes: comments, script, style
[36m<h3[39m
  [33mclass[39m=[32m"text-xs font-semibold uppercase tracking-wider text-[#5a6a7a]"[39m
[36m>[39m
  [0mBest Home Teams[0m
[36m</h3>[39m

Ignored nodes: comments, script, style
[36m<h3[39m
  [33mclass[39m=[32m"text-xs font-semibold uppercase tracking-wider text-[#5a6a7a]"[39m
[36m>[39m
  [0mBest Home Teams[0m
[36m</h3>[39m

Ignored nodes: comments, script, style
[36m<h3[39m
  [33mclass[39m=[32m"text-xs font-semibold uppercase tracking-wider text-[#5a6a7a]"[39m
[36m>[39m
  [0mBest Home Teams[0m
[36m</h3>[39m

Ignored nodes: comments, script, style
[36m<h3[39m
  [33mclass[39m=[32m"text-xs font-semibold uppercase tracking-wider text-[#5a6a7a]"[39m
[36m>[39m
  [0mBest Home Teams[0m
[36m</h3>[39m

Ignored nodes: comments, script, style
[36m<h3[39m
  [33mclass[39m=[32m"text-xs font-semibold uppercase tracking-wider text-[#5a6a7a]"[39m
[36m>[39m
  [0mBest Home Teams[0m
[36m</h3>[39m

Ignored nodes: comments, script, style
[36m<h3[39m
  [33mclass[39m=[32m"text-xs font-semibold uppercase tracking-wider text-[#5a6a7a]"[39m
[36m>[39m
  [0mBest Home Teams[0m
[36m</h3>[39m

Ignored nodes: comments, script, style
[36m<h3[39m
  [33mclass[39m=[32m"text-xs font-semibold uppercase tracking-wider text-[#5a6a7a]"[39m
[36m>[39m
  [0mBest Home Teams[0m
[36m</h3>[39m

Ignored nodes: comments, script, style
[36m<h3[39m
  [33mclass[39m=[32m"text-xs font-semibold uppercase tracking-wider text-[#5a6a7a]"[39m
[36m>[39m
  [0mBest Home Teams[0m
[36m</h3>[39m

Ignored nodes: comments, script, style
[36m<h3[39m
  [33mclass[39m=[32m"text-xs font-semibold uppercase tracking-wider text-[#5a6a7a]"[39m
[36m>[39m
  [0mBest Home Teams[0m
[36m</h3>[39m

Ignored nodes: comments, script, style
[36m<h3[39m
  [33mclass[39m=[32m"text-xs font-semibold uppercase tracking-wider text-[#5a6a7a]"[39m
[36m>[39m
  [0mBest Home Teams[0m
[36m</h3>[39m

Ignored nodes: comments, script, style
[36m<h3[39m
  [33mclass[39m=[32m"text-xs font-semibold uppercase tracking-wider text-[#5a6a7a]"[39m
[36m>[39m
  [0mBest Home Teams[0m
[36m</h3>[39m

(If this is intentional, then use the `*AllBy*` variant of the query (like `queryAllByText`, `getAllByText`, or `findAllByText`)).

Ignored nodes: comments, script, style
[36m<body>[39m
  [36m<div>[39m
    [36m<div[39m
      [33mclass[39m=[32m"flex items-center justify-center py-20"[39m
    [36m>[39m
      [36m<p[39m
        [33mclass[39m=[32m"text-sm text-[#5a6a7a]"[39m
      [36m>[39m
        [0mLoading home advantage data...[0m
      [36m</p>[39m
    [36m</div>[39m
  [36m</div>[39m
  [36m<div>[39m
    [36m<div[39m
      [33mclass[39m=[32m"flex items-center justify-center py-20"[39m
    [36m>[39m
      [36m<p[39m
        [33mclass[39m=[32m"text-sm text-[#ef4444]"[39m
      [36m>[39m
        [0mFailed to load home advantage data.[0m
      [36m</p>[39m
    [36m</div>[39m
  [36m</div>[39m
  [36m<div />[39m
  [36m<div>[39m
    [36m<div[39m
      [33mclass[39m=[32m"space-y-6"[39m
    [36m>[39m
      [36m<div[39m
        [33mclass[39m=[32m"grid grid-cols-2 gap-3 sm:grid-cols-3 lg:grid-cols-4"[39m
      [36m>[39m
        [36m<div[39m
          [33mclass[39m=[32m"flex flex-col items-center rounded-lg border border-[#1e2a45] bg-[#141b2d] px-4 py-4"[39m
        [36m>[39m
          [36m<span[39m
            [33mclass[39m=[32m"text-xs font-medium uppercase tracking-wider text-[#5a6a7a]"[39m
          [36m>[39m
            [0mHome Win %[0m
          [36m</span>[39m
          [36m<span[39m
            [33mclass[39m=[32m"mt-1 text-xl font-bold text-[#f0f0f0]"[39m
          [36m/>[39m
          [36m<span[39m
            [33mclass[39m=[32m"mt-0.5 text-xs text-[#8899aa]"[39m
          [36m>[39m
            [0mall games[0m
          [36m</span>[39m
        [36m</div>[39m
        [36m<div[39m
          [33mclass[39m=[32m"flex flex-col items-center rounded-lg border border-[#1e2a45] bg-[#141b2d] px-4 py-4"[39m
        [36m>[39m
          [36m<span[39m
            [33mclass[39m=[32m"text-xs font-medium uppercase tracking-wider text-[#5a6a7a]"[39m
          [36m>[39m
            [0mHome Cover %[0m
          [36m</span>[39m
          [36m<span[39m
            [33mclass[39m=[32m"mt-1 text-xl font-bold text-[#f0f0f0]"[39m
          [36m/>[39m
          [36m<span[39m
            [33mclass[39m=[32m"mt-0.5 text-xs text-[#8899aa]"[39m
          [36m>[39m
            [0mwhen spread exists[0m
          [36m</span>[39m
        [36m</div>[39m
        [36m<div[39m
          [33mclass[39m=[32m"flex flex-col items-center rounded-lg border border-[#1e2a45] bg-[#141b2d] px-4 py-4"[39m
        [36m>[39m
          [36m<span[39m
            [33mclass[39m=[32m"text-xs font-medium uppercase tracking-wider text-[#5a6a7a]"[39m
          [36m>[39m
            [0mScoring Advantage[0m
          [36m</span>[39m
          [36m<span[39m
            [33mclass[39m=[32m"mt-1 text-xl font-bold text-[#f0f0f0]"[39m
          [36m/>[39m
          [36m<span[39m
            [33mclass[39m=[32m"mt-0.5 text-xs text-[#8899aa]"[39m
          [36m>[39m
            [0mpoints per game[0m
          [36m</span>[39m
        [36m</div>[39m
        [36m<div[39m
          [33mclass[39m=[32m"flex flex-col items-center rounded-lg border border-[#1e2a45] bg-[#141b2d] px-4 py-4"[39m
        [36m>[39m
          [36m<span[39m
            [33mclass[39m=[32m"text-xs font-medium uppercase tracking-wider text-[#5a6a7a]"[39m
          [36m>[39m
            [0mPlayoff vs Regular[0m
          [36m</span>[39m
          [36m<span[39m
            [33mclass[39m=[32m"mt-1 text-xl font-bold text-[#f0f0f0]"[39m
          [36m/>[39m
          [36m<span[39m
            [33mclass[39m=[32m"mt-0.5 text-xs text-[#8899aa]"[39m
          [36m>[39m
            [0mregular season[0m
          [36m</span>[39m
        [36m</div>[39m
      [36m</div>[39m
      [36m<div[39m
        [33mclass[39m=[32m"grid gap-4 md:grid-cols-2"[39m
      [36m>[39m
        [36m<div[39m
          [33mclass[39m=[32m"rounded-lg border border-[#1e2a45] bg-[#141b2d]"[39m
        [36m>[39m
          [36m<div[39m
            [33mclass[39m=[32m"border-b border-[#1e2a45] px-5 py-3"[39m
          [36m>[39m
            [36m<h3[39m
              [33mclass[39m=[32m"text-xs font-semibold uppercase tracking-wider text-[#5a6a7a]"[39m
            [36m>[39m
              [0mRegular Season Home Advantage[0m
            [36m</h3>[39m
          [36m</div>[39m
          [36m<div[39m
            [33mclass[39m=[32m"px-5 py-4"[39m
          [36m>[39m
            [36m<div[39m
              [33mclass[39m=[32m"flex items-center justify-between py-2"[39m
            [36m>[39m
              [36m<span[39m
                [33mclass[39m=[32m"text-sm text-[#8899aa]"[39m
              [36m>[39m
                [0mHome Win %[0m
              [36m</span>[39m
              [36m<span[39m
                [33mclass[39m=[32m"text-sm font-medium text-[#22c55e]"[39m
              [36m>[39m
                [0m57.0%[0m
              [36m</span>[39m
            [36m</div>[39m
          [36m</div>[39m
        [36m</div>[39m
        [36m<div[39m
          [33mclass[39m=[32m"rounded-lg border border-[#1e2a45] bg-[#141b2d]"[39m
        [36m>[39m
          [36m<div[39m
            [33mclass[39m=[32m"border-b border-[#1e2a45] px-5 py-3"[39m
          [36m>[39m
            [36m<h3[39m
              [33mclass[39m=[32m"text-xs font-semibold uppercase tracking-wider text-[#5a6a7a]"[39m
            [36m>[39m
              [0mPlayoff Home Advantage[0m
            [36m</h3>[39m
          [36m</div>[39m
          [36m<div[39m
            [33mclass[39m=[32m"px-5 py-4"[39m
          [36m>[39m
            [36m<div[39m
              [33mclass[39m=[32m"flex items-center justify-between py-2"[39m
            [36m>[39m
              [36m<span[39m
                [33mclass[39m=[32m"text-sm text-[#8899aa]"[39m
              [36m>[39m
                [0mHome Win %[0m
              [36m</span>[39m
              [36m<span[39m
                [33mclass[39m=[32m"text-sm font-medium text-[#22c55e]"[39m
              [36m>[39m
                [0m60.0%[0m
              [36m</span>[39m
            [36m</div>[39m
          [36m</div>[39m
        [36m</div>[39m
      [36m</div>[39m
      [36m<div[39m
        [33mclass[39m=[32m"grid gap-4 md:grid-cols-2"[39m
      [36m>[39m
        [36m<div[39m
          [33mclass[39m=[32m"rounded-lg border border-[#1e2a45] bg-[#141b2d]"[39m
        [36m>[39m
          [36m<div[39m
            [33mclass[39m=[32m"border-b border-[#1e2a45] px-5 py-3"[39m
          [36m>[39m
            [36m<h3[39m
              [33mclass[39m=[32m"text-xs font-semibold uppercase tracking-wider text-[#5a6a7a]"[39m
            [36m>[39m
              [0mDome Home Advantage[0m
            [36m</h3>[39m
          [36m</div>[39m
          [36m<div[39m
            [33mclass[39m=[32m"px-5 py-4...
[90m [2m❯[22m Object.getElementError node_modules/@testing-library/dom/dist/config.js:[2m37:19[22m[39m
[90m [2m❯[22m getElementError node_modules/@testing-library/dom/dist/query-helpers.js:[2m20:35[22m[39m
[90m [2m❯[22m getMultipleElementsFoundError node_modules/@testing-library/dom/dist/query-helpers.js:[2m23:10[22m[39m
[90m [2m❯[22m node_modules/@testing-library/dom/dist/query-helpers.js:[2m55:13[22m[39m
[90m [2m❯[22m node_modules/@testing-library/dom/dist/query-helpers.js:[2m95:19[22m[39m
[36m [2m❯[22m src/__tests__/home-advantage-dashboard.test.tsx:[2m165:19[22m[39m
    [90m163| [39m    }[33m;[39m
    [90m164| [39m    render(<HomeAdvantageDashboard data={noBestTeamsData} isLoading={f…
    [90m165| [39m    [34mexpect[39m(screen[33m.[39m[34mqueryByText[39m([32m"Best Home Teams"[39m))[33m.[39m[34mtoBeFalsy[39m()[33m;[39m
    [90m   | [39m                  [31m^[39m
    [90m166| [39m  })[33m;[39m
    [90m167| [39m

[31m[2m⎯⎯⎯⎯⎯⎯⎯⎯⎯⎯⎯⎯⎯⎯⎯⎯⎯⎯⎯⎯⎯⎯[16/31]⎯[22m[39m

[41m[1m FAIL [22m[49m src/__tests__/home-advantage-dashboard.test.tsx[2m > [22mHomeAdvantageDashboard[2m > [22mhandles empty worst home teams
[31m[1mTestingLibraryElementError[22m[39m: Found multiple elements with the text: Worst Home Teams

Here are the matching elements:

Ignored nodes: comments, script, style
[36m<h3[39m
  [33mclass[39m=[32m"text-xs font-semibold uppercase tracking-wider text-[#5a6a7a]"[39m
[36m>[39m
  [0mWorst Home Teams[0m
[36m</h3>[39m

Ignored nodes: comments, script, style
[36m<h3[39m
  [33mclass[39m=[32m"text-xs font-semibold uppercase tracking-wider text-[#5a6a7a]"[39m
[36m>[39m
  [0mWorst Home Teams[0m
[36m</h3>[39m

Ignored nodes: comments, script, style
[36m<h3[39m
  [33mclass[39m=[32m"text-xs font-semibold uppercase tracking-wider text-[#5a6a7a]"[39m
[36m>[39m
  [0mWorst Home Teams[0m
[36m</h3>[39m

Ignored nodes: comments, script, style
[36m<h3[39m
  [33mclass[39m=[32m"text-xs font-semibold uppercase tracking-wider text-[#5a6a7a]"[39m
[36m>[39m
  [0mWorst Home Teams[0m
[36m</h3>[39m

Ignored nodes: comments, script, style
[36m<h3[39m
  [33mclass[39m=[32m"text-xs font-semibold uppercase tracking-wider text-[#5a6a7a]"[39m
[36m>[39m
  [0mWorst Home Teams[0m
[36m</h3>[39m

Ignored nodes: comments, script, style
[36m<h3[39m
  [33mclass[39m=[32m"text-xs font-semibold uppercase tracking-wider text-[#5a6a7a]"[39m
[36m>[39m
  [0mWorst Home Teams[0m
[36m</h3>[39m

Ignored nodes: comments, script, style
[36m<h3[39m
  [33mclass[39m=[32m"text-xs font-semibold uppercase tracking-wider text-[#5a6a7a]"[39m
[36m>[39m
  [0mWorst Home Teams[0m
[36m</h3>[39m

Ignored nodes: comments, script, style
[36m<h3[39m
  [33mclass[39m=[32m"text-xs font-semibold uppercase tracking-wider text-[#5a6a7a]"[39m
[36m>[39m
  [0mWorst Home Teams[0m
[36m</h3>[39m

Ignored nodes: comments, script, style
[36m<h3[39m
  [33mclass[39m=[32m"text-xs font-semibold uppercase tracking-wider text-[#5a6a7a]"[39m
[36m>[39m
  [0mWorst Home Teams[0m
[36m</h3>[39m

Ignored nodes: comments, script, style
[36m<h3[39m
  [33mclass[39m=[32m"text-xs font-semibold uppercase tracking-wider text-[#5a6a7a]"[39m
[36m>[39m
  [0mWorst Home Teams[0m
[36m</h3>[39m

Ignored nodes: comments, script, style
[36m<h3[39m
  [33mclass[39m=[32m"text-xs font-semibold uppercase tracking-wider text-[#5a6a7a]"[39m
[36m>[39m
  [0mWorst Home Teams[0m
[36m</h3>[39m

Ignored nodes: comments, script, style
[36m<h3[39m
  [33mclass[39m=[32m"text-xs font-semibold uppercase tracking-wider text-[#5a6a7a]"[39m
[36m>[39m
  [0mWorst Home Teams[0m
[36m</h3>[39m

Ignored nodes: comments, script, style
[36m<h3[39m
  [33mclass[39m=[32m"text-xs font-semibold uppercase tracking-wider text-[#5a6a7a]"[39m
[36m>[39m
  [0mWorst Home Teams[0m
[36m</h3>[39m

Ignored nodes: comments, script, style
[36m<h3[39m
  [33mclass[39m=[32m"text-xs font-semibold uppercase tracking-wider text-[#5a6a7a]"[39m
[36m>[39m
  [0mWorst Home Teams[0m
[36m</h3>[39m

Ignored nodes: comments, script, style
[36m<h3[39m
  [33mclass[39m=[32m"text-xs font-semibold uppercase tracking-wider text-[#5a6a7a]"[39m
[36m>[39m
  [0mWorst Home Teams[0m
[36m</h3>[39m

Ignored nodes: comments, script, style
[36m<h3[39m
  [33mclass[39m=[32m"text-xs font-semibold uppercase tracking-wider text-[#5a6a7a]"[39m
[36m>[39m
  [0mWorst Home Teams[0m
[36m</h3>[39m

Ignored nodes: comments, script, style
[36m<h3[39m
  [33mclass[39m=[32m"text-xs font-semibold uppercase tracking-wider text-[#5a6a7a]"[39m
[36m>[39m
  [0mWorst Home Teams[0m
[36m</h3>[39m

(If this is intentional, then use the `*AllBy*` variant of the query (like `queryAllByText`, `getAllByText`, or `findAllByText`)).

Ignored nodes: comments, script, style
[36m<body>[39m
  [36m<div>[39m
    [36m<div[39m
      [33mclass[39m=[32m"flex items-center justify-center py-20"[39m
    [36m>[39m
      [36m<p[39m
        [33mclass[39m=[32m"text-sm text-[#5a6a7a]"[39m
      [36m>[39m
        [0mLoading home advantage data...[0m
      [36m</p>[39m
    [36m</div>[39m
  [36m</div>[39m
  [36m<div>[39m
    [36m<div[39m
      [33mclass[39m=[32m"flex items-center justify-center py-20"[39m
    [36m>[39m
      [36m<p[39m
        [33mclass[39m=[32m"text-sm text-[#ef4444]"[39m
      [36m>[39m
        [0mFailed to load home advantage data.[0m
      [36m</p>[39m
    [36m</div>[39m
  [36m</div>[39m
  [36m<div />[39m
  [36m<div>[39m
    [36m<div[39m
      [33mclass[39m=[32m"space-y-6"[39m
    [36m>[39m
      [36m<div[39m
        [33mclass[39m=[32m"grid grid-cols-2 gap-3 sm:grid-cols-3 lg:grid-cols-4"[39m
      [36m>[39m
        [36m<div[39m
          [33mclass[39m=[32m"flex flex-col items-center rounded-lg border border-[#1e2a45] bg-[#141b2d] px-4 py-4"[39m
        [36m>[39m
          [36m<span[39m
            [33mclass[39m=[32m"text-xs font-medium uppercase tracking-wider text-[#5a6a7a]"[39m
          [36m>[39m
            [0mHome Win %[0m
          [36m</span>[39m
          [36m<span[39m
            [33mclass[39m=[32m"mt-1 text-xl font-bold text-[#f0f0f0]"[39m
          [36m/>[39m
          [36m<span[39m
            [33mclass[39m=[32m"mt-0.5 text-xs text-[#8899aa]"[39m
          [36m>[39m
            [0mall games[0m
          [36m</span>[39m
        [36m</div>[39m
        [36m<div[39m
          [33mclass[39m=[32m"flex flex-col items-center rounded-lg border border-[#1e2a45] bg-[#141b2d] px-4 py-4"[39m
        [36m>[39m
          [36m<span[39m
            [33mclass[39m=[32m"text-xs font-medium uppercase tracking-wider text-[#5a6a7a]"[39m
          [36m>[39m
            [0mHome Cover %[0m
          [36m</span>[39m
          [36m<span[39m
            [33mclass[39m=[32m"mt-1 text-xl font-bold text-[#f0f0f0]"[39m
          [36m/>[39m
          [36m<span[39m
            [33mclass[39m=[32m"mt-0.5 text-xs text-[#8899aa]"[39m
          [36m>[39m
            [0mwhen spread exists[0m
          [36m</span>[39m
        [36m</div>[39m
        [36m<div[39m
          [33mclass[39m=[32m"flex flex-col items-center rounded-lg border border-[#1e2a45] bg-[#141b2d] px-4 py-4"[39m
        [36m>[39m
          [36m<span[39m
            [33mclass[39m=[32m"text-xs font-medium uppercase tracking-wider text-[#5a6a7a]"[39m
          [36m>[39m
            [0mScoring Advantage[0m
          [36m</span>[39m
          [36m<span[39m
            [33mclass[39m=[32m"mt-1 text-xl font-bold text-[#f0f0f0]"[39m
          [36m/>[39m
          [36m<span[39m
            [33mclass[39m=[32m"mt-0.5 text-xs text-[#8899aa]"[39m
          [36m>[39m
            [0mpoints per game[0m
          [36m</span>[39m
        [36m</div>[39m
        [36m<div[39m
          [33mclass[39m=[32m"flex flex-col items-center rounded-lg border border-[#1e2a45] bg-[#141b2d] px-4 py-4"[39m
        [36m>[39m
          [36m<span[39m
            [33mclass[39m=[32m"text-xs font-medium uppercase tracking-wider text-[#5a6a7a]"[39m
          [36m>[39m
            [0mPlayoff vs Regular[0m
          [36m</span>[39m
          [36m<span[39m
            [33mclass[39m=[32m"mt-1 text-xl font-bold text-[#f0f0f0]"[39m
          [36m/>[39m
          [36m<span[39m
            [33mclass[39m=[32m"mt-0.5 text-xs text-[#8899aa]"[39m
          [36m>[39m
            [0mregular season[0m
          [36m</span>[39m
        [36m</div>[39m
      [36m</div>[39m
      [36m<div[39m
        [33mclass[39m=[32m"grid gap-4 md:grid-cols-2"[39m
      [36m>[39m
        [36m<div[39m
          [33mclass[39m=[32m"rounded-lg border border-[#1e2a45] bg-[#141b2d]"[39m
        [36m>[39m
          [36m<div[39m
            [33mclass[39m=[32m"border-b border-[#1e2a45] px-5 py-3"[39m
          [36m>[39m
            [36m<h3[39m
              [33mclass[39m=[32m"text-xs font-semibold uppercase tracking-wider text-[#5a6a7a]"[39m
            [36m>[39m
              [0mRegular Season Home Advantage[0m
            [36m</h3>[39m
          [36m</div>[39m
          [36m<div[39m
            [33mclass[39m=[32m"px-5 py-4"[39m
          [36m>[39m
            [36m<div[39m
              [33mclass[39m=[32m"flex items-center justify-between py-2"[39m
            [36m>[39m
              [36m<span[39m
                [33mclass[39m=[32m"text-sm text-[#8899aa]"[39m
              [36m>[39m
                [0mHome Win %[0m
              [36m</span>[39m
              [36m<span[39m
                [33mclass[39m=[32m"text-sm font-medium text-[#22c55e]"[39m
              [36m>[39m
                [0m57.0%[0m
              [36m</span>[39m
            [36m</div>[39m
          [36m</div>[39m
        [36m</div>[39m
        [36m<div[39m
          [33mclass[39m=[32m"rounded-lg border border-[#1e2a45] bg-[#141b2d]"[39m
        [36m>[39m
          [36m<div[39m
            [33mclass[39m=[32m"border-b border-[#1e2a45] px-5 py-3"[39m
          [36m>[39m
            [36m<h3[39m
              [33mclass[39m=[32m"text-xs font-semibold uppercase tracking-wider text-[#5a6a7a]"[39m
            [36m>[39m
              [0mPlayoff Home Advantage[0m
            [36m</h3>[39m
          [36m</div>[39m
          [36m<div[39m
            [33mclass[39m=[32m"px-5 py-4"[39m
          [36m>[39m
            [36m<div[39m
              [33mclass[39m=[32m"flex items-center justify-between py-2"[39m
            [36m>[39m
              [36m<span[39m
                [33mclass[39m=[32m"text-sm text-[#8899aa]"[39m
              [36m>[39m
                [0mHome Win %[0m
              [36m</span>[39m
              [36m<span[39m
                [33mclass[39m=[32m"text-sm font-medium text-[#22c55e]"[39m
              [36m>[39m
                [0m60.0%[0m
              [36m</span>[39m
            [36m</div>[39m
          [36m</div>[39m
        [36m</div>[39m
      [36m</div>[39m
      [36m<div[39m
        [33mclass[39m=[32m"grid gap-4 md:grid-cols-2"[39m
      [36m>[39m
        [36m<div[39m
          [33mclass[39m=[32m"rounded-lg border border-[#1e2a45] bg-[#141b2d]"[39m
        [36m>[39m
          [36m<div[39m
            [33mclass[39m=[32m"border-b border-[#1e2a45] px-5 py-3"[39m
          [36m>[39m
            [36m<h3[39m
              [33mclass[39m=[32m"text-xs font-semibold uppercase tracking-wider text-[#5a6a7a]"[39m
            [36m>[39m
              [0mDome Home Advantage[0m
            [36m</h3>[39m
          [36m</div>[39m
          [36m<div[39m
            [33mclass[39m=[32m"px-5 py-4...
[90m [2m❯[22m Object.getElementError node_modules/@testing-library/dom/dist/config.js:[2m37:19[22m[39m
[90m [2m❯[22m getElementError node_modules/@testing-library/dom/dist/query-helpers.js:[2m20:35[22m[39m
[90m [2m❯[22m getMultipleElementsFoundError node_modules/@testing-library/dom/dist/query-helpers.js:[2m23:10[22m[39m
[90m [2m❯[22m node_modules/@testing-library/dom/dist/query-helpers.js:[2m55:13[22m[39m
[90m [2m❯[22m node_modules/@testing-library/dom/dist/query-helpers.js:[2m95:19[22m[39m
[36m [2m❯[22m src/__tests__/home-advantage-dashboard.test.tsx:[2m174:19[22m[39m
    [90m172| [39m    }[33m;[39m
    [90m173| [39m    render(<HomeAdvantageDashboard data={noWorstTeamsData} isLoading={…
    [90m174| [39m    [34mexpect[39m(screen[33m.[39m[34mqueryByText[39m([32m"Worst Home Teams"[39m))[33m.[39m[34mtoBeFalsy[39m()[33m;[39m
    [90m   | [39m                  [31m^[39m
    [90m175| [39m  })[33m;[39m
    [90m176| [39m})[33m;[39m

[31m[2m⎯⎯⎯⎯⎯⎯⎯⎯⎯⎯⎯⎯⎯⎯⎯⎯⎯⎯⎯⎯⎯⎯[17/31]⎯[22m[39m

[41m[1m FAIL [22m[49m src/__tests__/scoring-dashboard.test.tsx[2m > [22mScoringDashboard[2m > [22mrenders overview stat boxes
[31m[1mTestingLibraryElementError[22m[39m: Found multiple elements with the text: Avg Total

Here are the matching elements:

Ignored nodes: comments, script, style
[36m<span[39m
  [33mclass[39m=[32m"text-xs font-medium uppercase tracking-wider text-[#5a6a7a]"[39m
[36m>[39m
  [0mAvg Total[0m
[36m</span>[39m

Ignored nodes: comments, script, style
[36m<th[39m
  [33mclass[39m=[32m"py-2 text-center text-xs font-medium uppercase tracking-wider text-[#5a6a7a]"[39m
[36m>[39m
  [0mAvg Total[0m
[36m</th>[39m

Ignored nodes: comments, script, style
[36m<th[39m
  [33mclass[39m=[32m"py-2 text-center text-xs font-medium uppercase tracking-wider text-[#5a6a7a]"[39m
[36m>[39m
  [0mAvg Total[0m
[36m</th>[39m

Ignored nodes: comments, script, style
[36m<span[39m
  [33mclass[39m=[32m"text-sm text-[#8899aa]"[39m
[36m>[39m
  [0mAvg Total[0m
[36m</span>[39m

Ignored nodes: comments, script, style
[36m<span[39m
  [33mclass[39m=[32m"text-sm text-[#8899aa]"[39m
[36m>[39m
  [0mAvg Total[0m
[36m</span>[39m

(If this is intentional, then use the `*AllBy*` variant of the query (like `queryAllByText`, `getAllByText`, or `findAllByText`)).

Ignored nodes: comments, script, style
[36m<body>[39m
  [36m<div>[39m
    [36m<div[39m
      [33mclass[39m=[32m"space-y-6"[39m
    [36m>[39m
      [36m<div[39m
        [33mclass[39m=[32m"grid grid-cols-2 gap-3 sm:grid-cols-3 lg:grid-cols-5"[39m
      [36m>[39m
        [36m<div[39m
          [33mclass[39m=[32m"flex flex-col items-center rounded-lg border border-[#1e2a45] bg-[#141b2d] px-4 py-4"[39m
        [36m>[39m
          [36m<span[39m
            [33mclass[39m=[32m"text-xs font-medium uppercase tracking-wider text-[#5a6a7a]"[39m
          [36m>[39m
            [0mTotal Games[0m
          [36m</span>[39m
          [36m<span[39m
            [33mclass[39m=[32m"mt-1 text-xl font-bold text-[#f0f0f0]"[39m
          [36m>[39m
            [0m100[0m
          [36m</span>[39m
        [36m</div>[39m
        [36m<div[39m
          [33mclass[39m=[32m"flex flex-col items-center rounded-lg border border-[#1e2a45] bg-[#141b2d] px-4 py-4"[39m
        [36m>[39m
          [36m<span[39m
            [33mclass[39m=[32m"text-xs font-medium uppercase tracking-wider text-[#5a6a7a]"[39m
          [36m>[39m
            [0mAvg Total[0m
          [36m</span>[39m
          [36m<span[39m
            [33mclass[39m=[32m"mt-1 text-xl font-bold text-[#f0f0f0]"[39m
          [36m>[39m
            [0m45.5[0m
          [36m</span>[39m
          [36m<span[39m
            [33mclass[39m=[32m"mt-0.5 text-xs text-[#8899aa]"[39m
          [36m>[39m
            [0mpoints[0m
          [36m</span>[39m
        [36m</div>[39m
        [36m<div[39m
          [33mclass[39m=[32m"flex flex-col items-center rounded-lg border border-[#1e2a45] bg-[#141b2d] px-4 py-4"[39m
        [36m>[39m
          [36m<span[39m
            [33mclass[39m=[32m"text-xs font-medium uppercase tracking-wider text-[#5a6a7a]"[39m
          [36m>[39m
            [0mMost Common Range[0m
          [36m</span>[39m
          [36m<span[39m
            [33mclass[39m=[32m"mt-1 text-xl font-bold text-[#f0f0f0]"[39m
          [36m>[39m
            [0m31-40[0m
          [36m</span>[39m
          [36m<span[39m
            [33mclass[39m=[32m"mt-0.5 text-xs text-[#8899aa]"[39m
          [36m>[39m
            [0mscore bucket[0m
          [36m</span>[39m
        [36m</div>[39m
        [36m<div[39m
          [33mclass[39m=[32m"flex flex-col items-center rounded-lg border border-[#1e2a45] bg-[#141b2d] px-4 py-4"[39m
        [36m>[39m
          [36m<span[39m
            [33mclass[39m=[32m"text-xs font-medium uppercase tracking-wider text-[#5a6a7a]"[39m
          [36m>[39m
            [0mAvg Margin[0m
          [36m</span>[39m
          [36m<span[39m
            [33mclass[39m=[32m"mt-1 text-xl font-bold text-[#f0f0f0]"[39m
          [36m>[39m
            [0m32.6[0m
          [36m</span>[39m
          [36m<span[39m
            [33mclass[39m=[32m"mt-0.5 text-xs text-[#8899aa]"[39m
          [36m>[39m
            [0mpoints[0m
          [36m</span>[39m
        [36m</div>[39m
        [36m<div[39m
          [33mclass[39m=[32m"flex flex-col items-center rounded-lg border border-[#1e2a45] bg-[#141b2d] px-4 py-4"[39m
        [36m>[39m
          [36m<span[39m
            [33mclass[39m=[32m"text-xs font-medium uppercase tracking-wider text-[#5a6a7a]"[39m
          [36m>[39m
            [0mPrimetime Games[0m
          [36m</span>[39m
          [36m<span[39m
            [33mclass[39m=[32m"mt-1 text-xl font-bold text-[#f0f0f0]"[39m
          [36m>[39m
            [0m50[0m
          [36m</span>[39m
        [36m</div>[39m
      [36m</div>[39m
      [36m<div[39m
        [33mclass[39m=[32m"rounded-lg border border-[#1e2a45] bg-[#141b2d]"[39m
      [36m>[39m
        [36m<div[39m
          [33mclass[39m=[32m"border-b border-[#1e2a45] px-5 py-3"[39m
        [36m>[39m
          [36m<h3[39m
            [33mclass[39m=[32m"text-xs font-semibold uppercase tracking-wider text-[#5a6a7a]"[39m
          [36m>[39m
            [0mScore Distribution[0m
          [36m</h3>[39m
        [36m</div>[39m
        [36m<div[39m
          [33mclass[39m=[32m"px-5 py-4"[39m
        [36m>[39m
          [36m<p[39m
            [33mclass[39m=[32m"mb-4 text-xs text-[#8899aa]"[39m
          [36m>[39m
            [0mTotal points per game across all games[0m
          [36m</p>[39m
          [36m<div[39m
            [33mclass[39m=[32m"space-y-3"[39m
          [36m>[39m
            [36m<div[39m
              [33mclass[39m=[32m"flex items-center gap-3"[39m
            [36m>[39m
              [36m<div[39m
                [33mclass[39m=[32m"w-16 text-right text-xs font-medium text-[#8899aa]"[39m
              [36m>[39m
                [0m0-20[0m
              [36m</div>[39m
              [36m<div[39m
                [33mclass[39m=[32m"flex-1"[39m
              [36m>[39m
                [36m<div[39m
                  [33mclass[39m=[32m"relative h-6 overflow-hidden rounded-sm bg-[#0d1321]"[39m
                [36m>[39m
                  [36m<div[39m
                    [33mclass[39m=[32m"h-full bg-gradient-to-r from-[#d4af37] to-[#b8941e] transition-all duration-300"[39m
                    [33mstyle[39m=[32m"width: 40%;"[39m
                  [36m/>[39m
                [36m</div>[39m
              [36m</div>[39m
              [36m<div[39m
                [33mclass[39m=[32m"w-20 text-right"[39m
              [36m>[39m
                [36m<div[39m
                  [33mclass[39m=[32m"text-xs font-bold text-[#e0e0e0]"[39m
                [36m>[39m
                  [0m10[0m
                [36m</div>[39m
                [36m<div[39m
                  [33mclass[39m=[32m"text-xs text-[#8899aa]"[39m
                [36m>[39m
                  [0m10.0[0m
                  [0m%[0m
                [36m</div>[39m
              [36m</div>[39m
            [36m</div>[39m
            [36m<div[39m
              [33mclass[39m=[32m"flex items-center gap-3"[39m
            [36m>[39m
              [36m<div[39m
                [33mclass[39m=[32m"w-16 text-right text-xs font-medium text-[#8899aa]"[39m
              [36m>[39m
                [0m21-30[0m
              [36m</div>[39m
              [36m<div[39m
                [33mclass[39m=[32m"flex-1"[39m
              [36m>[39m
                [36m<div[39m
                  [33mclass[39m=[32m"relative h-6 overflow-hidden rounded-sm bg-[#0d1321]"[39m
                [36m>[39m
                  [36m<div[39m
                    [33mclass[39m=[32m"h-full bg-gradient-to-r from-[#d4af37] to-[#b8941e] transition-all duration-300"[39m
                    [33mstyle[39m=[32m"width: 80%;"[39m
                  [36m/>[39m
                [36m</div>[39m
              [36m</div>[39m
              [36m<div[39m
             ...
[90m [2m❯[22m Object.getElementError node_modules/@testing-library/dom/dist/config.js:[2m37:19[22m[39m
[90m [2m❯[22m getElementError node_modules/@testing-library/dom/dist/query-helpers.js:[2m20:35[22m[39m
[90m [2m❯[22m getMultipleElementsFoundError node_modules/@testing-library/dom/dist/query-helpers.js:[2m23:10[22m[39m
[90m [2m❯[22m node_modules/@testing-library/dom/dist/query-helpers.js:[2m55:13[22m[39m
[90m [2m❯[22m node_modules/@testing-library/dom/dist/query-helpers.js:[2m95:19[22m[39m
[36m [2m❯[22m src/__tests__/scoring-dashboard.test.tsx:[2m116:19[22m[39m
    [90m114| [39m    [34mexpect[39m(screen[33m.[39m[34mgetByText[39m([32m"Total Games"[39m))[33m.[39m[34mtoBeInTheDocument[39m()[33m;[39m
    [90m115| [39m    [34mexpect[39m(screen[33m.[39m[34mgetByText[39m([32m"100"[39m))[33m.[39m[34mtoBeInTheDocument[39m()[33m;[39m
    [90m116| [39m    [34mexpect[39m(screen[33m.[39m[34mgetByText[39m([32m"Avg Total"[39m))[33m.[39m[34mtoBeInTheDocument[39m()[33m;[39m
    [90m   | [39m                  [31m^[39m
    [90m117| [39m    [34mexpect[39m(screen[33m.[39m[34mgetByText[39m([32m"45.5"[39m))[33m.[39m[34mtoBeInTheDocument[39m()[33m;[39m
    [90m118| [39m  })[33m;[39m

[31m[2m⎯⎯⎯⎯⎯⎯⎯⎯⎯⎯⎯⎯⎯⎯⎯⎯⎯⎯⎯⎯⎯⎯[18/31]⎯[22m[39m

[41m[1m FAIL [22m[49m src/__tests__/scoring-dashboard.test.tsx[2m > [22mScoringDashboard[2m > [22mdisplays primetime game count
[31m[1mTestingLibraryElementError[22m[39m: Found multiple elements with the text: 50

Here are the matching elements:

Ignored nodes: comments, script, style
[36m<span[39m
  [33mclass[39m=[32m"mt-1 text-xl font-bold text-[#f0f0f0]"[39m
[36m>[39m
  [0m50[0m
[36m</span>[39m

Ignored nodes: comments, script, style
[36m<span[39m
  [33mclass[39m=[32m"font-medium text-[#e0e0e0]"[39m
[36m>[39m
  [0m50[0m
[36m</span>[39m

Ignored nodes: comments, script, style
[36m<span[39m
  [33mclass[39m=[32m"font-medium text-[#e0e0e0]"[39m
[36m>[39m
  [0m50[0m
[36m</span>[39m

(If this is intentional, then use the `*AllBy*` variant of the query (like `queryAllByText`, `getAllByText`, or `findAllByText`)).

Ignored nodes: comments, script, style
[36m<body>[39m
  [36m<div>[39m
    [36m<div[39m
      [33mclass[39m=[32m"space-y-6"[39m
    [36m>[39m
      [36m<div[39m
        [33mclass[39m=[32m"grid grid-cols-2 gap-3 sm:grid-cols-3 lg:grid-cols-5"[39m
      [36m>[39m
        [36m<div[39m
          [33mclass[39m=[32m"flex flex-col items-center rounded-lg border border-[#1e2a45] bg-[#141b2d] px-4 py-4"[39m
        [36m>[39m
          [36m<span[39m
            [33mclass[39m=[32m"text-xs font-medium uppercase tracking-wider text-[#5a6a7a]"[39m
          [36m>[39m
            [0mTotal Games[0m
          [36m</span>[39m
          [36m<span[39m
            [33mclass[39m=[32m"mt-1 text-xl font-bold text-[#f0f0f0]"[39m
          [36m>[39m
            [0m100[0m
          [36m</span>[39m
        [36m</div>[39m
        [36m<div[39m
          [33mclass[39m=[32m"flex flex-col items-center rounded-lg border border-[#1e2a45] bg-[#141b2d] px-4 py-4"[39m
        [36m>[39m
          [36m<span[39m
            [33mclass[39m=[32m"text-xs font-medium uppercase tracking-wider text-[#5a6a7a]"[39m
          [36m>[39m
            [0mAvg Total[0m
          [36m</span>[39m
          [36m<span[39m
            [33mclass[39m=[32m"mt-1 text-xl font-bold text-[#f0f0f0]"[39m
          [36m>[39m
            [0m45.5[0m
          [36m</span>[39m
          [36m<span[39m
            [33mclass[39m=[32m"mt-0.5 text-xs text-[#8899aa]"[39m
          [36m>[39m
            [0mpoints[0m
          [36m</span>[39m
        [36m</div>[39m
        [36m<div[39m
          [33mclass[39m=[32m"flex flex-col items-center rounded-lg border border-[#1e2a45] bg-[#141b2d] px-4 py-4"[39m
        [36m>[39m
          [36m<span[39m
            [33mclass[39m=[32m"text-xs font-medium uppercase tracking-wider text-[#5a6a7a]"[39m
          [36m>[39m
            [0mMost Common Range[0m
          [36m</span>[39m
          [36m<span[39m
            [33mclass[39m=[32m"mt-1 text-xl font-bold text-[#f0f0f0]"[39m
          [36m>[39m
            [0m31-40[0m
          [36m</span>[39m
          [36m<span[39m
            [33mclass[39m=[32m"mt-0.5 text-xs text-[#8899aa]"[39m
          [36m>[39m
            [0mscore bucket[0m
          [36m</span>[39m
        [36m</div>[39m
        [36m<div[39m
          [33mclass[39m=[32m"flex flex-col items-center rounded-lg border border-[#1e2a45] bg-[#141b2d] px-4 py-4"[39m
        [36m>[39m
          [36m<span[39m
            [33mclass[39m=[32m"text-xs font-medium uppercase tracking-wider text-[#5a6a7a]"[39m
          [36m>[39m
            [0mAvg Margin[0m
          [36m</span>[39m
          [36m<span[39m
            [33mclass[39m=[32m"mt-1 text-xl font-bold text-[#f0f0f0]"[39m
          [36m>[39m
            [0m32.6[0m
          [36m</span>[39m
          [36m<span[39m
            [33mclass[39m=[32m"mt-0.5 text-xs text-[#8899aa]"[39m
          [36m>[39m
            [0mpoints[0m
          [36m</span>[39m
        [36m</div>[39m
        [36m<div[39m
          [33mclass[39m=[32m"flex flex-col items-center rounded-lg border border-[#1e2a45] bg-[#141b2d] px-4 py-4"[39m
        [36m>[39m
          [36m<span[39m
            [33mclass[39m=[32m"text-xs font-medium uppercase tracking-wider text-[#5a6a7a]"[39m
          [36m>[39m
            [0mPrimetime Games[0m
          [36m</span>[39m
          [36m<span[39m
            [33mclass[39m=[32m"mt-1 text-xl font-bold text-[#f0f0f0]"[39m
          [36m>[39m
            [0m50[0m
          [36m</span>[39m
        [36m</div>[39m
      [36m</div>[39m
      [36m<div[39m
        [33mclass[39m=[32m"rounded-lg border border-[#1e2a45] bg-[#141b2d]"[39m
      [36m>[39m
        [36m<div[39m
          [33mclass[39m=[32m"border-b border-[#1e2a45] px-5 py-3"[39m
        [36m>[39m
          [36m<h3[39m
            [33mclass[39m=[32m"text-xs font-semibold uppercase tracking-wider text-[#5a6a7a]"[39m
          [36m>[39m
            [0mScore Distribution[0m
          [36m</h3>[39m
        [36m</div>[39m
        [36m<div[39m
          [33mclass[39m=[32m"px-5 py-4"[39m
        [36m>[39m
          [36m<p[39m
            [33mclass[39m=[32m"mb-4 text-xs text-[#8899aa]"[39m
          [36m>[39m
            [0mTotal points per game across all games[0m
          [36m</p>[39m
          [36m<div[39m
            [33mclass[39m=[32m"space-y-3"[39m
          [36m>[39m
            [36m<div[39m
              [33mclass[39m=[32m"flex items-center gap-3"[39m
            [36m>[39m
              [36m<div[39m
                [33mclass[39m=[32m"w-16 text-right text-xs font-medium text-[#8899aa]"[39m
              [36m>[39m
                [0m0-20[0m
              [36m</div>[39m
              [36m<div[39m
                [33mclass[39m=[32m"flex-1"[39m
              [36m>[39m
                [36m<div[39m
                  [33mclass[39m=[32m"relative h-6 overflow-hidden rounded-sm bg-[#0d1321]"[39m
                [36m>[39m
                  [36m<div[39m
                    [33mclass[39m=[32m"h-full bg-gradient-to-r from-[#d4af37] to-[#b8941e] transition-all duration-300"[39m
                    [33mstyle[39m=[32m"width: 40%;"[39m
                  [36m/>[39m
                [36m</div>[39m
              [36m</div>[39m
              [36m<div[39m
                [33mclass[39m=[32m"w-20 text-right"[39m
              [36m>[39m
                [36m<div[39m
                  [33mclass[39m=[32m"text-xs font-bold text-[#e0e0e0]"[39m
                [36m>[39m
                  [0m10[0m
                [36m</div>[39m
                [36m<div[39m
                  [33mclass[39m=[32m"text-xs text-[#8899aa]"[39m
                [36m>[39m
                  [0m10.0[0m
                  [0m%[0m
                [36m</div>[39m
              [36m</div>[39m
            [36m</div>[39m
            [36m<div[39m
              [33mclass[39m=[32m"flex items-center gap-3"[39m
            [36m>[39m
              [36m<div[39m
                [33mclass[39m=[32m"w-16 text-right text-xs font-medium text-[#8899aa]"[39m
              [36m>[39m
                [0m21-30[0m
              [36m</div>[39m
              [36m<div[39m
                [33mclass[39m=[32m"flex-1"[39m
              [36m>[39m
                [36m<div[39m
                  [33mclass[39m=[32m"relative h-6 overflow-hidden rounded-sm bg-[#0d1321]"[39m
                [36m>[39m
                  [36m<div[39m
                    [33mclass[39m=[32m"h-full bg-gradient-to-r from-[#d4af37] to-[#b8941e] transition-all duration-300"[39m
                    [33mstyle[39m=[32m"width: 80%;"[39m
                  [36m/>[39m
                [36m</div>[39m
              [36m</div>[39m
              [36m<div[39m
             ...
[90m [2m❯[22m Object.getElementError node_modules/@testing-library/dom/dist/config.js:[2m37:19[22m[39m
[90m [2m❯[22m getElementError node_modules/@testing-library/dom/dist/query-helpers.js:[2m20:35[22m[39m
[90m [2m❯[22m getMultipleElementsFoundError node_modules/@testing-library/dom/dist/query-helpers.js:[2m23:10[22m[39m
[90m [2m❯[22m node_modules/@testing-library/dom/dist/query-helpers.js:[2m55:13[22m[39m
[90m [2m❯[22m node_modules/@testing-library/dom/dist/query-helpers.js:[2m95:19[22m[39m
[36m [2m❯[22m src/__tests__/scoring-dashboard.test.tsx:[2m192:19[22m[39m
    [90m190| [39m    )[33m;[39m
    [90m191| [39m    [34mexpect[39m(screen[33m.[39m[34mgetByText[39m([32m"Primetime Games"[39m))[33m.[39m[34mtoBeInTheDocument[39m()[33m;[39m
    [90m192| [39m    [34mexpect[39m(screen[33m.[39m[34mgetByText[39m([32m"50"[39m))[33m.[39m[34mtoBeInTheDocument[39m()[33m;[39m
    [90m   | [39m                  [31m^[39m
    [90m193| [39m  })[33m;[39m
    [90m194| [39m

[31m[2m⎯⎯⎯⎯⎯⎯⎯⎯⎯⎯⎯⎯⎯⎯⎯⎯⎯⎯⎯⎯⎯⎯[19/31]⎯[22m[39m

[41m[1m FAIL [22m[49m src/__tests__/scoring-dashboard.test.tsx[2m > [22mScoringDashboard[2m > [22mrenders day of week statistics
[31m[1mTestingLibraryElementError[22m[39m: Found multiple elements with the text: 60

Here are the matching elements:

Ignored nodes: comments, script, style
[36m<td[39m
  [33mclass[39m=[32m"py-2 text-center text-[#8899aa]"[39m
[36m>[39m
  [0m60[0m
[36m</td>[39m

Ignored nodes: comments, script, style
[36m<td[39m
  [33mclass[39m=[32m"py-2 text-center text-[#8899aa]"[39m
[36m>[39m
  [0m60[0m
[36m</td>[39m

(If this is intentional, then use the `*AllBy*` variant of the query (like `queryAllByText`, `getAllByText`, or `findAllByText`)).

Ignored nodes: comments, script, style
[36m<body>[39m
  [36m<div>[39m
    [36m<div[39m
      [33mclass[39m=[32m"space-y-6"[39m
    [36m>[39m
      [36m<div[39m
        [33mclass[39m=[32m"grid grid-cols-2 gap-3 sm:grid-cols-3 lg:grid-cols-5"[39m
      [36m>[39m
        [36m<div[39m
          [33mclass[39m=[32m"flex flex-col items-center rounded-lg border border-[#1e2a45] bg-[#141b2d] px-4 py-4"[39m
        [36m>[39m
          [36m<span[39m
            [33mclass[39m=[32m"text-xs font-medium uppercase tracking-wider text-[#5a6a7a]"[39m
          [36m>[39m
            [0mTotal Games[0m
          [36m</span>[39m
          [36m<span[39m
            [33mclass[39m=[32m"mt-1 text-xl font-bold text-[#f0f0f0]"[39m
          [36m>[39m
            [0m100[0m
          [36m</span>[39m
        [36m</div>[39m
        [36m<div[39m
          [33mclass[39m=[32m"flex flex-col items-center rounded-lg border border-[#1e2a45] bg-[#141b2d] px-4 py-4"[39m
        [36m>[39m
          [36m<span[39m
            [33mclass[39m=[32m"text-xs font-medium uppercase tracking-wider text-[#5a6a7a]"[39m
          [36m>[39m
            [0mAvg Total[0m
          [36m</span>[39m
          [36m<span[39m
            [33mclass[39m=[32m"mt-1 text-xl font-bold text-[#f0f0f0]"[39m
          [36m>[39m
            [0m45.5[0m
          [36m</span>[39m
          [36m<span[39m
            [33mclass[39m=[32m"mt-0.5 text-xs text-[#8899aa]"[39m
          [36m>[39m
            [0mpoints[0m
          [36m</span>[39m
        [36m</div>[39m
        [36m<div[39m
          [33mclass[39m=[32m"flex flex-col items-center rounded-lg border border-[#1e2a45] bg-[#141b2d] px-4 py-4"[39m
        [36m>[39m
          [36m<span[39m
            [33mclass[39m=[32m"text-xs font-medium uppercase tracking-wider text-[#5a6a7a]"[39m
          [36m>[39m
            [0mMost Common Range[0m
          [36m</span>[39m
          [36m<span[39m
            [33mclass[39m=[32m"mt-1 text-xl font-bold text-[#f0f0f0]"[39m
          [36m>[39m
            [0m31-40[0m
          [36m</span>[39m
          [36m<span[39m
            [33mclass[39m=[32m"mt-0.5 text-xs text-[#8899aa]"[39m
          [36m>[39m
            [0mscore bucket[0m
          [36m</span>[39m
        [36m</div>[39m
        [36m<div[39m
          [33mclass[39m=[32m"flex flex-col items-center rounded-lg border border-[#1e2a45] bg-[#141b2d] px-4 py-4"[39m
        [36m>[39m
          [36m<span[39m
            [33mclass[39m=[32m"text-xs font-medium uppercase tracking-wider text-[#5a6a7a]"[39m
          [36m>[39m
            [0mAvg Margin[0m
          [36m</span>[39m
          [36m<span[39m
            [33mclass[39m=[32m"mt-1 text-xl font-bold text-[#f0f0f0]"[39m
          [36m>[39m
            [0m32.6[0m
          [36m</span>[39m
          [36m<span[39m
            [33mclass[39m=[32m"mt-0.5 text-xs text-[#8899aa]"[39m
          [36m>[39m
            [0mpoints[0m
          [36m</span>[39m
        [36m</div>[39m
        [36m<div[39m
          [33mclass[39m=[32m"flex flex-col items-center rounded-lg border border-[#1e2a45] bg-[#141b2d] px-4 py-4"[39m
        [36m>[39m
          [36m<span[39m
            [33mclass[39m=[32m"text-xs font-medium uppercase tracking-wider text-[#5a6a7a]"[39m
          [36m>[39m
            [0mPrimetime Games[0m
          [36m</span>[39m
          [36m<span[39m
            [33mclass[39m=[32m"mt-1 text-xl font-bold text-[#f0f0f0]"[39m
          [36m>[39m
            [0m50[0m
          [36m</span>[39m
        [36m</div>[39m
      [36m</div>[39m
      [36m<div[39m
        [33mclass[39m=[32m"rounded-lg border border-[#1e2a45] bg-[#141b2d]"[39m
      [36m>[39m
        [36m<div[39m
          [33mclass[39m=[32m"border-b border-[#1e2a45] px-5 py-3"[39m
        [36m>[39m
          [36m<h3[39m
            [33mclass[39m=[32m"text-xs font-semibold uppercase tracking-wider text-[#5a6a7a]"[39m
          [36m>[39m
            [0mScore Distribution[0m
          [36m</h3>[39m
        [36m</div>[39m
        [36m<div[39m
          [33mclass[39m=[32m"px-5 py-4"[39m
        [36m>[39m
          [36m<p[39m
            [33mclass[39m=[32m"mb-4 text-xs text-[#8899aa]"[39m
          [36m>[39m
            [0mTotal points per game across all games[0m
          [36m</p>[39m
          [36m<div[39m
            [33mclass[39m=[32m"space-y-3"[39m
          [36m>[39m
            [36m<div[39m
              [33mclass[39m=[32m"flex items-center gap-3"[39m
            [36m>[39m
              [36m<div[39m
                [33mclass[39m=[32m"w-16 text-right text-xs font-medium text-[#8899aa]"[39m
              [36m>[39m
                [0m0-20[0m
              [36m</div>[39m
              [36m<div[39m
                [33mclass[39m=[32m"flex-1"[39m
              [36m>[39m
                [36m<div[39m
                  [33mclass[39m=[32m"relative h-6 overflow-hidden rounded-sm bg-[#0d1321]"[39m
                [36m>[39m
                  [36m<div[39m
                    [33mclass[39m=[32m"h-full bg-gradient-to-r from-[#d4af37] to-[#b8941e] transition-all duration-300"[39m
                    [33mstyle[39m=[32m"width: 40%;"[39m
                  [36m/>[39m
                [36m</div>[39m
              [36m</div>[39m
              [36m<div[39m
                [33mclass[39m=[32m"w-20 text-right"[39m
              [36m>[39m
                [36m<div[39m
                  [33mclass[39m=[32m"text-xs font-bold text-[#e0e0e0]"[39m
                [36m>[39m
                  [0m10[0m
                [36m</div>[39m
                [36m<div[39m
                  [33mclass[39m=[32m"text-xs text-[#8899aa]"[39m
                [36m>[39m
                  [0m10.0[0m
                  [0m%[0m
                [36m</div>[39m
              [36m</div>[39m
            [36m</div>[39m
            [36m<div[39m
              [33mclass[39m=[32m"flex items-center gap-3"[39m
            [36m>[39m
              [36m<div[39m
                [33mclass[39m=[32m"w-16 text-right text-xs font-medium text-[#8899aa]"[39m
              [36m>[39m
                [0m21-30[0m
              [36m</div>[39m
              [36m<div[39m
                [33mclass[39m=[32m"flex-1"[39m
              [36m>[39m
                [36m<div[39m
                  [33mclass[39m=[32m"relative h-6 overflow-hidden rounded-sm bg-[#0d1321]"[39m
                [36m>[39m
                  [36m<div[39m
                    [33mclass[39m=[32m"h-full bg-gradient-to-r from-[#d4af37] to-[#b8941e] transition-all duration-300"[39m
                    [33mstyle[39m=[32m"width: 80%;"[39m
                  [36m/>[39m
                [36m</div>[39m
              [36m</div>[39m
              [36m<div[39m
             ...
[90m [2m❯[22m Object.getElementError node_modules/@testing-library/dom/dist/config.js:[2m37:19[22m[39m
[90m [2m❯[22m getElementError node_modules/@testing-library/dom/dist/query-helpers.js:[2m20:35[22m[39m
[90m [2m❯[22m getMultipleElementsFoundError node_modules/@testing-library/dom/dist/query-helpers.js:[2m23:10[22m[39m
[90m [2m❯[22m node_modules/@testing-library/dom/dist/query-helpers.js:[2m55:13[22m[39m
[90m [2m❯[22m node_modules/@testing-library/dom/dist/query-helpers.js:[2m95:19[22m[39m
[36m [2m❯[22m src/__tests__/scoring-dashboard.test.tsx:[2m216:19[22m[39m
    [90m214| [39m    )[33m;[39m
    [90m215| [39m    expect(screen.getByText("45.8")).toBeInTheDocument(); // Sunday av…
    [90m216| [39m    [34mexpect[39m(screen[33m.[39m[34mgetByText[39m([32m"60"[39m))[33m.[39m[34mtoBeInTheDocument[39m()[33m;[39m [90m// Sunday games[39m
    [90m   | [39m                  [31m^[39m
    [90m217| [39m  })[33m;[39m
    [90m218| [39m

[31m[2m⎯⎯⎯⎯⎯⎯⎯⎯⎯⎯⎯⎯⎯⎯⎯⎯⎯⎯⎯⎯⎯⎯[20/31]⎯[22m[39m

[41m[1m FAIL [22m[49m src/__tests__/scoring-dashboard.test.tsx[2m > [22mScoringDashboard[2m > [22mshows distribution percentages
[31m[1mTestingLibraryElementError[22m[39m: Found multiple elements with the text: 20.0%

Here are the matching elements:

Ignored nodes: comments, script, style
[36m<div[39m
  [33mclass[39m=[32m"text-xs text-[#8899aa]"[39m
[36m>[39m
  [0m20.0[0m
  [0m%[0m
[36m</div>[39m

Ignored nodes: comments, script, style
[36m<div[39m
  [33mclass[39m=[32m"text-xs text-[#8899aa]"[39m
[36m>[39m
  [0m20.0[0m
  [0m%[0m
[36m</div>[39m

(If this is intentional, then use the `*AllBy*` variant of the query (like `queryAllByText`, `getAllByText`, or `findAllByText`)).

Ignored nodes: comments, script, style
[36m<body>[39m
  [36m<div>[39m
    [36m<div[39m
      [33mclass[39m=[32m"space-y-6"[39m
    [36m>[39m
      [36m<div[39m
        [33mclass[39m=[32m"grid grid-cols-2 gap-3 sm:grid-cols-3 lg:grid-cols-5"[39m
      [36m>[39m
        [36m<div[39m
          [33mclass[39m=[32m"flex flex-col items-center rounded-lg border border-[#1e2a45] bg-[#141b2d] px-4 py-4"[39m
        [36m>[39m
          [36m<span[39m
            [33mclass[39m=[32m"text-xs font-medium uppercase tracking-wider text-[#5a6a7a]"[39m
          [36m>[39m
            [0mTotal Games[0m
          [36m</span>[39m
          [36m<span[39m
            [33mclass[39m=[32m"mt-1 text-xl font-bold text-[#f0f0f0]"[39m
          [36m>[39m
            [0m100[0m
          [36m</span>[39m
        [36m</div>[39m
        [36m<div[39m
          [33mclass[39m=[32m"flex flex-col items-center rounded-lg border border-[#1e2a45] bg-[#141b2d] px-4 py-4"[39m
        [36m>[39m
          [36m<span[39m
            [33mclass[39m=[32m"text-xs font-medium uppercase tracking-wider text-[#5a6a7a]"[39m
          [36m>[39m
            [0mAvg Total[0m
          [36m</span>[39m
          [36m<span[39m
            [33mclass[39m=[32m"mt-1 text-xl font-bold text-[#f0f0f0]"[39m
          [36m>[39m
            [0m45.5[0m
          [36m</span>[39m
          [36m<span[39m
            [33mclass[39m=[32m"mt-0.5 text-xs text-[#8899aa]"[39m
          [36m>[39m
            [0mpoints[0m
          [36m</span>[39m
        [36m</div>[39m
        [36m<div[39m
          [33mclass[39m=[32m"flex flex-col items-center rounded-lg border border-[#1e2a45] bg-[#141b2d] px-4 py-4"[39m
        [36m>[39m
          [36m<span[39m
            [33mclass[39m=[32m"text-xs font-medium uppercase tracking-wider text-[#5a6a7a]"[39m
          [36m>[39m
            [0mMost Common Range[0m
          [36m</span>[39m
          [36m<span[39m
            [33mclass[39m=[32m"mt-1 text-xl font-bold text-[#f0f0f0]"[39m
          [36m>[39m
            [0m31-40[0m
          [36m</span>[39m
          [36m<span[39m
            [33mclass[39m=[32m"mt-0.5 text-xs text-[#8899aa]"[39m
          [36m>[39m
            [0mscore bucket[0m
          [36m</span>[39m
        [36m</div>[39m
        [36m<div[39m
          [33mclass[39m=[32m"flex flex-col items-center rounded-lg border border-[#1e2a45] bg-[#141b2d] px-4 py-4"[39m
        [36m>[39m
          [36m<span[39m
            [33mclass[39m=[32m"text-xs font-medium uppercase tracking-wider text-[#5a6a7a]"[39m
          [36m>[39m
            [0mAvg Margin[0m
          [36m</span>[39m
          [36m<span[39m
            [33mclass[39m=[32m"mt-1 text-xl font-bold text-[#f0f0f0]"[39m
          [36m>[39m
            [0m32.6[0m
          [36m</span>[39m
          [36m<span[39m
            [33mclass[39m=[32m"mt-0.5 text-xs text-[#8899aa]"[39m
          [36m>[39m
            [0mpoints[0m
          [36m</span>[39m
        [36m</div>[39m
        [36m<div[39m
          [33mclass[39m=[32m"flex flex-col items-center rounded-lg border border-[#1e2a45] bg-[#141b2d] px-4 py-4"[39m
        [36m>[39m
          [36m<span[39m
            [33mclass[39m=[32m"text-xs font-medium uppercase tracking-wider text-[#5a6a7a]"[39m
          [36m>[39m
            [0mPrimetime Games[0m
          [36m</span>[39m
          [36m<span[39m
            [33mclass[39m=[32m"mt-1 text-xl font-bold text-[#f0f0f0]"[39m
          [36m>[39m
            [0m50[0m
          [36m</span>[39m
        [36m</div>[39m
      [36m</div>[39m
      [36m<div[39m
        [33mclass[39m=[32m"rounded-lg border border-[#1e2a45] bg-[#141b2d]"[39m
      [36m>[39m
        [36m<div[39m
          [33mclass[39m=[32m"border-b border-[#1e2a45] px-5 py-3"[39m
        [36m>[39m
          [36m<h3[39m
            [33mclass[39m=[32m"text-xs font-semibold uppercase tracking-wider text-[#5a6a7a]"[39m
          [36m>[39m
            [0mScore Distribution[0m
          [36m</h3>[39m
        [36m</div>[39m
        [36m<div[39m
          [33mclass[39m=[32m"px-5 py-4"[39m
        [36m>[39m
          [36m<p[39m
            [33mclass[39m=[32m"mb-4 text-xs text-[#8899aa]"[39m
          [36m>[39m
            [0mTotal points per game across all games[0m
          [36m</p>[39m
          [36m<div[39m
            [33mclass[39m=[32m"space-y-3"[39m
          [36m>[39m
            [36m<div[39m
              [33mclass[39m=[32m"flex items-center gap-3"[39m
            [36m>[39m
              [36m<div[39m
                [33mclass[39m=[32m"w-16 text-right text-xs font-medium text-[#8899aa]"[39m
              [36m>[39m
                [0m0-20[0m
              [36m</div>[39m
              [36m<div[39m
                [33mclass[39m=[32m"flex-1"[39m
              [36m>[39m
                [36m<div[39m
                  [33mclass[39m=[32m"relative h-6 overflow-hidden rounded-sm bg-[#0d1321]"[39m
                [36m>[39m
                  [36m<div[39m
                    [33mclass[39m=[32m"h-full bg-gradient-to-r from-[#d4af37] to-[#b8941e] transition-all duration-300"[39m
                    [33mstyle[39m=[32m"width: 40%;"[39m
                  [36m/>[39m
                [36m</div>[39m
              [36m</div>[39m
              [36m<div[39m
                [33mclass[39m=[32m"w-20 text-right"[39m
              [36m>[39m
                [36m<div[39m
                  [33mclass[39m=[32m"text-xs font-bold text-[#e0e0e0]"[39m
                [36m>[39m
                  [0m10[0m
                [36m</div>[39m
                [36m<div[39m
                  [33mclass[39m=[32m"text-xs text-[#8899aa]"[39m
                [36m>[39m
                  [0m10.0[0m
                  [0m%[0m
                [36m</div>[39m
              [36m</div>[39m
            [36m</div>[39m
            [36m<div[39m
              [33mclass[39m=[32m"flex items-center gap-3"[39m
            [36m>[39m
              [36m<div[39m
                [33mclass[39m=[32m"w-16 text-right text-xs font-medium text-[#8899aa]"[39m
              [36m>[39m
                [0m21-30[0m
              [36m</div>[39m
              [36m<div[39m
                [33mclass[39m=[32m"flex-1"[39m
              [36m>[39m
                [36m<div[39m
                  [33mclass[39m=[32m"relative h-6 overflow-hidden rounded-sm bg-[#0d1321]"[39m
                [36m>[39m
                  [36m<div[39m
                    [33mclass[39m=[32m"h-full bg-gradient-to-r from-[#d4af37] to-[#b8941e] transition-all duration-300"[39m
                    [33mstyle[39m=[32m"width: 80%;"[39m
                  [36m/>[39m
                [36m</div>[39m
              [36m</div>[39m
              [36m<div[39m
             ...
[90m [2m❯[22m Object.getElementError node_modules/@testing-library/dom/dist/config.js:[2m37:19[22m[39m
[90m [2m❯[22m getElementError node_modules/@testing-library/dom/dist/query-helpers.js:[2m20:35[22m[39m
[90m [2m❯[22m getMultipleElementsFoundError node_modules/@testing-library/dom/dist/query-helpers.js:[2m23:10[22m[39m
[90m [2m❯[22m node_modules/@testing-library/dom/dist/query-helpers.js:[2m55:13[22m[39m
[90m [2m❯[22m node_modules/@testing-library/dom/dist/query-helpers.js:[2m95:19[22m[39m
[36m [2m❯[22m src/__tests__/scoring-dashboard.test.tsx:[2m241:19[22m[39m
    [90m239| [39m    [90m// Check that percentages are displayed[39m
    [90m240| [39m    [34mexpect[39m(screen[33m.[39m[34mgetByText[39m([32m"10.0%"[39m))[33m.[39m[34mtoBeInTheDocument[39m()[33m;[39m
    [90m241| [39m    [34mexpect[39m(screen[33m.[39m[34mgetByText[39m([32m"20.0%"[39m))[33m.[39m[34mtoBeInTheDocument[39m()[33m;[39m
    [90m   | [39m                  [31m^[39m
    [90m242| [39m  })[33m;[39m
    [90m243| [39m

[31m[2m⎯⎯⎯⎯⎯⎯⎯⎯⎯⎯⎯⎯⎯⎯⎯⎯⎯⎯⎯⎯⎯⎯[21/31]⎯[22m[39m

[41m[1m FAIL [22m[49m src/__tests__/scoring-dashboard.test.tsx[2m > [22mScoringDashboard[2m > [22mdisplays home and away averages
[31m[1mTestingLibraryElementError[22m[39m: Found multiple elements with the text: 23.1

Here are the matching elements:

Ignored nodes: comments, script, style
[36m<td[39m
  [33mclass[39m=[32m"hidden py-2 text-center text-[#8899aa] sm:table-cell"[39m
[36m>[39m
  [0m23.1[0m
[36m</td>[39m

Ignored nodes: comments, script, style
[36m<td[39m
  [33mclass[39m=[32m"hidden py-2 text-center text-[#8899aa] sm:table-cell"[39m
[36m>[39m
  [0m23.1[0m
[36m</td>[39m

Ignored nodes: comments, script, style
[36m<td[39m
  [33mclass[39m=[32m"hidden py-2 text-center text-[#8899aa] sm:table-cell"[39m
[36m>[39m
  [0m23.1[0m
[36m</td>[39m

(If this is intentional, then use the `*AllBy*` variant of the query (like `queryAllByText`, `getAllByText`, or `findAllByText`)).

Ignored nodes: comments, script, style
[36m<body>[39m
  [36m<div>[39m
    [36m<div[39m
      [33mclass[39m=[32m"space-y-6"[39m
    [36m>[39m
      [36m<div[39m
        [33mclass[39m=[32m"grid grid-cols-2 gap-3 sm:grid-cols-3 lg:grid-cols-5"[39m
      [36m>[39m
        [36m<div[39m
          [33mclass[39m=[32m"flex flex-col items-center rounded-lg border border-[#1e2a45] bg-[#141b2d] px-4 py-4"[39m
        [36m>[39m
          [36m<span[39m
            [33mclass[39m=[32m"text-xs font-medium uppercase tracking-wider text-[#5a6a7a]"[39m
          [36m>[39m
            [0mTotal Games[0m
          [36m</span>[39m
          [36m<span[39m
            [33mclass[39m=[32m"mt-1 text-xl font-bold text-[#f0f0f0]"[39m
          [36m>[39m
            [0m100[0m
          [36m</span>[39m
        [36m</div>[39m
        [36m<div[39m
          [33mclass[39m=[32m"flex flex-col items-center rounded-lg border border-[#1e2a45] bg-[#141b2d] px-4 py-4"[39m
        [36m>[39m
          [36m<span[39m
            [33mclass[39m=[32m"text-xs font-medium uppercase tracking-wider text-[#5a6a7a]"[39m
          [36m>[39m
            [0mAvg Total[0m
          [36m</span>[39m
          [36m<span[39m
            [33mclass[39m=[32m"mt-1 text-xl font-bold text-[#f0f0f0]"[39m
          [36m>[39m
            [0m45.5[0m
          [36m</span>[39m
          [36m<span[39m
            [33mclass[39m=[32m"mt-0.5 text-xs text-[#8899aa]"[39m
          [36m>[39m
            [0mpoints[0m
          [36m</span>[39m
        [36m</div>[39m
        [36m<div[39m
          [33mclass[39m=[32m"flex flex-col items-center rounded-lg border border-[#1e2a45] bg-[#141b2d] px-4 py-4"[39m
        [36m>[39m
          [36m<span[39m
            [33mclass[39m=[32m"text-xs font-medium uppercase tracking-wider text-[#5a6a7a]"[39m
          [36m>[39m
            [0mMost Common Range[0m
          [36m</span>[39m
          [36m<span[39m
            [33mclass[39m=[32m"mt-1 text-xl font-bold text-[#f0f0f0]"[39m
          [36m>[39m
            [0m31-40[0m
          [36m</span>[39m
          [36m<span[39m
            [33mclass[39m=[32m"mt-0.5 text-xs text-[#8899aa]"[39m
          [36m>[39m
            [0mscore bucket[0m
          [36m</span>[39m
        [36m</div>[39m
        [36m<div[39m
          [33mclass[39m=[32m"flex flex-col items-center rounded-lg border border-[#1e2a45] bg-[#141b2d] px-4 py-4"[39m
        [36m>[39m
          [36m<span[39m
            [33mclass[39m=[32m"text-xs font-medium uppercase tracking-wider text-[#5a6a7a]"[39m
          [36m>[39m
            [0mAvg Margin[0m
          [36m</span>[39m
          [36m<span[39m
            [33mclass[39m=[32m"mt-1 text-xl font-bold text-[#f0f0f0]"[39m
          [36m>[39m
            [0m32.6[0m
          [36m</span>[39m
          [36m<span[39m
            [33mclass[39m=[32m"mt-0.5 text-xs text-[#8899aa]"[39m
          [36m>[39m
            [0mpoints[0m
          [36m</span>[39m
        [36m</div>[39m
        [36m<div[39m
          [33mclass[39m=[32m"flex flex-col items-center rounded-lg border border-[#1e2a45] bg-[#141b2d] px-4 py-4"[39m
        [36m>[39m
          [36m<span[39m
            [33mclass[39m=[32m"text-xs font-medium uppercase tracking-wider text-[#5a6a7a]"[39m
          [36m>[39m
            [0mPrimetime Games[0m
          [36m</span>[39m
          [36m<span[39m
            [33mclass[39m=[32m"mt-1 text-xl font-bold text-[#f0f0f0]"[39m
          [36m>[39m
            [0m50[0m
          [36m</span>[39m
        [36m</div>[39m
      [36m</div>[39m
      [36m<div[39m
        [33mclass[39m=[32m"rounded-lg border border-[#1e2a45] bg-[#141b2d]"[39m
      [36m>[39m
        [36m<div[39m
          [33mclass[39m=[32m"border-b border-[#1e2a45] px-5 py-3"[39m
        [36m>[39m
          [36m<h3[39m
            [33mclass[39m=[32m"text-xs font-semibold uppercase tracking-wider text-[#5a6a7a]"[39m
          [36m>[39m
            [0mScore Distribution[0m
          [36m</h3>[39m
        [36m</div>[39m
        [36m<div[39m
          [33mclass[39m=[32m"px-5 py-4"[39m
        [36m>[39m
          [36m<p[39m
            [33mclass[39m=[32m"mb-4 text-xs text-[#8899aa]"[39m
          [36m>[39m
            [0mTotal points per game across all games[0m
          [36m</p>[39m
          [36m<div[39m
            [33mclass[39m=[32m"space-y-3"[39m
          [36m>[39m
            [36m<div[39m
              [33mclass[39m=[32m"flex items-center gap-3"[39m
            [36m>[39m
              [36m<div[39m
                [33mclass[39m=[32m"w-16 text-right text-xs font-medium text-[#8899aa]"[39m
              [36m>[39m
                [0m0-20[0m
              [36m</div>[39m
              [36m<div[39m
                [33mclass[39m=[32m"flex-1"[39m
              [36m>[39m
                [36m<div[39m
                  [33mclass[39m=[32m"relative h-6 overflow-hidden rounded-sm bg-[#0d1321]"[39m
                [36m>[39m
                  [36m<div[39m
                    [33mclass[39m=[32m"h-full bg-gradient-to-r from-[#d4af37] to-[#b8941e] transition-all duration-300"[39m
                    [33mstyle[39m=[32m"width: 40%;"[39m
                  [36m/>[39m
                [36m</div>[39m
              [36m</div>[39m
              [36m<div[39m
                [33mclass[39m=[32m"w-20 text-right"[39m
              [36m>[39m
                [36m<div[39m
                  [33mclass[39m=[32m"text-xs font-bold text-[#e0e0e0]"[39m
                [36m>[39m
                  [0m10[0m
                [36m</div>[39m
                [36m<div[39m
                  [33mclass[39m=[32m"text-xs text-[#8899aa]"[39m
                [36m>[39m
                  [0m10.0[0m
                  [0m%[0m
                [36m</div>[39m
              [36m</div>[39m
            [36m</div>[39m
            [36m<div[39m
              [33mclass[39m=[32m"flex items-center gap-3"[39m
            [36m>[39m
              [36m<div[39m
                [33mclass[39m=[32m"w-16 text-right text-xs font-medium text-[#8899aa]"[39m
              [36m>[39m
                [0m21-30[0m
              [36m</div>[39m
              [36m<div[39m
                [33mclass[39m=[32m"flex-1"[39m
              [36m>[39m
                [36m<div[39m
                  [33mclass[39m=[32m"relative h-6 overflow-hidden rounded-sm bg-[#0d1321]"[39m
                [36m>[39m
                  [36m<div[39m
                    [33mclass[39m=[32m"h-full bg-gradient-to-r from-[#d4af37] to-[#b8941e] transition-all duration-300"[39m
                    [33mstyle[39m=[32m"width: 80%;"[39m
                  [36m/>[39m
                [36m</div>[39m
              [36m</div>[39m
              [36m<div[39m
             ...
[90m [2m❯[22m Object.getElementError node_modules/@testing-library/dom/dist/config.js:[2m37:19[22m[39m
[90m [2m❯[22m getElementError node_modules/@testing-library/dom/dist/query-helpers.js:[2m20:35[22m[39m
[90m [2m❯[22m getMultipleElementsFoundError node_modules/@testing-library/dom/dist/query-helpers.js:[2m23:10[22m[39m
[90m [2m❯[22m node_modules/@testing-library/dom/dist/query-helpers.js:[2m55:13[22m[39m
[90m [2m❯[22m node_modules/@testing-library/dom/dist/query-helpers.js:[2m95:19[22m[39m
[36m [2m❯[22m src/__tests__/scoring-dashboard.test.tsx:[2m290:19[22m[39m
    [90m288| [39m      [33m/[39m[33m>[39m
    [90m289| [39m    )[33m;[39m
    [90m290| [39m    [34mexpect[39m(screen[33m.[39m[34mgetByText[39m([32m"23.1"[39m))[33m.[39m[34mtoBeInTheDocument[39m()[33m;[39m [90m// Home avg[39m
    [90m   | [39m                  [31m^[39m
    [90m291| [39m    [34mexpect[39m(screen[33m.[39m[34mgetByText[39m([32m"22.7"[39m))[33m.[39m[34mtoBeInTheDocument[39m()[33m;[39m [90m// Away avg[39m
    [90m292| [39m  })[33m;[39m

[31m[2m⎯⎯⎯⎯⎯⎯⎯⎯⎯⎯⎯⎯⎯⎯⎯⎯⎯⎯⎯⎯⎯⎯[22/31]⎯[22m[39m

[41m[1m FAIL [22m[49m src/__tests__/scoring-distribution.test.ts[2m > [22mscoring-distribution.ts[2m > [22mcomputeScoringDistribution[2m > [22mcomputes score distribution buckets
[31m[1mAssertionError[22m: expected 1 to be 2 // Object.is equality[39m

[32m- Expected[39m
[31m+ Received[39m

[32m- 2[39m
[31m+ 1[39m

[36m [2m❯[22m src/__tests__/scoring-distribution.test.ts:[2m100:29[22m[39m
    [90m 98| [39m      [34mexpect[39m(dist[[34m0[39m][33m.[39mcount)[33m.[39m[34mtoBe[39m([34m2[39m)[33m;[39m
    [90m 99| [39m      [90m// 21-30: 44, 23 (2 games)[39m
    [90m100| [39m      [34mexpect[39m(dist[[34m1[39m][33m.[39mcount)[33m.[39m[34mtoBe[39m([34m2[39m)[33m;[39m
    [90m   | [39m                            [31m^[39m
    [90m101| [39m      [90m// 31-40: 58 (1 game)[39m
    [90m102| [39m      [34mexpect[39m(dist[[34m2[39m][33m.[39mcount)[33m.[39m[34mtoBe[39m([34m1[39m)[33m;[39m

[31m[2m⎯⎯⎯⎯⎯⎯⎯⎯⎯⎯⎯⎯⎯⎯⎯⎯⎯⎯⎯⎯⎯⎯[23/31]⎯[22m[39m

[41m[1m FAIL [22m[49m src/__tests__/scoring-distribution.test.ts[2m > [22mscoring-distribution.ts[2m > [22mcomputeScoringDistribution[2m > [22mcomputes percentages correctly
[31m[1mAssertionError[22m: expected 14.3 to be close to 28.6, received difference is 14.3, but expected 0.5[39m
[36m [2m❯[22m src/__tests__/scoring-distribution.test.ts:[2m118:46[22m[39m
    [90m116| [39m      [34mexpect[39m([34mparseFloat[39m(dist[[34m0[39m][33m.[39mpercentage))[33m.[39m[34mtoBeCloseTo[39m([34m28.6[39m[33m,[39m [34m0[39m)[33m;[39m
    [90m117| [39m      [90m// 2/7 = 28.6%[39m
    [90m118| [39m      [34mexpect[39m([34mparseFloat[39m(dist[[34m1[39m][33m.[39mpercentage))[33m.[39m[34mtoBeCloseTo[39m([34m28.6[39m[33m,[39m [34m0[39m)[33m;[39m
    [90m   | [39m                                             [31m^[39m
    [90m119| [39m    })[33m;[39m
    [90m120| [39m

[31m[2m⎯⎯⎯⎯⎯⎯⎯⎯⎯⎯⎯⎯⎯⎯⎯⎯⎯⎯⎯⎯⎯⎯[24/31]⎯[22m[39m

[41m[1m FAIL [22m[49m src/__tests__/scoring-distribution.test.ts[2m > [22mscoring-distribution.ts[2m > [22mcomputeScoringDistribution[2m > [22mcomputes era statistics
[31m[1mAssertionError[22m: expected 7 to be 2 // Object.is equality[39m

[32m- Expected[39m
[31m+ Received[39m

[32m- 2[39m
[31m+ 7[39m

[36m [2m❯[22m src/__tests__/scoring-distribution.test.ts:[2m146:30[22m[39m
    [90m144| [39m      [34mexpect[39m(era2020)[33m.[39m[34mtoBeDefined[39m()[33m;[39m
    [90m145| [39m      [34mexpect[39m(era2020[33m![39m[33m.[39mera)[33m.[39m[34mtoBe[39m([32m"2020s"[39m)[33m;[39m
    [90m146| [39m      [34mexpect[39m(era2020[33m![39m[33m.[39mgames)[33m.[39m[34mtoBe[39m([34m2[39m)[33m;[39m [90m// 2 games in 2020[39m
    [90m   | [39m                             [31m^[39m
    [90m147| [39m      [34mexpect[39m(era2020[33m![39m[33m.[39mhighestGame)[33m.[39m[34mtoBe[39m([34m111[39m)[33m;[39m
    [90m148| [39m      [34mexpect[39m(era2020[33m![39m[33m.[39mlowestGame)[33m.[39m[34mtoBe[39m([34m3[39m)[33m;[39m

[31m[2m⎯⎯⎯⎯⎯⎯⎯⎯⎯⎯⎯⎯⎯⎯⎯⎯⎯⎯⎯⎯⎯⎯[25/31]⎯[22m[39m

[41m[1m FAIL [22m[49m src/__tests__/search.test.ts[2m > [22msearch.ts[2m > [22mparseScoreRange[2m > [22mreturns null for invalid input
[31m[1mAssertionError[22m: expected { min: 30, max: 30 } to be null[39m

[32m- Expected:[39m 
null

[31m+ Received:[39m 
{
  "max": 30,
  "min": 30,
}

[36m [2m❯[22m src/__tests__/search.test.ts:[2m69:40[22m[39m
    [90m 67| [39m      [34mexpect[39m([34mparseScoreRange[39m([32m""[39m))[33m.[39m[34mtoBeNull[39m()[33m;[39m
    [90m 68| [39m      [34mexpect[39m([34mparseScoreRange[39m([32m"invalid"[39m))[33m.[39m[34mtoBeNull[39m()[33m;[39m
    [90m 69| [39m      [34mexpect[39m([34mparseScoreRange[39m([32m"30-20"[39m))[33m.[39m[34mtoBeNull[39m()[33m;[39m [90m// reversed range[39m
    [90m   | [39m                                       [31m^[39m
    [90m 70| [39m      [34mexpect[39m([34mparseScoreRange[39m([32m"-5"[39m))[33m.[39m[34mtoBeNull[39m()[33m;[39m
    [90m 71| [39m    })[33m;[39m

[31m[2m⎯⎯⎯⎯⎯⎯⎯⎯⎯⎯⎯⎯⎯⎯⎯⎯⎯⎯⎯⎯⎯⎯[26/31]⎯[22m[39m

[41m[1m FAIL [22m[49m src/__tests__/search.test.ts[2m > [22msearch.ts[2m > [22mparseSeasonRange[2m > [22mreturns null for invalid input
[31m[1mAssertionError[22m: expected { start: 2024, end: 2024 } to be null[39m

[32m- Expected:[39m 
null

[31m+ Received:[39m 
{
  "end": 2024,
  "start": 2024,
}

[36m [2m❯[22m src/__tests__/search.test.ts:[2m98:45[22m[39m
    [90m 96| [39m      [34mexpect[39m([34mparseSeasonRange[39m([32m""[39m))[33m.[39m[34mtoBeNull[39m()[33m;[39m
    [90m 97| [39m      [34mexpect[39m([34mparseSeasonRange[39m([32m"invalid"[39m))[33m.[39m[34mtoBeNull[39m()[33m;[39m
    [90m 98| [39m      [34mexpect[39m([34mparseSeasonRange[39m([32m"2024-2020"[39m))[33m.[39m[34mtoBeNull[39m()[33m;[39m [90m// reversed[39m
    [90m   | [39m                                            [31m^[39m
    [90m 99| [39m      [34mexpect[39m([34mparseSeasonRange[39m([32m"1800"[39m))[33m.[39m[34mtoBeNull[39m()[33m;[39m [90m// too old[39m
    [90m100| [39m      [34mexpect[39m([34mparseSeasonRange[39m([32m"2500"[39m))[33m.[39m[34mtoBeNull[39m()[33m;[39m [90m// too far future[39m

[31m[2m⎯⎯⎯⎯⎯⎯⎯⎯⎯⎯⎯⎯⎯⎯⎯⎯⎯⎯⎯⎯⎯⎯[27/31]⎯[22m[39m

[41m[1m FAIL [22m[49m src/__tests__/search.test.ts[2m > [22msearch.ts[2m > [22mbuildSearchQuery[2m > [22mparses season range
[31m[1mAssertionError[22m: expected undefined to be 2020 // Object.is equality[39m

[32m- Expected:[39m 
2020

[31m+ Received:[39m 
undefined

[36m [2m❯[22m src/__tests__/search.test.ts:[2m136:34[22m[39m
    [90m134| [39m    [34mit[39m([32m"parses season range"[39m[33m,[39m () [33m=>[39m {
    [90m135| [39m      [35mconst[39m result [33m=[39m [34mbuildSearchQuery[39m([32m"2020-2024"[39m)[33m;[39m
    [90m136| [39m      [34mexpect[39m(result[33m.[39mseasonStart)[33m.[39m[34mtoBe[39m([34m2020[39m)[33m;[39m
    [90m   | [39m                                 [31m^[39m
    [90m137| [39m      [34mexpect[39m(result[33m.[39mseasonEnd)[33m.[39m[34mtoBe[39m([34m2024[39m)[33m;[39m
    [90m138| [39m    })[33m;[39m

[31m[2m⎯⎯⎯⎯⎯⎯⎯⎯⎯⎯⎯⎯⎯⎯⎯⎯⎯⎯⎯⎯⎯⎯[28/31]⎯[22m[39m

[41m[1m FAIL [22m[49m src/__tests__/search.test.ts[2m > [22msearch.ts[2m > [22mbuildSearchQuery[2m > [22mparses complex query
[31m[1mAssertionError[22m: expected undefined to be 2020 // Object.is equality[39m

[32m- Expected:[39m 
2020

[31m+ Received:[39m 
undefined

[36m [2m❯[22m src/__tests__/search.test.ts:[2m150:34[22m[39m
    [90m148| [39m      [34mexpect[39m(result[33m.[39mteamNames)[33m.[39m[34mtoContain[39m([32m"Kansas City Chiefs"[39m)[33m;[39m
    [90m149| [39m      [34mexpect[39m(result[33m.[39mteamNames)[33m.[39m[34mtoContain[39m([32m"Dallas Cowboys"[39m)[33m;[39m
    [90m150| [39m      [34mexpect[39m(result[33m.[39mseasonStart)[33m.[39m[34mtoBe[39m([34m2020[39m)[33m;[39m
    [90m   | [39m                                 [31m^[39m
    [90m151| [39m      [34mexpect[39m(result[33m.[39mseasonEnd)[33m.[39m[34mtoBe[39m([34m2024[39m)[33m;[39m
    [90m152| [39m      [34mexpect[39m(result[33m.[39mscoreMin)[33m.[39m[34mtoBe[39m([34m35[39m)[33m;[39m

[31m[2m⎯⎯⎯⎯⎯⎯⎯⎯⎯⎯⎯⎯⎯⎯⎯⎯⎯⎯⎯⎯⎯⎯[29/31]⎯[22m[39m

[41m[1m FAIL [22m[49m src/__tests__/search.test.ts[2m > [22msearch.ts[2m > [22mbuildSearchQuery[2m > [22mignores unrecognized tokens
[31m[1mAssertionError[22m: expected undefined to be 2020 // Object.is equality[39m

[32m- Expected:[39m 
2020

[31m+ Received:[39m 
undefined

[36m [2m❯[22m src/__tests__/search.test.ts:[2m169:34[22m[39m
    [90m167| [39m      [35mconst[39m result [33m=[39m [34mbuildSearchQuery[39m([32m"Chiefs randomword 2020"[39m)[33m;[39m
    [90m168| [39m      [34mexpect[39m(result[33m.[39mteamNames)[33m.[39m[34mtoContain[39m([32m"Kansas City Chiefs"[39m)[33m;[39m
    [90m169| [39m      [34mexpect[39m(result[33m.[39mseasonStart)[33m.[39m[34mtoBe[39m([34m2020[39m)[33m;[39m
    [90m   | [39m                                 [31m^[39m
    [90m170| [39m    })[33m;[39m
    [90m171| [39m

[31m[2m⎯⎯⎯⎯⎯⎯⎯⎯⎯⎯⎯⎯⎯⎯⎯⎯⎯⎯⎯⎯⎯⎯[30/31]⎯[22m[39m

[41m[1m FAIL [22m[49m src/__tests__/search.test.ts[2m > [22msearch.ts[2m > [22mbuildSearchQuery[2m > [22mhandles mixed case input
[31m[1mAssertionError[22m: expected undefined to be 2020 // Object.is equality[39m

[32m- Expected:[39m 
2020

[31m+ Received:[39m 
undefined

[36m [2m❯[22m src/__tests__/search.test.ts:[2m207:34[22m[39m
    [90m205| [39m      [35mconst[39m result [33m=[39m [34mbuildSearchQuery[39m([32m"CHIEFS 2020-2024"[39m)[33m;[39m
    [90m206| [39m      [34mexpect[39m(result[33m.[39mteamNames)[33m.[39m[34mtoContain[39m([32m"Kansas City Chiefs"[39m)[33m;[39m
    [90m207| [39m      [34mexpect[39m(result[33m.[39mseasonStart)[33m.[39m[34mtoBe[39m([34m2020[39m)[33m;[39m
    [90m   | [39m                                 [31m^[39m
    [90m208| [39m    })[33m;[39m
    [90m209| [39m  })[33m;[39m

[31m[2m⎯⎯⎯⎯⎯⎯⎯⎯⎯⎯⎯⎯⎯⎯⎯⎯⎯⎯⎯⎯⎯⎯[31/31]⎯[22m[39m


[2m Test Files [22m [1m[31m5 failed[39m[22m[2m | [22m[1m[32m36 passed[39m[22m[90m (41)[39m
[2m      Tests [22m [1m[31m30 failed[39m[22m[2m | [22m[1m[32m681 passed[39m[22m[90m (711)[39m
[2m   Start at [22m 07:44:04
[2m   Duration [22m 5.99s[2m (transform 619ms, setup 921ms, import 1.86s, tests 6.18s, environment 6.41s)[22m

